Component: ARM Compiler 5.06 update 6 (build 750) Tool: armlink [4d35ed]

==============================================================================

Section Cross References

    main.o(.text) refers to lcd.o(.text) for LCD_Scan_Dir
    main.o(.text) refers to stm32f10x_exti.o(.text) for EXTI_ClearITPendingBit
    main.o(.text) refers to delay.o(.text) for delay_init
    main.o(.text) refers to sys.o(.text) for NVIC_Configuration
    main.o(.text) refers to usart.o(.text) for uart_init
    main.o(.text) refers to malloc.o(.text) for mem_init
    main.o(.text) refers to text.o(.text) for Show_Str
    main.o(.text) refers to ov7670.o(.text) for OV7670_Init
    main.o(.text) refers to exti.o(.text) for EXTI8_Init
    main.o(.text) refers to exti.o(.data) for ov_sta
    main.o(.text) refers to timer.o(.data) for ov_frame
    main.o(.text) refers to lcd.o(.bss) for lcddev
    main.o(.text) refers to usmart_config.o(.data) for usmart_dev
    main.o(.text) refers to lcd.o(.data) for POINT_COLOR
    system_stm32f10x.o(.text) refers to system_stm32f10x.o(.data) for SystemCoreClock
    lcd.o(.text) refers to _printf_percent.o(.ARM.Collect$$_printf_percent$$00000000) for _printf_percent
    lcd.o(.text) refers to _printf_x.o(.ARM.Collect$$_printf_percent$$0000000C) for _printf_x
    lcd.o(.text) refers to _printf_hex_int.o(.text) for _printf_longlong_hex
    lcd.o(.text) refers to delay.o(.text) for delay_us
    lcd.o(.text) refers to lcd.o(.bss) for lcddev
    lcd.o(.text) refers to lcd.o(.data) for POINT_COLOR
    lcd.o(.text) refers to dflt_clz.o(x$fpl$dfltu) for __aeabi_ui2d
    lcd.o(.text) refers to dmul.o(x$fpl$dmul) for __aeabi_dmul
    lcd.o(.text) refers to dfixu.o(x$fpl$dfixu) for __aeabi_d2uiz
    lcd.o(.text) refers to stm32f10x_rcc.o(.text) for RCC_AHBPeriphClockCmd
    lcd.o(.text) refers to stm32f10x_gpio.o(.text) for GPIO_Init
    lcd.o(.text) refers to stm32f10x_fsmc.o(.text) for FSMC_NORSRAMInit
    lcd.o(.text) refers to noretval__2printf.o(.text) for __2printf
    lcd.o(.text) refers to lcd.o(.constdata) for asc2_1206
    exti.o(.text) refers to stm32f10x_exti.o(.text) for EXTI_GetITStatus
    exti.o(.text) refers to stm32f10x_gpio.o(.text) for GPIO_EXTILineConfig
    exti.o(.text) refers to misc.o(.text) for NVIC_Init
    exti.o(.text) refers to exti.o(.data) for ov_sta
    timer.o(.text) refers to _printf_percent.o(.ARM.Collect$$_printf_percent$$00000000) for _printf_percent
    timer.o(.text) refers to _printf_d.o(.ARM.Collect$$_printf_percent$$00000009) for _printf_d
    timer.o(.text) refers to _printf_dec.o(.text) for _printf_int_dec
    timer.o(.text) refers to stm32f10x_rcc.o(.text) for RCC_APB1PeriphClockCmd
    timer.o(.text) refers to stm32f10x_tim.o(.text) for TIM_TimeBaseInit
    timer.o(.text) refers to misc.o(.text) for NVIC_Init
    timer.o(.text) refers to stm32f10x_gpio.o(.text) for GPIO_PinRemapConfig
    timer.o(.text) refers to noretval__2printf.o(.text) for __2printf
    timer.o(.text) refers to timer.o(.bss) for TIM5_ICInitStructure
    timer.o(.text) refers to timer.o(.data) for TIM5CH1_CAPTURE_STA
    sram.o(.text) refers to stm32f10x_rcc.o(.text) for RCC_APB2PeriphClockCmd
    sram.o(.text) refers to stm32f10x_gpio.o(.text) for GPIO_Init
    sram.o(.text) refers to stm32f10x_fsmc.o(.text) for FSMC_NORSRAMInit
    ov7670.o(.text) refers to stm32f10x_rcc.o(.text) for RCC_APB2PeriphClockCmd
    ov7670.o(.text) refers to stm32f10x_gpio.o(.text) for GPIO_Init
    ov7670.o(.text) refers to sccb.o(.text) for SCCB_Init
    ov7670.o(.text) refers to delay.o(.text) for delay_ms
    ov7670.o(.text) refers to ov7670.o(.constdata) for ov7670_init_reg_tbl
    sccb.o(.text) refers to stm32f10x_rcc.o(.text) for RCC_APB2PeriphClockCmd
    sccb.o(.text) refers to stm32f10x_gpio.o(.text) for GPIO_Init
    sccb.o(.text) refers to delay.o(.text) for delay_us
    delay.o(.text) refers to misc.o(.text) for SysTick_CLKSourceConfig
    delay.o(.text) refers to system_stm32f10x.o(.data) for SystemCoreClock
    delay.o(.text) refers to delay.o(.data) for fac_us
    sys.o(.text) refers to misc.o(.text) for NVIC_PriorityGroupConfig
    usart.o(.text) refers (Special) to use_no_semi_2.o(.text) for __use_no_semihosting
    usart.o(.text) refers to stm32f10x_rcc.o(.text) for RCC_APB2PeriphClockCmd
    usart.o(.text) refers to stm32f10x_gpio.o(.text) for GPIO_Init
    usart.o(.text) refers to misc.o(.text) for NVIC_Init
    usart.o(.text) refers to stm32f10x_usart.o(.text) for USART_Init
    usart.o(.text) refers to usart.o(.data) for USART_RX_STA
    usart.o(.text) refers to usart.o(.bss) for USART_RX_BUF
    usart.o(.bss) refers (Special) to use_no_semi_2.o(.text) for __use_no_semihosting
    usart.o(.data) refers (Special) to use_no_semi_2.o(.text) for __use_no_semihosting
    startup_stm32f10x_hd.o(STACK) refers (Special) to heapauxi.o(.text) for __use_two_region_memory
    startup_stm32f10x_hd.o(HEAP) refers (Special) to heapauxi.o(.text) for __use_two_region_memory
[...]
    ..\CORE\core_cm3.c                       0x00000000   Number         0  core_cm3.o ABSOLUTE
    ..\CORE\startup_stm32f10x_hd.s           0x00000000   Number         0  startup_stm32f10x_hd.o ABSOLUTE
    ..\HARDWARE\EXTI\exti.c                  0x00000000   Number         0  exti.o ABSOLUTE
    ..\HARDWARE\LCD\lcd.c                    0x00000000   Number         0  lcd.o ABSOLUTE
    ..\HARDWARE\OV7670\ov7670.c              0x00000000   Number         0  ov7670.o ABSOLUTE
    ..\HARDWARE\OV7670\sccb.c                0x00000000   Number         0  sccb.o ABSOLUTE
    ..\HARDWARE\SRAM\sram.c                  0x00000000   Number         0  sram.o ABSOLUTE
    ..\HARDWARE\TIMER\timer.c                0x00000000   Number         0  timer.o ABSOLUTE
    ..\MALLOC\malloc.c                       0x00000000   Number         0  malloc.o ABSOLUTE
    ..\STM32F10x_FWLib\src\misc.c            0x00000000   Number         0  misc.o ABSOLUTE
    ..\STM32F10x_FWLib\src\stm32f10x_exti.c  0x00000000   Number         0  stm32f10x_exti.o ABSOLUTE
    ..\STM32F10x_FWLib\src\stm32f10x_fsmc.c  0x00000000   Number         0  stm32f10x_fsmc.o ABSOLUTE
    ..\STM32F10x_FWLib\src\stm32f10x_gpio.c  0x00000000   Number         0  stm32f10x_gpio.o ABSOLUTE
    ..\STM32F10x_FWLib\src\stm32f10x_rcc.c   0x00000000   Number         0  stm32f10x_rcc.o ABSOLUTE
    ..\STM32F10x_FWLib\src\stm32f10x_spi.c   0x00000000   Number         0  stm32f10x_spi.o ABSOLUTE
    ..\STM32F10x_FWLib\src\stm32f10x_tim.c   0x00000000   Number         0  stm32f10x_tim.o ABSOLUTE
    ..\STM32F10x_FWLib\src\stm32f10x_usart.c 0x00000000   Number         0  stm32f10x_usart.o ABSOLUTE
    ..\SYSTEM\delay\delay.c                  0x00000000   Number         0  delay.o ABSOLUTE
    ..\SYSTEM\sys\sys.c                      0x00000000   Number         0  sys.o ABSOLUTE
    ..\SYSTEM\usart\usart.c                  0x00000000   Number         0  usart.o ABSOLUTE
    ..\TEXT\text.c                           0x00000000   Number         0  text.o ABSOLUTE
    ..\USMART\usmart.c                       0x00000000   Number         0  usmart.o ABSOLUTE
    ..\USMART\usmart_config.c                0x00000000   Number         0  usmart_config.o ABSOLUTE
    ..\USMART\usmart_str.c                   0x00000000   Number         0  usmart_str.o ABSOLUTE
    ..\\CORE\\core_cm3.c                     0x00000000   Number         0  core_cm3.o ABSOLUTE
    dc.s                                     0x00000000   Number         0  dc.o ABSOLUTE
    main.c                                   0x00000000   Number         0  main.o ABSOLUTE
    stm32f10x_it.c                           0x00000000   Number         0  stm32f10x_it.o ABSOLUTE
    system_stm32f10x.c                       0x00000000   Number         0  system_stm32f10x.o ABSOLUTE
    RESET                                    0x08000000   Section      304  startup_stm32f10x_hd.o(RESET)
    !!!main                                  0x08000130   Section        8  __main.o(!!!main)
    !!!scatter                               0x08000138   Section       52  __scatter.o(!!!scatter)
    !!dczerorl2                              0x0800016c   Section       90  __dczerorl2.o(!!dczerorl2)
    !!handler_zi                             0x080001c8   Section       28  __scatter_zi.o(!!handler_zi)
    .ARM.Collect$$_printf_percent$$00000000  0x080001e4   Section        0  _printf_percent.o(.ARM.Collect$$_printf_percent$$00000000)
    .ARM.Collect$$_printf_percent$$00000009  0x080001e4   Section        6  _printf_d.o(.ARM.Collect$$_printf_percent$$00000009)
    .ARM.Collect$$_printf_percent$$0000000A  0x080001ea   Section        6  _printf_u.o(.ARM.Collect$$_printf_percent$$0000000A)
    .ARM.Collect$$_printf_percent$$0000000C  0x080001f0   Section        6  _printf_x.o(.ARM.Collect$$_printf_percent$$0000000C)
    .ARM.Collect$$_printf_percent$$00000013  0x080001f6   Section        6  _printf_c.o(.ARM.Collect$$_printf_percent$$00000013)
    .ARM.Collect$$_printf_percent$$00000014  0x080001fc   Section        6  _printf_s.o(.ARM.Collect$$_printf_percent$$00000014)
    .ARM.Collect$$_printf_percent$$00000017  0x08000202   Section        4  _printf_percent_end.o(.ARM.Collect$$_printf_percent$$00000017)
    .ARM.Collect$$libinit$$00000000          0x08000206   Section        2  libinit.o(.ARM.Collect$$libinit$$00000000)
    .ARM.Collect$$libinit$$00000002          0x08000208   Section        0  libinit2.o(.ARM.Collect$$libinit$$00000002)
    .ARM.Collect$$libinit$$00000004          0x08000208   Section        0  libinit2.o(.ARM.Collect$$libinit$$00000004)
    .ARM.Collect$$libinit$$0000000A          0x08000208   Section        0  libinit2.o(.ARM.Collect$$libinit$$0000000A)
    .ARM.Collect$$libinit$$0000000C          0x08000208   Section        0  libinit2.o(.ARM.Collect$$libinit$$0000000C)
    .ARM.Collect$$libinit$$0000000E          0x08000208   Section        0  libinit2.o(.ARM.Collect$$libinit$$0000000E)
    .ARM.Collect$$libinit$$00000011          0x08000208   Section        0  libinit2.o(.ARM.Collect$$libinit$$00000011)
    .ARM.Collect$$libinit$$00000013          0x08000208   Section        0  libinit2.o(.ARM.Collect$$libinit$$00000013)
    .ARM.Collect$$libinit$$00000015          0x08000208   Section        0  libinit2.o(.ARM.Collect$$libinit$$00000015)
    .ARM.Collect$$libinit$$00000017          0x08000208   Section        0  libinit2.o(.ARM.Collect$$libinit$$00000017)
    .ARM.Collect$$libinit$$00000019          0x08000208   Section        0  libinit2.o(.ARM.Collect$$libinit$$00000019)
    .ARM.Collect$$libinit$$0000001B          0x08000208   Section        0  libinit2.o(.ARM.Collect$$libinit$$0000001B)
    .ARM.Collect$$libinit$$0000001D          0x08000208   Section        0  libinit2.o(.ARM.Collect$$libinit$$0000001D)
    .ARM.Collect$$libinit$$0000001F          0x08000208   Section        0  libinit2.o(.ARM.Collect$$libinit$$0000001F)
    .ARM.Collect$$libinit$$00000021          0x08000208   Section        0  libinit2.o(.ARM.Collect$$libinit$$00000021)
    .ARM.Collect$$libinit$$00000023          0x08000208   Section        0  libinit2.o(.ARM.Collect$$libinit$$00000023)
    .ARM.Collect$$libinit$$00000025          0x08000208   Section        0  libinit2.o(.ARM.Collect$$libinit$$00000025)
    .ARM.Collect$$libinit$$0000002C          0x08000208   Section        0  libinit2.o(.ARM.Collect$$libinit$$0000002C)
    .ARM.Collect$$libinit$$0000002E          0x08000208   Section        0  libinit2.o(.ARM.Collect$$libinit$$0000002E)
    .ARM.Collect$$libinit$$00000030          0x08000208   Section        0  libinit2.o(.ARM.Collect$$libinit$$00000030)
    .ARM.Collect$$libinit$$00000032          0x08000208   Section        0  libinit2.o(.ARM.Collect$$libinit$$00000032)
    .ARM.Collect$$libinit$$00000033          0x08000208   Section        2  libinit2.o(.ARM.Collect$$libinit$$00000033)
    .ARM.Collect$$libshutdown$$00000000      0x0800020a   Section        2  libshutdown.o(.ARM.Collect$$libshutdown$$00000000)
    .ARM.Collect$$libshutdown$$00000002      0x0800020c   Section        0  libshutdown2.o(.ARM.Collect$$libshutdown$$00000002)
    .ARM.Collect$$libshutdown$$00000004      0x0800020c   Section        0  libshutdown2.o(.ARM.Collect$$libshutdown$$00000004)
    .ARM.Collect$$libshutdown$$00000007      0x0800020c   Section        0  libshutdown2.o(.ARM.Collect$$libshutdown$$00000007)
    .ARM.Collect$$libshutdown$$0000000A      0x0800020c   Section        0  libshutdown2.o(.ARM.Collect$$libshutdown$$0000000A)
    .ARM.Collect$$libshutdown$$0000000C      0x0800020c   Section        0  libshutdown2.o(.ARM.Collect$$libshutdown$$0000000C)
    .ARM.Collect$$libshutdown$$0000000F      0x0800020c   Section        0  libshutdown2.o(.ARM.Collect$$libshutdown$$0000000F)
    .ARM.Collect$$libshutdown$$00000010      0x0800020c   Section        2  libshutdown2.o(.ARM.Collect$$libshutdown$$00000010)
    .ARM.Collect$$rtentry$$00000000          0x0800020e   Section        0  __rtentry.o(.ARM.Collect$$rtentry$$00000000)
    .ARM.Collect$$rtentry$$00000002          0x0800020e   Section        0  __rtentry2.o(.ARM.Collect$$rtentry$$00000002)
    .ARM.Collect$$rtentry$$00000004          0x0800020e   Section        6  __rtentry4.o(.ARM.Collect$$rtentry$$00000004)
    .ARM.Collect$$rtentry$$00000009          0x08000214   Section        0  __rtentry2.o(.ARM.Collect$$rtentry$$00000009)
    .ARM.Collect$$rtentry$$0000000A          0x08000214   Section        4  __rtentry2.o(.ARM.Collect$$rtentry$$0000000A)
    .ARM.Collect$$rtentry$$0000000C          0x08000218   Section        0  __rtentry2.o(.ARM.Collect$$rtentry$$0000000C)
    .ARM.Collect$$rtentry$$0000000D          0x08000218   Section        8  __rtentry2.o(.ARM.Collect$$rtentry$$0000000D)
    .ARM.Collect$$rtexit$$00000000           0x08000220   Section        2  rtexit.o(.ARM.Collect$$rtexit$$00000000)
    .ARM.Collect$$rtexit$$00000002           0x08000222   Section        0  rtexit2.o(.ARM.Collect$$rtexit$$00000002)
    .ARM.Collect$$rtexit$$00000003           0x08000222   Section        4  rtexit2.o(.ARM.Collect$$rtexit$$00000003)
    .ARM.Collect$$rtexit$$00000004           0x08000226   Section        6  rtexit2.o(.ARM.Collect$$rtexit$$00000004)
    .text                                    0x0800022c   Section        0  main.o(.text)
    .text                                    0x080004d4   Section        0  stm32f10x_it.o(.text)
    .text                                    0x080004f0   Section        0  system_stm32f10x.o(.text)
    SetSysClockTo72                          0x080004f1   Thumb Code   214  system_stm32f10x.o(.text)
    SetSysClock                              0x080005c7   Thumb Code     8  system_stm32f10x.o(.text)
    .text                                    0x080006d0   Section        0  lcd.o(.text)
    .text                                    0x08005464   Section        0  exti.o(.text)
    .text                                    0x08005510   Section        0  timer.o(.text)
    .text                                    0x080058a0   Section        0  ov7670.o(.text)
    .text                                    0x08005be8   Section        0  sccb.o(.text)
    .text                                    0x08005e7c   Section        0  delay.o(.text)
    .text                                    0x08005f50   Section        0  sys.o(.text)
    .text                                    0x08005f5c   Section        0  usart.o(.text)
    .text                                    0x0800609c   Section       64  startup_stm32f10x_hd.o(.text)
    .text                                    0x080060dc   Section        0  misc.o(.text)
    .text                                    0x080061b8   Section        0  stm32f10x_fsmc.o(.text)
    .text                                    0x080067c4   Section        0  stm32f10x_gpio.o(.text)
    .text                                    0x08006b20   Section        0  stm32f10x_rcc.o(.text)
    .text                                    0x08006ec4   Section        0  stm32f10x_tim.o(.text)
    TI4_Config                               0x0800736b   Thumb Code   130  stm32f10x_tim.o(.text)
    TI3_Config                               0x080073ff   Thumb Code   122  stm32f10x_tim.o(.text)
    TI2_Config                               0x08007493   Thumb Code   130  stm32f10x_tim.o(.text)
    TI1_Config                               0x08007527   Thumb Code   108  stm32f10x_tim.o(.text)
    .text                                    0x08007ce0   Section        0  stm32f10x_usart.o(.text)
    .text                                    0x080080e8   Section        0  stm32f10x_exti.o(.text)
    .text                                    0x08008204   Section        0  malloc.o(.text)
    .text                                    0x08008438   Section        0  usmart.o(.text)
    .text                                    0x0800906c   Section        0  usmart_str.o(.text)
    .text                                    0x08009594   Section        0  text.o(.text)
    .text                                    0x080096ac   Section        2  use_no_semi_2.o(.text)
    .text                                    0x080096b0   Section        0  noretval__2printf.o(.text)
    .text                                    0x080096c8   Section        0  _printf_pad.o(.text)
    .text                                    0x08009716   Section        0  _printf_str.o(.text)
    .text                                    0x08009768   Section        0  _printf_dec.o(.text)
    .text                                    0x080097e0   Section        0  _printf_hex_int.o(.text)
    .text                                    0x08009838   Section        0  __printf_flags_ss_wp.o(.text)
    .text                                    0x080099c0   Section        0  strlen.o(.text)
    .text                                    0x080099fe   Section        0  heapauxi.o(.text)
    .text                                    0x08009a04   Section        2  use_no_semi.o(.text)
    .text                                    0x08009a06   Section        0  _printf_intcommon.o(.text)
    .text                                    0x08009ab8   Section        0  _printf_char.o(.text)
    .text                                    0x08009ae4   Section        0  _printf_char_file.o(.text)
    .text                                    0x08009b08   Section        0  _printf_char_common.o(.text)
    _printf_input_char                       0x08009b09   Thumb Code    10  _printf_char_common.o(.text)
    .text                                    0x08009b38   Section        0  ferror.o(.text)
    .text                                    0x08009b40   Section       74  sys_stackheap_outer.o(.text)
    .text                                    0x08009b8a   Section        0  exit.o(.text)
    .text                                    0x08009b9c   Section        8  libspace.o(.text)
    i._is_digit                              0x08009ba4   Section        0  __printf_wp.o(i._is_digit)
    x$fpl$dfixu                              0x08009bb4   Section       90  dfixu.o(x$fpl$dfixu)
    x$fpl$dfltu                              0x08009c0e   Section       38  dflt_clz.o(x$fpl$dfltu)
    x$fpl$dmul                               0x08009c34   Section      340  dmul.o(x$fpl$dmul)
    x$fpl$dnaninf                            0x08009d88   Section      156  dnaninf.o(x$fpl$dnaninf)
    x$fpl$dretinf                            0x08009e24   Section       12  dretinf.o(x$fpl$dretinf)
    .constdata                               0x08009e30   Section     6080  lcd.o(.constdata)
    x$fpl$usenofp                            0x08009e30   Section        0  usenofp.o(x$fpl$usenofp)
    .constdata                               0x0800b5f0   Section      342  ov7670.o(.constdata)
    .constdata                               0x0800b748   Section       24  malloc.o(.constdata)
    .constdata                               0x0800b760   Section       40  _printf_hex_int.o(.constdata)
    uc_hextab                                0x0800b760   Data          20  _printf_hex_int.o(.constdata)
    lc_hextab                                0x0800b774   Data          20  _printf_hex_int.o(.constdata)
    .constdata                               0x0800b788   Section       17  __printf_flags_ss_wp.o(.constdata)
    maptable                                 0x0800b788   Data          17  __printf_flags_ss_wp.o(.constdata)
    .conststring                             0x0800b79c   Section       40  usmart.o(.conststring)
    .conststring                             0x0800b7c4   Section      503  usmart_config.o(.conststring)
    .data                                    0x20000000   Section       20  system_stm32f10x.o(.data)
    .data                                    0x20000014   Section        4  lcd.o(.data)
    .data                                    0x20000018   Section        1  exti.o(.data)
    .data                                    0x2000001a   Section        5  timer.o(.data)
    .data                                    0x20000020   Section        4  delay.o(.data)
    fac_us                                   0x20000020   Data           1  delay.o(.data)
    fac_ms                                   0x20000022   Data           2  delay.o(.data)
    .data                                    0x20000024   Section        6  usart.o(.data)
    .data                                    0x2000002a   Section       20  stm32f10x_rcc.o(.data)
    APBAHBPrescTable                         0x2000002a   Data          16  stm32f10x_rcc.o(.data)
    ADCPrescTable                            0x2000003a   Data           4  stm32f10x_rcc.o(.data)
    .data                                    0x20000040   Section       28  malloc.o(.data)
    .data                                    0x2000005c   Section       28  usmart.o(.data)
    .data                                    0x20000078   Section      332  usmart_config.o(.data)
    .bss                                     0x200001c4   Section       14  lcd.o(.bss)
    .bss                                     0x200001d2   Section       10  timer.o(.bss)
    .bss                                     0x200001dc   Section      200  usart.o(.bss)
    .bss                                     0x200002a4   Section    43520  malloc.o(.bss)
    .bss                                     0x2000aca4   Section       96  libspace.o(.bss)
    HEAP                                     0x2000ad08   Section      512  startup_stm32f10x_hd.o(HEAP)
    Heap_Mem                                 0x2000ad08   Data         512  startup_stm32f10x_hd.o(HEAP)
    STACK                                    0x2000af08   Section     1024  startup_stm32f10x_hd.o(STACK)
    Stack_Mem                                0x2000af08   Data        1024  startup_stm32f10x_hd.o(STACK)
    __initial_sp                             0x2000b308   Data           0  startup_stm32f10x_hd.o(STACK)
    .ARM.__AT_0x68000000                     0x68000000   Section    196608  malloc.o(.ARM.__AT_0x68000000)
    .ARM.__AT_0x68030000                     0x68030000   Section    12288  malloc.o(.ARM.__AT_0x68030000)

    Global Symbols

    Symbol Name                              Value     Ov Type        Size  Object(Section)

    BuildAttributes$$THM_ISAv4$P$D$K$B$S$PE$A:L22UL41UL21$X:L11$S22US41US21$IEEE1$IW$USESV6$~STKCKD$USESV7$~SHL$OSPACE$ROPI$EBA8$UX$STANDARDLIB$REQ8$PRES8$EABIv2 0x00000000   Number         0  anon$$obj.o ABSOLUTE
    __ARM_use_no_argv                        0x00000000   Number         0  main.o ABSOLUTE
    _printf_flags                            0x00000000   Number         0  printf_stubs.o ABSOLUTE
    _printf_return_value                     0x00000000   Number         0  printf_stubs.o ABSOLUTE
    _printf_sizespec                         0x00000000   Number         0  printf_stubs.o ABSOLUTE
    _printf_widthprec                        0x00000000   Number         0  printf_stubs.o ABSOLUTE
    __ARM_exceptions_init                     - Undefined Weak Reference
    __alloca_initialize                       - Undefined Weak Reference
    __arm_preinit_                            - Undefined Weak Reference
    __cpp_initialize__aeabi_                  - Undefined Weak Reference
    __cxa_finalize                            - Undefined Weak Reference
    __rt_locale                               - Undefined Weak Reference
    __sigvec_lookup                           - Undefined Weak Reference
    _atexit_init                              - Undefined Weak Reference
    _call_atexit_fns                          - Undefined Weak Reference
    _clock_init                               - Undefined Weak Reference
    _fp_trap_init                             - Undefined Weak Reference
    _fp_trap_shutdown                         - Undefined Weak Reference
    _get_lc_collate                           - Undefined Weak Reference
    _get_lc_ctype                             - Undefined Weak Reference
    _get_lc_monetary                          - Undefined Weak Reference
    _get_lc_numeric                           - Undefined Weak Reference
    _get_lc_time                              - Undefined Weak Reference
    _getenv_init                              - Undefined Weak Reference
    _handle_redirection                       - Undefined Weak Reference
    _init_alloc                               - Undefined Weak Reference
    _init_user_alloc                          - Undefined Weak Reference
    _initio                                   - Undefined Weak Reference
    _mutex_acquire                            - Undefined Weak Reference
    _mutex_release                            - Undefined Weak Reference
    _printf_mbtowc                            - Undefined Weak Reference
    _printf_truncate_signed                   - Undefined Weak Reference
    _printf_truncate_unsigned                 - Undefined Weak Reference
    _rand_init                                - Undefined Weak Reference
    _signal_finish                            - Undefined Weak Reference
    _signal_init                              - Undefined Weak Reference
    _terminate_alloc                          - Undefined Weak Reference
    _terminate_user_alloc                     - Undefined Weak Reference
    _terminateio                              - Undefined Weak Reference
    __Vectors_Size                           0x00000130   Number         0  startup_stm32f10x_hd.o ABSOLUTE
    __Vectors                                0x08000000   Data           4  startup_stm32f10x_hd.o(RESET)
    __Vectors_End                            0x08000130   Data           0  startup_stm32f10x_hd.o(RESET)
    __main                                   0x08000131   Thumb Code     8  __main.o(!!!main)
    __scatterload                            0x08000139   Thumb Code     0  __scatter.o(!!!scatter)
    __scatterload_rt2                        0x08000139   Thumb Code    44  __scatter.o(!!!scatter)
    __scatterload_rt2_thumb_only             0x08000139   Thumb Code     0  __scatter.o(!!!scatter)
    __scatterload_null                       0x08000147   Thumb Code     0  __scatter.o(!!!scatter)
    __decompress                             0x0800016d   Thumb Code    90  __dczerorl2.o(!!dczerorl2)
    __decompress1                            0x0800016d   Thumb Code     0  __dczerorl2.o(!!dczerorl2)
    __scatterload_zeroinit                   0x080001c9   Thumb Code    28  __scatter_zi.o(!!handler_zi)
    _printf_d                                0x080001e5   Thumb Code     0  _printf_d.o(.ARM.Collect$$_printf_percent$$00000009)
    _printf_percent                          0x080001e5   Thumb Code     0  _printf_percent.o(.ARM.Collect$$_printf_percent$$00000000)
    _printf_u                                0x080001eb   Thumb Code     0  _printf_u.o(.ARM.Collect$$_printf_percent$$0000000A)
    _printf_x                                0x080001f1   Thumb Code     0  _printf_x.o(.ARM.Collect$$_printf_percent$$0000000C)
    _printf_c                                0x080001f7   Thumb Code     0  _printf_c.o(.ARM.Collect$$_printf_percent$$00000013)
    _printf_s                                0x080001fd   Thumb Code     0  _printf_s.o(.ARM.Collect$$_printf_percent$$00000014)
    _printf_percent_end                      0x08000203   Thumb Code     0  _printf_percent_end.o(.ARM.Collect$$_printf_percent$$00000017)
    __rt_lib_init                            0x08000207   Thumb Code     0  libinit.o(.ARM.Collect$$libinit$$00000000)
    __rt_lib_init_alloca_1                   0x08000209   Thumb Code     0  libinit2.o(.ARM.Collect$$libinit$$0000002E)
    __rt_lib_init_argv_1                     0x08000209   Thumb Code     0  libinit2.o(.ARM.Collect$$libinit$$0000002C)
    __rt_lib_init_atexit_1                   0x08000209   Thumb Code     0  libinit2.o(.ARM.Collect$$libinit$$0000001B)
    __rt_lib_init_clock_1                    0x08000209   Thumb Code     0  libinit2.o(.ARM.Collect$$libinit$$00000021)
    __rt_lib_init_cpp_1                      0x08000209   Thumb Code     0  libinit2.o(.ARM.Collect$$libinit$$00000032)
    __rt_lib_init_exceptions_1               0x08000209   Thumb Code     0  libinit2.o(.ARM.Collect$$libinit$$00000030)
    __rt_lib_init_fp_1                       0x08000209   Thumb Code     0  libinit2.o(.ARM.Collect$$libinit$$00000002)
    __rt_lib_init_fp_trap_1                  0x08000209   Thumb Code     0  libinit2.o(.ARM.Collect$$libinit$$0000001F)
    __rt_lib_init_getenv_1                   0x08000209   Thumb Code     0  libinit2.o(.ARM.Collect$$libinit$$00000023)
    __rt_lib_init_heap_1                     0x08000209   Thumb Code     0  libinit2.o(.ARM.Collect$$libinit$$0000000A)
    __rt_lib_init_lc_collate_1               0x08000209   Thumb Code     0  libinit2.o(.ARM.Collect$$libinit$$00000011)
    __rt_lib_init_lc_ctype_1                 0x08000209   Thumb Code     0  libinit2.o(.ARM.Collect$$libinit$$00000013)
    __rt_lib_init_lc_monetary_1              0x08000209   Thumb Code     0  libinit2.o(.ARM.Collect$$libinit$$00000015)
    __rt_lib_init_lc_numeric_1               0x08000209   Thumb Code     0  libinit2.o(.ARM.Collect$$libinit$$00000017)
    __rt_lib_init_lc_time_1                  0x08000209   Thumb Code     0  libinit2.o(.ARM.Collect$$libinit$$00000019)
    __rt_lib_init_preinit_1                  0x08000209   Thumb Code     0  libinit2.o(.ARM.Collect$$libinit$$00000004)
    __rt_lib_init_rand_1                     0x08000209   Thumb Code     0  libinit2.o(.ARM.Collect$$libinit$$0000000E)
    __rt_lib_init_return                     0x08000209   Thumb Code     0  libinit2.o(.ARM.Collect$$libinit$$00000033)
    __rt_lib_init_signal_1                   0x08000209   Thumb Code     0  libinit2.o(.ARM.Collect$$libinit$$0000001D)
    __rt_lib_init_stdio_1                    0x08000209   Thumb Code     0  libinit2.o(.ARM.Collect$$libinit$$00000025)
    __rt_lib_init_user_alloc_1               0x08000209   Thumb Code     0  libinit2.o(.ARM.Collect$$libinit$$0000000C)
    __rt_lib_shutdown                        0x0800020b   Thumb Code     0  libshutdown.o(.ARM.Collect$$libshutdown$$00000000)
    __rt_lib_shutdown_cpp_1                  0x0800020d   Thumb Code     0  libshutdown2.o(.ARM.Collect$$libshutdown$$00000002)
    __rt_lib_shutdown_fp_trap_1              0x0800020d   Thumb Code     0  libshutdown2.o(.ARM.Collect$$libshutdown$$00000007)
    __rt_lib_shutdown_heap_1                 0x0800020d   Thumb Code     0  libshutdown2.o(.ARM.Collect$$libshutdown$$0000000F)
    __rt_lib_shutdown_return                 0x0800020d   Thumb Code     0  libshutdown2.o(.ARM.Collect$$libshutdown$$00000010)
    __rt_lib_shutdown_signal_1               0x0800020d   Thumb Code     0  libshutdown2.o(.ARM.Collect$$libshutdown$$0000000A)
    __rt_lib_shutdown_stdio_1                0x0800020d   Thumb Code     0  libshutdown2.o(.ARM.Collect$$libshutdown$$00000004)
    __rt_lib_shutdown_user_alloc_1           0x0800020d   Thumb Code     0  libshutdown2.o(.ARM.Collect$$libshutdown$$0000000C)
    __rt_entry                               0x0800020f   Thumb Code     0  __rtentry.o(.ARM.Collect$$rtentry$$00000000)
    __rt_entry_presh_1                       0x0800020f   Thumb Code     0  __rtentry2.o(.ARM.Collect$$rtentry$$00000002)
    __rt_entry_sh                            0x0800020f   Thumb Code     0  __rtentry4.o(.ARM.Collect$$rtentry$$00000004)
    __rt_entry_li                            0x08000215   Thumb Code     0  __rtentry2.o(.ARM.Collect$$rtentry$$0000000A)
    __rt_entry_postsh_1                      0x08000215   Thumb Code     0  __rtentry2.o(.ARM.Collect$$rtentry$$00000009)
    __rt_entry_main                          0x08000219   Thumb Code     0  __rtentry2.o(.ARM.Collect$$rtentry$$0000000D)
    __rt_entry_postli_1                      0x08000219   Thumb Code     0  __rtentry2.o(.ARM.Collect$$rtentry$$0000000C)
    __rt_exit                                0x08000221   Thumb Code     0  rtexit.o(.ARM.Collect$$rtexit$$00000000)
    __rt_exit_ls                             0x08000223   Thumb Code     0  rtexit2.o(.ARM.Collect$$rtexit$$00000003)
    __rt_exit_prels_1                        0x08000223   Thumb Code     0  rtexit2.o(.ARM.Collect$$rtexit$$00000002)
    __rt_exit_exit                           0x08000227   Thumb Code     0  rtexit2.o(.ARM.Collect$$rtexit$$00000004)
    camera_refresh                           0x0800022d   Thumb Code   158  main.o(.text)
    main                                     0x080002cb   Thumb Code   416  main.o(.text)
    NMI_Handler                              0x080004d5   Thumb Code     2  stm32f10x_it.o(.text)
    HardFault_Handler                        0x080004d7   Thumb Code     4  stm32f10x_it.o(.text)
    MemManage_Handler                        0x080004db   Thumb Code     4  stm32f10x_it.o(.text)
    BusFault_Handler                         0x080004df   Thumb Code     4  stm32f10x_it.o(.text)
    UsageFault_Handler                       0x080004e3   Thumb Code     4  stm32f10x_it.o(.text)
    SVC_Handler                              0x080004e7   Thumb Code     2  stm32f10x_it.o(.text)
    DebugMon_Handler                         0x080004e9   Thumb Code     2  stm32f10x_it.o(.text)
    PendSV_Handler                           0x080004eb   Thumb Code     2  stm32f10x_it.o(.text)
    SysTick_Handler                          0x080004ed   Thumb Code     2  stm32f10x_it.o(.text)
    SystemInit                               0x080005cf   Thumb Code    78  system_stm32f10x.o(.text)
    SystemCoreClockUpdate                    0x0800061d   Thumb Code   142  system_stm32f10x.o(.text)
    LCD_WR_REG                               0x080006d1   Thumb Code     6  lcd.o(.text)
    LCD_WR_DATA                              0x080006d7   Thumb Code     8  lcd.o(.text)
    LCD_RD_DATA                              0x080006df   Thumb Code    16  lcd.o(.text)
    LCD_WriteReg                             0x080006ef   Thumb Code    10  lcd.o(.text)
    LCD_ReadReg                              0x080006f9   Thumb Code    22  lcd.o(.text)
    LCD_WriteRAM_Prepare                     0x0800070f   Thumb Code    10  lcd.o(.text)
    LCD_WriteRAM                             0x08000719   Thumb Code     8  lcd.o(.text)
    LCD_BGR2RGB                              0x08000721   Thumb Code    26  lcd.o(.text)
    opt_delay                                0x0800073b   Thumb Code    14  lcd.o(.text)
    LCD_SetCursor                            0x08000749   Thumb Code   524  lcd.o(.text)
    LCD_ReadPoint                            0x08000955   Thumb Code   406  lcd.o(.text)
    LCD_DisplayOn                            0x08000aeb   Thumb Code   104  lcd.o(.text)
    LCD_DisplayOff                           0x08000b53   Thumb Code   102  lcd.o(.text)
    LCD_Scan_Dir                             0x08000bb9   Thumb Code   756  lcd.o(.text)
    LCD_DrawPoint                            0x08000ead   Thumb Code    40  lcd.o(.text)
    LCD_Fast_DrawPoint                       0x08000ed5   Thumb Code   448  lcd.o(.text)
    LCD_SSD_BackLightSet                     0x08001095   Thumb Code    80  lcd.o(.text)
    LCD_Display_Dir                          0x080010e5   Thumb Code   520  lcd.o(.text)
    LCD_Set_Window                           0x080012ed   Thumb Code   540  lcd.o(.text)
    LCD_Clear                                0x08001509   Thumb Code   100  lcd.o(.text)
    LCD_Init                                 0x0800156d   Thumb Code 14688  lcd.o(.text)
    LCD_Fill                                 0x08004ecd   Thumb Code   178  lcd.o(.text)
    LCD_Color_Fill                           0x08004f7f   Thumb Code   100  lcd.o(.text)
    LCD_DrawLine                             0x08004fe3   Thumb Code   176  lcd.o(.text)
    LCD_DrawRectangle                        0x08005093   Thumb Code    60  lcd.o(.text)
    LCD_Draw_Circle                          0x080050cf   Thumb Code   152  lcd.o(.text)
    LCD_ShowChar                             0x08005167   Thumb Code   272  lcd.o(.text)
    LCD_Pow                                  0x08005277   Thumb Code    22  lcd.o(.text)
    LCD_ShowNum                              0x0800528d   Thumb Code   148  lcd.o(.text)
    LCD_ShowxNum                             0x08005321   Thumb Code   220  lcd.o(.text)
    LCD_ShowString                           0x080053fd   Thumb Code   102  lcd.o(.text)
    EXTI9_5_IRQHandler                       0x08005465   Thumb Code    86  exti.o(.text)
    EXTI8_Init                               0x080054bb   Thumb Code    70  exti.o(.text)
    TIM3_Int_Init                            0x08005511   Thumb Code    90  timer.o(.text)
    TIM3_IRQHandler                          0x0800556b   Thumb Code    22  timer.o(.text)
    TIM3_PWM_Init                            0x08005581   Thumb Code   142  timer.o(.text)
    TIM5_Cap_Init                            0x0800560f   Thumb Code   154  timer.o(.text)
    TIM5_IRQHandler                          0x080056a9   Thumb Code   178  timer.o(.text)
    TIM4_PWM_Init                            0x0800575b   Thumb Code   136  timer.o(.text)
    TIM6_IRQHandler                          0x080057e3   Thumb Code    38  timer.o(.text)
    TIM6_Int_Init                            0x08005809   Thumb Code    90  timer.o(.text)
    OV7670_Init                              0x080058a1   Thumb Code   258  ov7670.o(.text)
    OV7670_Light_Mode                        0x080059a3   Thumb Code    92  ov7670.o(.text)
    OV7670_Color_Saturation                  0x080059ff   Thumb Code   122  ov7670.o(.text)
    OV7670_Brightness                        0x08005a79   Thumb Code    50  ov7670.o(.text)
    OV7670_Contrast                          0x08005aab   Thumb Code    50  ov7670.o(.text)
    OV7670_Special_Effects                   0x08005add   Thumb Code   106  ov7670.o(.text)
    OV7670_Window_Set                        0x08005b47   Thumb Code   138  ov7670.o(.text)
    SCCB_Init                                0x08005be9   Thumb Code    98  sccb.o(.text)
    SCCB_Start                               0x08005c4b   Thumb Code    42  sccb.o(.text)
    SCCB_Stop                                0x08005c75   Thumb Code    42  sccb.o(.text)
    SCCB_No_Ack                              0x08005c9f   Thumb Code    56  sccb.o(.text)
    SCCB_WR_Byte                             0x08005cd7   Thumb Code   158  sccb.o(.text)
    SCCB_RD_Byte                             0x08005d75   Thumb Code   108  sccb.o(.text)
    SCCB_WR_Reg                              0x08005de1   Thumb Code    62  sccb.o(.text)
    SCCB_RD_Reg                              0x08005e1f   Thumb Code    78  sccb.o(.text)
    delay_init                               0x08005e7d   Thumb Code    50  delay.o(.text)
    delay_us                                 0x08005eaf   Thumb Code    72  delay.o(.text)
    delay_ms                                 0x08005ef7   Thumb Code    72  delay.o(.text)
    NVIC_Configuration                       0x08005f51   Thumb Code    12  sys.o(.text)
    _sys_exit                                0x08005f5d   Thumb Code     6  usart.o(.text)
    fputc                                    0x08005f63   Thumb Code    24  usart.o(.text)
    uart_init                                0x08005f7b   Thumb Code   152  usart.o(.text)
    USART1_IRQHandler                        0x08006013   Thumb Code   122  usart.o(.text)
    Reset_Handler                            0x0800609d   Thumb Code     8  startup_stm32f10x_hd.o(.text)
    ADC1_2_IRQHandler                        0x080060b7   Thumb Code     0  startup_stm32f10x_hd.o(.text)
    ADC3_IRQHandler                          0x080060b7   Thumb Code     0  startup_stm32f10x_hd.o(.text)
    CAN1_RX1_IRQHandler                      0x080060b7   Thumb Code     0  startup_stm32f10x_hd.o(.text)
    CAN1_SCE_IRQHandler                      0x080060b7   Thumb Code     0  startup_stm32f10x_hd.o(.text)
    DMA1_Channel1_IRQHandler                 0x080060b7   Thumb Code     0  startup_stm32f10x_hd.o(.text)
    DMA1_Channel2_IRQHandler                 0x080060b7   Thumb Code     0  startup_stm32f10x_hd.o(.text)
    DMA1_Channel3_IRQHandler                 0x080060b7   Thumb Code     0  startup_stm32f10x_hd.o(.text)
    DMA1_Channel4_IRQHandler                 0x080060b7   Thumb Code     0  startup_stm32f10x_hd.o(.text)
    DMA1_Channel5_IRQHandler                 0x080060b7   Thumb Code     0  startup_stm32f10x_hd.o(.text)
    DMA1_Channel6_IRQHandler                 0x080060b7   Thumb Code     0  startup_stm32f10x_hd.o(.text)
    DMA1_Channel7_IRQHandler                 0x080060b7   Thumb Code     0  startup_stm32f10x_hd.o(.text)
    DMA2_Channel1_IRQHandler                 0x080060b7   Thumb Code     0  startup_stm32f10x_hd.o(.text)
    DMA2_Channel2_IRQHandler                 0x080060b7   Thumb Code     0  startup_stm32f10x_hd.o(.text)
    DMA2_Channel3_IRQHandler                 0x080060b7   Thumb Code     0  startup_stm32f10x_hd.o(.text)
    DMA2_Channel4_5_IRQHandler               0x080060b7   Thumb Code     0  startup_stm32f10x_hd.o(.text)
    EXTI0_IRQHandler                         0x080060b7   Thumb Code     0  startup_stm32f10x_hd.o(.text)
    EXTI15_10_IRQHandler                     0x080060b7   Thumb Code     0  startup_stm32f10x_hd.o(.text)
    EXTI1_IRQHandler                         0x080060b7   Thumb Code     0  startup_stm32f10x_hd.o(.text)
    EXTI2_IRQHandler                         0x080060b7   Thumb Code     0  startup_stm32f10x_hd.o(.text)
    EXTI3_IRQHandler                         0x080060b7   Thumb Code     0  startup_stm32f10x_hd.o(.text)
    EXTI4_IRQHandler                         0x080060b7   Thumb Code     0  startup_stm32f10x_hd.o(.text)
    FLASH_IRQHandler                         0x080060b7   Thumb Code     0  startup_stm32f10x_hd.o(.text)
    FSMC_IRQHandler                          0x080060b7   Thumb Code     0  startup_stm32f10x_hd.o(.text)
    I2C1_ER_IRQHandler                       0x080060b7   Thumb Code     0  startup_stm32f10x_hd.o(.text)
    I2C1_EV_IRQHandler                       0x080060b7   Thumb Code     0  startup_stm32f10x_hd.o(.text)
    I2C2_ER_IRQHandler                       0x080060b7   Thumb Code     0  startup_stm32f10x_hd.o(.text)
    I2C2_EV_IRQHandler                       0x080060b7   Thumb Code     0  startup_stm32f10x_hd.o(.text)
    PVD_IRQHandler                           0x080060b7   Thumb Code     0  startup_stm32f10x_hd.o(.text)
    RCC_IRQHandler                           0x080060b7   Thumb Code     0  startup_stm32f10x_hd.o(.text)
    RTCAlarm_IRQHandler                      0x080060b7   Thumb Code     0  startup_stm32f10x_hd.o(.text)
    RTC_IRQHandler                           0x080060b7   Thumb Code     0  startup_stm32f10x_hd.o(.text)
    SDIO_IRQHandler                          0x080060b7   Thumb Code     0  startup_stm32f10x_hd.o(.text)
    SPI1_IRQHandler                          0x080060b7   Thumb Code     0  startup_stm32f10x_hd.o(.text)
    SPI2_IRQHandler                          0x080060b7   Thumb Code     0  startup_stm32f10x_hd.o(.text)
    SPI3_IRQHandler                          0x080060b7   Thumb Code     0  startup_stm32f10x_hd.o(.text)
    TAMPER_IRQHandler                        0x080060b7   Thumb Code     0  startup_stm32f10x_hd.o(.text)
    TIM1_BRK_IRQHandler                      0x080060b7   Thumb Code     0  startup_stm32f10x_hd.o(.text)
    TIM1_CC_IRQHandler                       0x080060b7   Thumb Code     0  startup_stm32f10x_hd.o(.text)
    TIM1_TRG_COM_IRQHandler                  0x080060b7   Thumb Code     0  startup_stm32f10x_hd.o(.text)
    TIM1_UP_IRQHandler                       0x080060b7   Thumb Code     0  startup_stm32f10x_hd.o(.text)
    TIM4_IRQHandler                          0x080060b7   Thumb Code     0  startup_stm32f10x_hd.o(.text)
    TIM7_IRQHandler                          0x080060b7   Thumb Code     0  startup_stm32f10x_hd.o(.text)
    TIM8_BRK_IRQHandler                      0x080060b7   Thumb Code     0  startup_stm32f10x_hd.o(.text)
    TIM8_CC_IRQHandler                       0x080060b7   Thumb Code     0  startup_stm32f10x_hd.o(.text)
    TIM8_TRG_COM_IRQHandler                  0x080060b7   Thumb Code     0  startup_stm32f10x_hd.o(.text)
    TIM8_UP_IRQHandler                       0x080060b7   Thumb Code     0  startup_stm32f10x_hd.o(.text)
    UART4_IRQHandler                         0x080060b7   Thumb Code     0  startup_stm32f10x_hd.o(.text)
    UART5_IRQHandler                         0x080060b7   Thumb Code     0  startup_stm32f10x_hd.o(.text)
    USART2_IRQHandler                        0x080060b7   Thumb Code     0  startup_stm32f10x_hd.o(.text)
    USART3_IRQHandler                        0x080060b7   Thumb Code     0  startup_stm32f10x_hd.o(.text)
    USBWakeUp_IRQHandler                     0x080060b7   Thumb Code     0  startup_stm32f10x_hd.o(.text)
    USB_HP_CAN1_TX_IRQHandler                0x080060b7   Thumb Code     0  startup_stm32f10x_hd.o(.text)
    USB_LP_CAN1_RX0_IRQHandler               0x080060b7   Thumb Code     0  startup_stm32f10x_hd.o(.text)
    WWDG_IRQHandler                          0x080060b7   Thumb Code     0  startup_stm32f10x_hd.o(.text)
    __user_initial_stackheap                 0x080060b9   Thumb Code     0  startup_stm32f10x_hd.o(.text)
    NVIC_PriorityGroupConfig                 0x080060dd   Thumb Code    10  misc.o(.text)
    NVIC_Init                                0x080060e7   Thumb Code   100  misc.o(.text)
    NVIC_SetVectorTable                      0x0800614b   Thumb Code    14  misc.o(.text)
    NVIC_SystemLPConfig                      0x08006159   Thumb Code    34  misc.o(.text)
    SysTick_CLKSourceConfig                  0x0800617b   Thumb Code    40  misc.o(.text)
    FSMC_NORSRAMDeInit                       0x080061b9   Thumb Code    54  stm32f10x_fsmc.o(.text)
    FSMC_NANDDeInit                          0x080061ef   Thumb Code    62  stm32f10x_fsmc.o(.text)
    FSMC_PCCARDDeInit                        0x0800622d   Thumb Code    36  stm32f10x_fsmc.o(.text)
    FSMC_NORSRAMInit                         0x08006251   Thumb Code   230  stm32f10x_fsmc.o(.text)
    FSMC_NANDInit                            0x08006337   Thumb Code   132  stm32f10x_fsmc.o(.text)
    FSMC_PCCARDInit                          0x080063bb   Thumb Code   130  stm32f10x_fsmc.o(.text)
    FSMC_NORSRAMStructInit                   0x0800643d   Thumb Code   114  stm32f10x_fsmc.o(.text)
    FSMC_NANDStructInit                      0x080064af   Thumb Code    54  stm32f10x_fsmc.o(.text)
    FSMC_PCCARDStructInit                    0x080064e5   Thumb Code    60  stm32f10x_fsmc.o(.text)
    FSMC_NORSRAMCmd                          0x08006521   Thumb Code    46  stm32f10x_fsmc.o(.text)
    FSMC_NANDCmd                             0x0800654f   Thumb Code    86  stm32f10x_fsmc.o(.text)
    FSMC_PCCARDCmd                           0x080065a5   Thumb Code    44  stm32f10x_fsmc.o(.text)
    FSMC_NANDECCCmd                          0x080065d1   Thumb Code    90  stm32f10x_fsmc.o(.text)
    FSMC_GetECC                              0x0800662b   Thumb Code    24  stm32f10x_fsmc.o(.text)
    FSMC_ITConfig                            0x08006643   Thumb Code   128  stm32f10x_fsmc.o(.text)
    FSMC_GetFlagStatus                       0x080066c3   Thumb Code    54  stm32f10x_fsmc.o(.text)
    FSMC_ClearFlag                           0x080066f9   Thumb Code    62  stm32f10x_fsmc.o(.text)
    FSMC_GetITStatus                         0x08006737   Thumb Code    64  stm32f10x_fsmc.o(.text)
    FSMC_ClearITPendingBit                   0x08006777   Thumb Code    68  stm32f10x_fsmc.o(.text)
    GPIO_DeInit                              0x080067c5   Thumb Code   172  stm32f10x_gpio.o(.text)
    GPIO_AFIODeInit                          0x08006871   Thumb Code    20  stm32f10x_gpio.o(.text)
    GPIO_Init                                0x08006885   Thumb Code   278  stm32f10x_gpio.o(.text)
    GPIO_StructInit                          0x0800699b   Thumb Code    16  stm32f10x_gpio.o(.text)
    GPIO_ReadInputDataBit                    0x080069ab   Thumb Code    18  stm32f10x_gpio.o(.text)
    GPIO_ReadInputData                       0x080069bd   Thumb Code     8  stm32f10x_gpio.o(.text)
    GPIO_ReadOutputDataBit                   0x080069c5   Thumb Code    18  stm32f10x_gpio.o(.text)
    GPIO_ReadOutputData                      0x080069d7   Thumb Code     8  stm32f10x_gpio.o(.text)
    GPIO_SetBits                             0x080069df   Thumb Code     4  stm32f10x_gpio.o(.text)
    GPIO_ResetBits                           0x080069e3   Thumb Code     4  stm32f10x_gpio.o(.text)
    GPIO_WriteBit                            0x080069e7   Thumb Code    10  stm32f10x_gpio.o(.text)
    GPIO_Write                               0x080069f1   Thumb Code     4  stm32f10x_gpio.o(.text)
    GPIO_PinLockConfig                       0x080069f5   Thumb Code    18  stm32f10x_gpio.o(.text)
    GPIO_EventOutputConfig                   0x08006a07   Thumb Code    26  stm32f10x_gpio.o(.text)
    GPIO_EventOutputCmd                      0x08006a21   Thumb Code     6  stm32f10x_gpio.o(.text)
    GPIO_PinRemapConfig                      0x08006a27   Thumb Code   138  stm32f10x_gpio.o(.text)
    GPIO_EXTILineConfig                      0x08006ab1   Thumb Code    66  stm32f10x_gpio.o(.text)
    GPIO_ETH_MediaInterfaceConfig            0x08006af3   Thumb Code     8  stm32f10x_gpio.o(.text)
    RCC_DeInit                               0x08006b21   Thumb Code    64  stm32f10x_rcc.o(.text)
    RCC_HSEConfig                            0x08006b61   Thumb Code    70  stm32f10x_rcc.o(.text)
    RCC_GetFlagStatus                        0x08006ba7   Thumb Code    56  stm32f10x_rcc.o(.text)
    RCC_WaitForHSEStartUp                    0x08006bdf   Thumb Code    56  stm32f10x_rcc.o(.text)
    RCC_AdjustHSICalibrationValue            0x08006c17   Thumb Code    20  stm32f10x_rcc.o(.text)
    RCC_HSICmd                               0x08006c2b   Thumb Code     6  stm32f10x_rcc.o(.text)
    RCC_PLLConfig                            0x08006c31   Thumb Code    24  stm32f10x_rcc.o(.text)
    RCC_PLLCmd                               0x08006c49   Thumb Code     6  stm32f10x_rcc.o(.text)
    RCC_SYSCLKConfig                         0x08006c4f   Thumb Code    18  stm32f10x_rcc.o(.text)
    RCC_GetSYSCLKSource                      0x08006c61   Thumb Code    10  stm32f10x_rcc.o(.text)
    RCC_HCLKConfig                           0x08006c6b   Thumb Code    18  stm32f10x_rcc.o(.text)
    RCC_PCLK1Config                          0x08006c7d   Thumb Code    18  stm32f10x_rcc.o(.text)
    RCC_PCLK2Config                          0x08006c8f   Thumb Code    20  stm32f10x_rcc.o(.text)
    RCC_ITConfig                             0x08006ca3   Thumb Code    26  stm32f10x_rcc.o(.text)
    RCC_USBCLKConfig                         0x08006cbd   Thumb Code     8  stm32f10x_rcc.o(.text)
    RCC_ADCCLKConfig                         0x08006cc5   Thumb Code    18  stm32f10x_rcc.o(.text)
    RCC_LSEConfig                            0x08006cd7   Thumb Code    50  stm32f10x_rcc.o(.text)
    RCC_LSICmd                               0x08006d09   Thumb Code     6  stm32f10x_rcc.o(.text)
    RCC_RTCCLKConfig                         0x08006d0f   Thumb Code    12  stm32f10x_rcc.o(.text)
    RCC_RTCCLKCmd                            0x08006d1b   Thumb Code     8  stm32f10x_rcc.o(.text)
    RCC_GetClocksFreq                        0x08006d23   Thumb Code   192  stm32f10x_rcc.o(.text)
    RCC_AHBPeriphClockCmd                    0x08006de3   Thumb Code    26  stm32f10x_rcc.o(.text)
    RCC_APB2PeriphClockCmd                   0x08006dfd   Thumb Code    26  stm32f10x_rcc.o(.text)
    RCC_APB1PeriphClockCmd                   0x08006e17   Thumb Code    26  stm32f10x_rcc.o(.text)
    RCC_APB2PeriphResetCmd                   0x08006e31   Thumb Code    26  stm32f10x_rcc.o(.text)
    RCC_APB1PeriphResetCmd                   0x08006e4b   Thumb Code    26  stm32f10x_rcc.o(.text)
    RCC_BackupResetCmd                       0x08006e65   Thumb Code     8  stm32f10x_rcc.o(.text)
    RCC_ClockSecuritySystemCmd               0x08006e6d   Thumb Code     6  stm32f10x_rcc.o(.text)
    RCC_MCOConfig                            0x08006e73   Thumb Code     6  stm32f10x_rcc.o(.text)
    RCC_ClearFlag                            0x08006e79   Thumb Code    14  stm32f10x_rcc.o(.text)
    RCC_GetITStatus                          0x08006e87   Thumb Code    20  stm32f10x_rcc.o(.text)
    RCC_ClearITPendingBit                    0x08006e9b   Thumb Code     6  stm32f10x_rcc.o(.text)
    TIM_DeInit                               0x08006ec5   Thumb Code   424  stm32f10x_tim.o(.text)
    TIM_TimeBaseInit                         0x0800706d   Thumb Code   122  stm32f10x_tim.o(.text)
    TIM_OC1Init                              0x080070e7   Thumb Code   132  stm32f10x_tim.o(.text)
    TIM_OC2Init                              0x0800716b   Thumb Code   154  stm32f10x_tim.o(.text)
    TIM_OC3Init                              0x08007205   Thumb Code   150  stm32f10x_tim.o(.text)
    TIM_OC4Init                              0x0800729b   Thumb Code   182  stm32f10x_tim.o(.text)
    TIM_SetIC4Prescaler                      0x08007351   Thumb Code    26  stm32f10x_tim.o(.text)
    TIM_SetIC3Prescaler                      0x080073ed   Thumb Code    18  stm32f10x_tim.o(.text)
    TIM_SetIC2Prescaler                      0x08007479   Thumb Code    26  stm32f10x_tim.o(.text)
    TIM_SetIC1Prescaler                      0x08007515   Thumb Code    18  stm32f10x_tim.o(.text)
    TIM_ICInit                               0x08007593   Thumb Code   150  stm32f10x_tim.o(.text)
    TIM_PWMIConfig                           0x08007629   Thumb Code   124  stm32f10x_tim.o(.text)
    TIM_BDTRConfig                           0x080076a5   Thumb Code    32  stm32f10x_tim.o(.text)
    TIM_TimeBaseStructInit                   0x080076c5   Thumb Code    18  stm32f10x_tim.o(.text)
    TIM_OCStructInit                         0x080076d7   Thumb Code    20  stm32f10x_tim.o(.text)
    TIM_ICStructInit                         0x080076eb   Thumb Code    18  stm32f10x_tim.o(.text)
    TIM_BDTRStructInit                       0x080076fd   Thumb Code    40  stm32f10x_tim.o(.text)
    TIM_Cmd                                  0x08007725   Thumb Code    24  stm32f10x_tim.o(.text)
    TIM_CtrlPWMOutputs                       0x0800773d   Thumb Code    30  stm32f10x_tim.o(.text)
    TIM_ITConfig                             0x0800775b   Thumb Code    18  stm32f10x_tim.o(.text)
    TIM_GenerateEvent                        0x0800776d   Thumb Code     4  stm32f10x_tim.o(.text)
    TIM_DMAConfig                            0x08007771   Thumb Code    10  stm32f10x_tim.o(.text)
    TIM_DMACmd                               0x0800777b   Thumb Code    18  stm32f10x_tim.o(.text)
    TIM_InternalClockConfig                  0x0800778d   Thumb Code    12  stm32f10x_tim.o(.text)
    TIM_SelectInputTrigger                   0x08007799   Thumb Code    18  stm32f10x_tim.o(.text)
    TIM_ITRxExternalClockConfig              0x080077ab   Thumb Code    24  stm32f10x_tim.o(.text)
    TIM_TIxExternalClockConfig               0x080077c3   Thumb Code    62  stm32f10x_tim.o(.text)
    TIM_ETRConfig                            0x08007801   Thumb Code    28  stm32f10x_tim.o(.text)
    TIM_ETRClockMode1Config                  0x0800781d   Thumb Code    54  stm32f10x_tim.o(.text)
    TIM_ETRClockMode2Config                  0x08007853   Thumb Code    32  stm32f10x_tim.o(.text)
    TIM_PrescalerConfig                      0x08007873   Thumb Code     6  stm32f10x_tim.o(.text)
    TIM_CounterModeConfig                    0x08007879   Thumb Code    18  stm32f10x_tim.o(.text)
    TIM_EncoderInterfaceConfig               0x0800788b   Thumb Code    66  stm32f10x_tim.o(.text)
    TIM_ForcedOC1Config                      0x080078cd   Thumb Code    18  stm32f10x_tim.o(.text)
    TIM_ForcedOC2Config                      0x080078df   Thumb Code    26  stm32f10x_tim.o(.text)
    TIM_ForcedOC3Config                      0x080078f9   Thumb Code    18  stm32f10x_tim.o(.text)
    TIM_ForcedOC4Config                      0x0800790b   Thumb Code    26  stm32f10x_tim.o(.text)
    TIM_ARRPreloadConfig                     0x08007925   Thumb Code    24  stm32f10x_tim.o(.text)
    TIM_SelectCOM                            0x0800793d   Thumb Code    24  stm32f10x_tim.o(.text)
    TIM_SelectCCDMA                          0x08007955   Thumb Code    24  stm32f10x_tim.o(.text)
    TIM_CCPreloadControl                     0x0800796d   Thumb Code    24  stm32f10x_tim.o(.text)
    TIM_OC1PreloadConfig                     0x08007985   Thumb Code    18  stm32f10x_tim.o(.text)
    TIM_OC2PreloadConfig                     0x08007997   Thumb Code    26  stm32f10x_tim.o(.text)
    TIM_OC3PreloadConfig                     0x080079b1   Thumb Code    18  stm32f10x_tim.o(.text)
    TIM_OC4PreloadConfig                     0x080079c3   Thumb Code    26  stm32f10x_tim.o(.text)
    TIM_OC1FastConfig                        0x080079dd   Thumb Code    18  stm32f10x_tim.o(.text)
    TIM_OC2FastConfig                        0x080079ef   Thumb Code    26  stm32f10x_tim.o(.text)
    TIM_OC3FastConfig                        0x08007a09   Thumb Code    18  stm32f10x_tim.o(.text)
    TIM_OC4FastConfig                        0x08007a1b   Thumb Code    26  stm32f10x_tim.o(.text)
    TIM_ClearOC1Ref                          0x08007a35   Thumb Code    18  stm32f10x_tim.o(.text)
    TIM_ClearOC2Ref                          0x08007a47   Thumb Code    24  stm32f10x_tim.o(.text)
    TIM_ClearOC3Ref                          0x08007a5f   Thumb Code    18  stm32f10x_tim.o(.text)
    TIM_ClearOC4Ref                          0x08007a71   Thumb Code    24  stm32f10x_tim.o(.text)
    TIM_OC1PolarityConfig                    0x08007a89   Thumb Code    18  stm32f10x_tim.o(.text)
    TIM_OC1NPolarityConfig                   0x08007a9b   Thumb Code    18  stm32f10x_tim.o(.text)
    TIM_OC2PolarityConfig                    0x08007aad   Thumb Code    26  stm32f10x_tim.o(.text)
    TIM_OC2NPolarityConfig                   0x08007ac7   Thumb Code    26  stm32f10x_tim.o(.text)
    TIM_OC3PolarityConfig                    0x08007ae1   Thumb Code    26  stm32f10x_tim.o(.text)
    TIM_OC3NPolarityConfig                   0x08007afb   Thumb Code    26  stm32f10x_tim.o(.text)
    TIM_OC4PolarityConfig                    0x08007b15   Thumb Code    26  stm32f10x_tim.o(.text)
    TIM_CCxCmd                               0x08007b2f   Thumb Code    30  stm32f10x_tim.o(.text)
    TIM_CCxNCmd                              0x08007b4d   Thumb Code    30  stm32f10x_tim.o(.text)
    TIM_SelectOCxM                           0x08007b6b   Thumb Code    82  stm32f10x_tim.o(.text)
    TIM_UpdateDisableConfig                  0x08007bbd   Thumb Code    24  stm32f10x_tim.o(.text)
    TIM_UpdateRequestConfig                  0x08007bd5   Thumb Code    24  stm32f10x_tim.o(.text)
    TIM_SelectHallSensor                     0x08007bed   Thumb Code    24  stm32f10x_tim.o(.text)
    TIM_SelectOnePulseMode                   0x08007c05   Thumb Code    18  stm32f10x_tim.o(.text)
    TIM_SelectOutputTrigger                  0x08007c17   Thumb Code    18  stm32f10x_tim.o(.text)
    TIM_SelectSlaveMode                      0x08007c29   Thumb Code    18  stm32f10x_tim.o(.text)
    TIM_SelectMasterSlaveMode                0x08007c3b   Thumb Code    18  stm32f10x_tim.o(.text)
    TIM_SetCounter                           0x08007c4d   Thumb Code     4  stm32f10x_tim.o(.text)
    TIM_SetAutoreload                        0x08007c51   Thumb Code     4  stm32f10x_tim.o(.text)
    TIM_SetCompare1                          0x08007c55   Thumb Code     4  stm32f10x_tim.o(.text)
    TIM_SetCompare2                          0x08007c59   Thumb Code     4  stm32f10x_tim.o(.text)
    TIM_SetCompare3                          0x08007c5d   Thumb Code     4  stm32f10x_tim.o(.text)
    TIM_SetCompare4                          0x08007c61   Thumb Code     6  stm32f10x_tim.o(.text)
    TIM_SetClockDivision                     0x08007c67   Thumb Code    18  stm32f10x_tim.o(.text)
    TIM_GetCapture1                          0x08007c79   Thumb Code     6  stm32f10x_tim.o(.text)
    TIM_GetCapture2                          0x08007c7f   Thumb Code     6  stm32f10x_tim.o(.text)
    TIM_GetCapture3                          0x08007c85   Thumb Code     6  stm32f10x_tim.o(.text)
    TIM_GetCapture4                          0x08007c8b   Thumb Code     8  stm32f10x_tim.o(.text)
    TIM_GetCounter                           0x08007c93   Thumb Code     6  stm32f10x_tim.o(.text)
    TIM_GetPrescaler                         0x08007c99   Thumb Code     6  stm32f10x_tim.o(.text)
    TIM_GetFlagStatus                        0x08007c9f   Thumb Code    18  stm32f10x_tim.o(.text)
    TIM_ClearFlag                            0x08007cb1   Thumb Code     6  stm32f10x_tim.o(.text)
    TIM_GetITStatus                          0x08007cb7   Thumb Code    34  stm32f10x_tim.o(.text)
    TIM_ClearITPendingBit                    0x08007cd9   Thumb Code     6  stm32f10x_tim.o(.text)
    USART_DeInit                             0x08007ce1   Thumb Code   134  stm32f10x_usart.o(.text)
    USART_Init                               0x08007d67   Thumb Code   210  stm32f10x_usart.o(.text)
    USART_StructInit                         0x08007e39   Thumb Code    24  stm32f10x_usart.o(.text)
    USART_ClockInit                          0x08007e51   Thumb Code    34  stm32f10x_usart.o(.text)
    USART_ClockStructInit                    0x08007e73   Thumb Code    12  stm32f10x_usart.o(.text)
    USART_Cmd                                0x08007e7f   Thumb Code    24  stm32f10x_usart.o(.text)
    USART_ITConfig                           0x08007e97   Thumb Code    74  stm32f10x_usart.o(.text)
    USART_DMACmd                             0x08007ee1   Thumb Code    18  stm32f10x_usart.o(.text)
    USART_SetAddress                         0x08007ef3   Thumb Code    18  stm32f10x_usart.o(.text)
    USART_WakeUpConfig                       0x08007f05   Thumb Code    18  stm32f10x_usart.o(.text)
    USART_ReceiverWakeUpCmd                  0x08007f17   Thumb Code    24  stm32f10x_usart.o(.text)
    USART_LINBreakDetectLengthConfig         0x08007f2f   Thumb Code    18  stm32f10x_usart.o(.text)
    USART_LINCmd                             0x08007f41   Thumb Code    24  stm32f10x_usart.o(.text)
    USART_SendData                           0x08007f59   Thumb Code     8  stm32f10x_usart.o(.text)
    USART_ReceiveData                        0x08007f61   Thumb Code    10  stm32f10x_usart.o(.text)
    USART_SendBreak                          0x08007f6b   Thumb Code    10  stm32f10x_usart.o(.text)
    USART_SetGuardTime                       0x08007f75   Thumb Code    16  stm32f10x_usart.o(.text)
    USART_SetPrescaler                       0x08007f85   Thumb Code    16  stm32f10x_usart.o(.text)
    USART_SmartCardCmd                       0x08007f95   Thumb Code    24  stm32f10x_usart.o(.text)
    USART_SmartCardNACKCmd                   0x08007fad   Thumb Code    24  stm32f10x_usart.o(.text)
    USART_HalfDuplexCmd                      0x08007fc5   Thumb Code    24  stm32f10x_usart.o(.text)
    USART_OverSampling8Cmd                   0x08007fdd   Thumb Code    22  stm32f10x_usart.o(.text)
    USART_OneBitMethodCmd                    0x08007ff3   Thumb Code    24  stm32f10x_usart.o(.text)
    USART_IrDAConfig                         0x0800800b   Thumb Code    18  stm32f10x_usart.o(.text)
    USART_IrDACmd                            0x0800801d   Thumb Code    24  stm32f10x_usart.o(.text)
    USART_GetFlagStatus                      0x08008035   Thumb Code    26  stm32f10x_usart.o(.text)
    USART_ClearFlag                          0x0800804f   Thumb Code    18  stm32f10x_usart.o(.text)
    USART_GetITStatus                        0x08008061   Thumb Code    84  stm32f10x_usart.o(.text)
    USART_ClearITPendingBit                  0x080080b5   Thumb Code    52  stm32f10x_usart.o(.text)
    EXTI_DeInit                              0x080080e9   Thumb Code    28  stm32f10x_exti.o(.text)
    EXTI_Init                                0x08008105   Thumb Code   142  stm32f10x_exti.o(.text)
    EXTI_StructInit                          0x08008193   Thumb Code    16  stm32f10x_exti.o(.text)
    EXTI_GenerateSWInterrupt                 0x080081a3   Thumb Code    16  stm32f10x_exti.o(.text)
    EXTI_GetFlagStatus                       0x080081b3   Thumb Code    22  stm32f10x_exti.o(.text)
    EXTI_ClearFlag                           0x080081c9   Thumb Code     8  stm32f10x_exti.o(.text)
    EXTI_GetITStatus                         0x080081d1   Thumb Code    34  stm32f10x_exti.o(.text)
    EXTI_ClearITPendingBit                   0x080081f3   Thumb Code     8  stm32f10x_exti.o(.text)
    mymemcpy                                 0x08008205   Thumb Code    26  malloc.o(.text)
    mymemset                                 0x0800821f   Thumb Code    20  malloc.o(.text)
    mem_init                                 0x08008233   Thumb Code    54  malloc.o(.text)
    mem_perused                              0x08008269   Thumb Code    54  malloc.o(.text)
    mem_malloc                               0x0800829f   Thumb Code   162  malloc.o(.text)
    mem_free                                 0x08008341   Thumb Code    94  malloc.o(.text)
    myfree                                   0x0800839f   Thumb Code    32  malloc.o(.text)
    mymalloc                                 0x080083bf   Thumb Code    36  malloc.o(.text)
    myrealloc                                0x080083e3   Thumb Code    68  malloc.o(.text)
    usmart_sys_cmd_exe                       0x08008439   Thumb Code  1554  usmart.o(.text)
    usmart_reset_runtime                     0x08008a4b   Thumb Code    34  usmart.o(.text)
    usmart_get_runtime                       0x08008a6d   Thumb Code    58  usmart.o(.text)
    TIM2_IRQHandler                          0x08008aa7   Thumb Code    52  usmart.o(.text)
    Timer2_Init                              0x08008adb   Thumb Code    90  usmart.o(.text)
    usmart_init                              0x08008b35   Thumb Code    36  usmart.o(.text)
    usmart_cmd_rec                           0x08008b59   Thumb Code   170  usmart.o(.text)
    usmart_exe                               0x08008c03   Thumb Code   864  usmart.o(.text)
    usmart_scan                              0x08008f63   Thumb Code   120  usmart.o(.text)
    read_addr                                0x08008fdb   Thumb Code     6  usmart.o(.text)
    write_addr                               0x08008fe1   Thumb Code     4  usmart.o(.text)
    usmart_strcmp                            0x0800906d   Thumb Code    34  usmart_str.o(.text)
    usmart_strcopy                           0x0800908f   Thumb Code    22  usmart_str.o(.text)
    usmart_strlen                            0x080090a5   Thumb Code    24  usmart_str.o(.text)
    usmart_pow                               0x080090bd   Thumb Code    22  usmart_str.o(.text)
    usmart_str2num                           0x080090d3   Thumb Code   202  usmart_str.o(.text)
    usmart_get_cmdname                       0x0800919d   Thumb Code    54  usmart_str.o(.text)
    usmart_search_nextc                      0x080091d3   Thumb Code    22  usmart_str.o(.text)
    usmart_get_fname                         0x080091e9   Thumb Code   440  usmart_str.o(.text)
    usmart_get_aparm                         0x080093a1   Thumb Code   200  usmart_str.o(.text)
    usmart_get_parmpos                       0x08009469   Thumb Code    26  usmart_str.o(.text)
    usmart_get_fparam                        0x08009483   Thumb Code   262  usmart_str.o(.text)
    Show_Str                                 0x08009595   Thumb Code   174  text.o(.text)
    Show_Str_Mid                             0x08009643   Thumb Code   106  text.o(.text)
    __use_no_semihosting                     0x080096ad   Thumb Code     2  use_no_semi_2.o(.text)
    __2printf                                0x080096b1   Thumb Code    20  noretval__2printf.o(.text)
    _printf_pre_padding                      0x080096c9   Thumb Code    44  _printf_pad.o(.text)
    _printf_post_padding                     0x080096f5   Thumb Code    34  _printf_pad.o(.text)
    _printf_str                              0x08009717   Thumb Code    82  _printf_str.o(.text)
    _printf_int_dec                          0x08009769   Thumb Code   104  _printf_dec.o(.text)
    _printf_int_hex                          0x080097e1   Thumb Code    84  _printf_hex_int.o(.text)
    _printf_longlong_hex                     0x080097e1   Thumb Code     0  _printf_hex_int.o(.text)
    __printf                                 0x08009839   Thumb Code   388  __printf_flags_ss_wp.o(.text)
    strlen                                   0x080099c1   Thumb Code    62  strlen.o(.text)
    __use_two_region_memory                  0x080099ff   Thumb Code     2  heapauxi.o(.text)
    __rt_heap_escrow$2region                 0x08009a01   Thumb Code     2  heapauxi.o(.text)
    __rt_heap_expand$2region                 0x08009a03   Thumb Code     2  heapauxi.o(.text)
    __I$use$semihosting                      0x08009a05   Thumb Code     0  use_no_semi.o(.text)
    __use_no_semihosting_swi                 0x08009a05   Thumb Code     2  use_no_semi.o(.text)
    _printf_int_common                       0x08009a07   Thumb Code   178  _printf_intcommon.o(.text)
    _printf_cs_common                        0x08009ab9   Thumb Code    20  _printf_char.o(.text)
    _printf_char                             0x08009acd   Thumb Code    16  _printf_char.o(.text)
    _printf_string                           0x08009add   Thumb Code     8  _printf_char.o(.text)
    _printf_char_file                        0x08009ae5   Thumb Code    32  _printf_char_file.o(.text)
    _printf_char_common                      0x08009b13   Thumb Code    32  _printf_char_common.o(.text)
    ferror                                   0x08009b39   Thumb Code     8  ferror.o(.text)
    __user_setup_stackheap                   0x08009b41   Thumb Code    74  sys_stackheap_outer.o(.text)
    exit                                     0x08009b8b   Thumb Code    18  exit.o(.text)
    __user_libspace                          0x08009b9d   Thumb Code     8  libspace.o(.text)
    __user_perproc_libspace                  0x08009b9d   Thumb Code     0  libspace.o(.text)
    __user_perthread_libspace                0x08009b9d   Thumb Code     0  libspace.o(.text)
    _is_digit                                0x08009ba5   Thumb Code    14  __printf_wp.o(i._is_digit)
    __aeabi_d2uiz                            0x08009bb5   Thumb Code     0  dfixu.o(x$fpl$dfixu)
    _dfixu                                   0x08009bb5   Thumb Code    90  dfixu.o(x$fpl$dfixu)
    __aeabi_ui2d                             0x08009c0f   Thumb Code     0  dflt_clz.o(x$fpl$dfltu)
    _dfltu                                   0x08009c0f   Thumb Code    38  dflt_clz.o(x$fpl$dfltu)
    __aeabi_dmul                             0x08009c35   Thumb Code     0  dmul.o(x$fpl$dmul)
    _dmul                                    0x08009c35   Thumb Code   332  dmul.o(x$fpl$dmul)
    __fpl_dnaninf                            0x08009d89   Thumb Code   156  dnaninf.o(x$fpl$dnaninf)
    __fpl_dretinf                            0x08009e25   Thumb Code    12  dretinf.o(x$fpl$dretinf)
    __I$use$fp                               0x08009e30   Number         0  usenofp.o(x$fpl$usenofp)
    asc2_1206                                0x08009e30   Data        1140  lcd.o(.constdata)
    asc2_1608                                0x0800a2a4   Data        1520  lcd.o(.constdata)
    asc2_2412                                0x0800a894   Data        3420  lcd.o(.constdata)
    ov7670_init_reg_tbl                      0x0800b5f0   Data         342  ov7670.o(.constdata)
    memtblsize                               0x0800b748   Data           8  malloc.o(.constdata)
    memblksize                               0x0800b750   Data           8  malloc.o(.constdata)
    memsize                                  0x0800b758   Data           8  malloc.o(.constdata)
    Region$$Table$$Base                      0x0800b9bc   Number         0  anon$$obj.o(Region$$Table)
    Region$$Table$$Limit                     0x0800b9dc   Number         0  anon$$obj.o(Region$$Table)
    SystemCoreClock                          0x20000000   Data           4  system_stm32f10x.o(.data)
    AHBPrescTable                            0x20000004   Data          16  system_stm32f10x.o(.data)
    POINT_COLOR                              0x20000014   Data           2  lcd.o(.data)
    BACK_COLOR                               0x20000016   Data           2  lcd.o(.data)
    ov_sta                                   0x20000018   Data           1  exti.o(.data)
    TIM5CH1_CAPTURE_STA                      0x2000001a   Data           1  timer.o(.data)
    TIM5CH1_CAPTURE_VAL                      0x2000001c   Data           2  timer.o(.data)
    ov_frame                                 0x2000001e   Data           1  timer.o(.data)
    __stdout                                 0x20000024   Data           4  usart.o(.data)
    USART_RX_STA                             0x20000028   Data           2  usart.o(.data)
    mallco_dev                               0x20000040   Data          28  malloc.o(.data)
    sys_cmd_tab                              0x2000005c   Data          28  usmart.o(.data)
    usmart_nametab                           0x20000078   Data          88  usmart_config.o(.data)
    usmart_dev                               0x200000d0   Data         244  usmart_config.o(.data)
    lcddev                                   0x200001c4   Data          14  lcd.o(.bss)
    TIM5_ICInitStructure                     0x200001d2   Data          10  timer.o(.bss)
    USART_RX_BUF                             0x200001dc   Data         200  usart.o(.bss)
    mem1base                                 0x200002a4   Data       40960  malloc.o(.bss)
    mem1mapbase                              0x2000a2a4   Data        2560  malloc.o(.bss)
    __libspace_start                         0x2000aca4   Data          96  libspace.o(.bss)
    __temporary_stack_top$libspace           0x2000ad04   Data           0  libspace.o(.bss)
    mem2base                                 0x68000000   Data       196608  malloc.o(.ARM.__AT_0x68000000)
    mem2mapbase                              0x68030000   Data       12288  malloc.o(.ARM.__AT_0x68030000)



==============================================================================

Memory Map of the image

  Image Entry point : 0x08000131

  Load Region LR_IROM1 (Base: 0x08000000, Size: 0x0000bba0, Max: 0x00080000, ABSOLUTE, COMPRESSED[0x0000ba84])

    Execution Region ER_IROM1 (Exec base: 0x08000000, Load base: 0x08000000, Size: 0x0000b9dc, Max: 0x00080000, ABSOLUTE)

    Exec Addr    Load Addr    Size         Type   Attr      Idx    E Section Name        Object

    0x08000000   0x08000000   0x00000130   Data   RO          351    RESET               startup_stm32f10x_hd.o
    0x08000130   0x08000130   0x00000008   Code   RO          623  * !!!main             c_w.l(__main.o)
    0x08000138   0x08000138   0x00000034   Code   RO          812    !!!scatter          c_w.l(__scatter.o)
    0x0800016c   0x0800016c   0x0000005a   Code   RO          810    !!dczerorl2         c_w.l(__dczerorl2.o)
    0x080001c6   0x080001c6   0x00000002   PAD
    0x080001c8   0x080001c8   0x0000001c   Code   RO          814    !!handler_zi        c_w.l(__scatter_zi.o)
    0x080001e4   0x080001e4   0x00000000   Code   RO          618    .ARM.Collect$$_printf_percent$$00000000  c_w.l(_printf_percent.o)
    0x080001e4   0x080001e4   0x00000006   Code   RO          616    .ARM.Collect$$_printf_percent$$00000009  c_w.l(_printf_d.o)
    0x080001ea   0x080001ea   0x00000006   Code   RO          617    .ARM.Collect$$_printf_percent$$0000000A  c_w.l(_printf_u.o)
    0x080001f0   0x080001f0   0x00000006   Code   RO          615    .ARM.Collect$$_printf_percent$$0000000C  c_w.l(_printf_x.o)
    0x080001f6   0x080001f6   0x00000006   Code   RO          613    .ARM.Collect$$_printf_percent$$00000013  c_w.l(_printf_c.o)
    0x080001fc   0x080001fc   0x00000006   Code   RO          614    .ARM.Collect$$_printf_percent$$00000014  c_w.l(_printf_s.o)
    0x08000202   0x08000202   0x00000004   Code   RO          646    .ARM.Collect$$_printf_percent$$00000017  c_w.l(_printf_percent_end.o)
    0x08000206   0x08000206   0x00000002   Code   RO          684    .ARM.Collect$$libinit$$00000000  c_w.l(libinit.o)
    0x08000208   0x08000208   0x00000000   Code   RO          691    .ARM.Collect$$libinit$$00000002  c_w.l(libinit2.o)
    0x08000208   0x08000208   0x00000000   Code   RO          693    .ARM.Collect$$libinit$$00000004  c_w.l(libinit2.o)
    0x08000208   0x08000208   0x00000000   Code   RO          696    .ARM.Collect$$libinit$$0000000A  c_w.l(libinit2.o)
    0x08000208   0x08000208   0x00000000   Code   RO          698    .ARM.Collect$$libinit$$0000000C  c_w.l(libinit2.o)
    0x08000208   0x08000208   0x00000000   Code   RO          700    .ARM.Collect$$libinit$$0000000E  c_w.l(libinit2.o)
    0x08000208   0x08000208   0x00000000   Code   RO          703    .ARM.Collect$$libinit$$00000011  c_w.l(libinit2.o)
    0x08000208   0x08000208   0x00000000   Code   RO          705    .ARM.Collect$$libinit$$00000013  c_w.l(libinit2.o)
    0x08000208   0x08000208   0x00000000   Code   RO          707    .ARM.Collect$$libinit$$00000015  c_w.l(libinit2.o)
    0x08000208   0x08000208   0x00000000   Code   RO          709    .ARM.Collect$$libinit$$00000017  c_w.l(libinit2.o)
    0x08000208   0x08000208   0x00000000   Code   RO          711    .ARM.Collect$$libinit$$00000019  c_w.l(libinit2.o)
    0x08000208   0x08000208   0x00000000   Code   RO          713    .ARM.Collect$$libinit$$0000001B  c_w.l(libinit2.o)
    0x08000208   0x08000208   0x00000000   Code   RO          715    .ARM.Collect$$libinit$$0000001D  c_w.l(libinit2.o)
    0x08000208   0x08000208   0x00000000   Code   RO          717    .ARM.Collect$$libinit$$0000001F  c_w.l(libinit2.o)
    0x08000208   0x08000208   0x00000000   Code   RO          719    .ARM.Collect$$libinit$$00000021  c_w.l(libinit2.o)
    0x08000208   0x08000208   0x00000000   Code   RO          721    .ARM.Collect$$libinit$$00000023  c_w.l(libinit2.o)
    0x08000208   0x08000208   0x00000000   Code   RO          723    .ARM.Collect$$libinit$$00000025  c_w.l(libinit2.o)
    0x08000208   0x08000208   0x00000000   Code   RO          727    .ARM.Collect$$libinit$$0000002C  c_w.l(libinit2.o)
    0x08000208   0x08000208   0x00000000   Code   RO          729    .ARM.Collect$$libinit$$0000002E  c_w.l(libinit2.o)
    0x08000208   0x08000208   0x00000000   Code   RO          731    .ARM.Collect$$libinit$$00000030  c_w.l(libinit2.o)
    0x08000208   0x08000208   0x00000000   Code   RO          733    .ARM.Collect$$libinit$$00000032  c_w.l(libinit2.o)
    0x08000208   0x08000208   0x00000002   Code   RO          734    .ARM.Collect$$libinit$$00000033  c_w.l(libinit2.o)
    0x0800020a   0x0800020a   0x00000002   Code   RO          752    .ARM.Collect$$libshutdown$$00000000  c_w.l(libshutdown.o)
    0x0800020c   0x0800020c   0x00000000   Code   RO          762    .ARM.Collect$$libshutdown$$00000002  c_w.l(libshutdown2.o)
    0x0800020c   0x0800020c   0x00000000   Code   RO          764    .ARM.Collect$$libshutdown$$00000004  c_w.l(libshutdown2.o)
    0x0800020c   0x0800020c   0x00000000   Code   RO          767    .ARM.Collect$$libshutdown$$00000007  c_w.l(libshutdown2.o)
    0x0800020c   0x0800020c   0x00000000   Code   RO          770    .ARM.Collect$$libshutdown$$0000000A  c_w.l(libshutdown2.o)
    0x0800020c   0x0800020c   0x00000000   Code   RO          772    .ARM.Collect$$libshutdown$$0000000C  c_w.l(libshutdown2.o)
    0x0800020c   0x0800020c   0x00000000   Code   RO          775    .ARM.Collect$$libshutdown$$0000000F  c_w.l(libshutdown2.o)
    0x0800020c   0x0800020c   0x00000002   Code   RO          776    .ARM.Collect$$libshutdown$$00000010  c_w.l(libshutdown2.o)
    0x0800020e   0x0800020e   0x00000000   Code   RO          639    .ARM.Collect$$rtentry$$00000000  c_w.l(__rtentry.o)
    0x0800020e   0x0800020e   0x00000000   Code   RO          653    .ARM.Collect$$rtentry$$00000002  c_w.l(__rtentry2.o)
    0x0800020e   0x0800020e   0x00000006   Code   RO          665    .ARM.Collect$$rtentry$$00000004  c_w.l(__rtentry4.o)
    0x08000214   0x08000214   0x00000000   Code   RO          655    .ARM.Collect$$rtentry$$00000009  c_w.l(__rtentry2.o)
    0x08000214   0x08000214   0x00000004   Code   RO          656    .ARM.Collect$$rtentry$$0000000A  c_w.l(__rtentry2.o)
    0x08000218   0x08000218   0x00000000   Code   RO          658    .ARM.Collect$$rtentry$$0000000C  c_w.l(__rtentry2.o)
    0x08000218   0x08000218   0x00000008   Code   RO          659    .ARM.Collect$$rtentry$$0000000D  c_w.l(__rtentry2.o)
    0x08000220   0x08000220   0x00000002   Code   RO          688    .ARM.Collect$$rtexit$$00000000  c_w.l(rtexit.o)
    0x08000222   0x08000222   0x00000000   Code   RO          736    .ARM.Collect$$rtexit$$00000002  c_w.l(rtexit2.o)
    0x08000222   0x08000222   0x00000004   Code   RO          737    .ARM.Collect$$rtexit$$00000003  c_w.l(rtexit2.o)
    0x08000226   0x08000226   0x00000006   Code   RO          738    .ARM.Collect$$rtexit$$00000004  c_w.l(rtexit2.o)
    0x0800022c   0x0800022c   0x000002a8   Code   RO            1    .text               main.o
    0x080004d4   0x080004d4   0x0000001a   Code   RO          115    .text               stm32f10x_it.o
    0x080004ee   0x080004ee   0x00000002   PAD
    0x080004f0   0x080004f0   0x000001e0   Code   RO          168    .text               system_stm32f10x.o
    0x080006d0   0x080006d0   0x00004d92   Code   RO          186    .text               lcd.o
    0x08005462   0x08005462   0x00000002   PAD
    0x08005464   0x08005464   0x000000ac   Code   RO          209    .text               exti.o
    0x08005510   0x08005510   0x00000390   Code   RO          228    .text               timer.o
    0x080058a0   0x080058a0   0x00000348   Code   RO          256    .text               ov7670.o
    0x08005be8   0x08005be8   0x00000294   Code   RO          277    .text               sccb.o
    0x08005e7c   0x08005e7c   0x000000d4   Code   RO          289    .text               delay.o
    0x08005f50   0x08005f50   0x0000000c   Code   RO          303    .text               sys.o
    0x08005f5c   0x08005f5c   0x00000140   Code   RO          315    .text               usart.o
    0x0800609c   0x0800609c   0x00000040   Code   RO          352    .text               startup_stm32f10x_hd.o
    0x080060dc   0x080060dc   0x000000dc   Code   RO          356    .text               misc.o
    0x080061b8   0x080061b8   0x0000060c   Code   RO          388    .text               stm32f10x_fsmc.o
    0x080067c4   0x080067c4   0x0000035c   Code   RO          400    .text               stm32f10x_gpio.o
    0x08006b20   0x08006b20   0x000003a4   Code   RO          412    .text               stm32f10x_rcc.o
    0x08006ec4   0x08006ec4   0x00000e1a   Code   RO          438    .text               stm32f10x_tim.o
    0x08007cde   0x08007cde   0x00000002   PAD
    0x08007ce0   0x08007ce0   0x00000408   Code   RO          450    .text               stm32f10x_usart.o
    0x080080e8   0x080080e8   0x0000011c   Code   RO          462    .text               stm32f10x_exti.o
    0x08008204   0x08008204   0x00000234   Code   RO          474    .text               malloc.o
    0x08008438   0x08008438   0x00000c34   Code   RO          496    .text               usmart.o
    0x0800906c   0x0800906c   0x00000528   Code   RO          528    .text               usmart_str.o
    0x08009594   0x08009594   0x00000118   Code   RO          540    .text               text.o
    0x080096ac   0x080096ac   0x00000002   Code   RO          558    .text               c_w.l(use_no_semi_2.o)
    0x080096ae   0x080096ae   0x00000002   PAD
    0x080096b0   0x080096b0   0x00000018   Code   RO          562    .text               c_w.l(noretval__2printf.o)
    0x080096c8   0x080096c8   0x0000004e   Code   RO          566    .text               c_w.l(_printf_pad.o)
    0x08009716   0x08009716   0x00000052   Code   RO          568    .text               c_w.l(_printf_str.o)
    0x08009768   0x08009768   0x00000078   Code   RO          570    .text               c_w.l(_printf_dec.o)
    0x080097e0   0x080097e0   0x00000058   Code   RO          575    .text               c_w.l(_printf_hex_int.o)
    0x08009838   0x08009838   0x00000188   Code   RO          610    .text               c_w.l(__printf_flags_ss_wp.o)
    0x080099c0   0x080099c0   0x0000003e   Code   RO          619    .text               c_w.l(strlen.o)
    0x080099fe   0x080099fe   0x00000006   Code   RO          621    .text               c_w.l(heapauxi.o)
    0x08009a04   0x08009a04   0x00000002   Code   RO          637    .text               c_w.l(use_no_semi.o)
    0x08009a06   0x08009a06   0x000000b2   Code   RO          640    .text               c_w.l(_printf_intcommon.o)
    0x08009ab8   0x08009ab8   0x0000002c   Code   RO          642    .text               c_w.l(_printf_char.o)
    0x08009ae4   0x08009ae4   0x00000024   Code   RO          644    .text               c_w.l(_printf_char_file.o)
    0x08009b08   0x08009b08   0x00000030   Code   RO          667    .text               c_w.l(_printf_char_common.o)
    0x08009b38   0x08009b38   0x00000008   Code   RO          669    .text               c_w.l(ferror.o)
    0x08009b40   0x08009b40   0x0000004a   Code   RO          673    .text               c_w.l(sys_stackheap_outer.o)
    0x08009b8a   0x08009b8a   0x00000012   Code   RO          677    .text               c_w.l(exit.o)
    0x08009b9c   0x08009b9c   0x00000008   Code   RO          685    .text               c_w.l(libspace.o)
    0x08009ba4   0x08009ba4   0x0000000e   Code   RO          603    i._is_digit         c_w.l(__printf_wp.o)
    0x08009bb2   0x08009bb2   0x00000002   PAD
    0x08009bb4   0x08009bb4   0x0000005a   Code   RO          625    x$fpl$dfixu         fz_ws.l(dfixu.o)
    0x08009c0e   0x08009c0e   0x00000026   Code   RO          629    x$fpl$dfltu         fz_ws.l(dflt_clz.o)
    0x08009c34   0x08009c34   0x00000154   Code   RO          635    x$fpl$dmul          fz_ws.l(dmul.o)
    0x08009d88   0x08009d88   0x0000009c   Code   RO          647    x$fpl$dnaninf       fz_ws.l(dnaninf.o)
    0x08009e24   0x08009e24   0x0000000c   Code   RO          649    x$fpl$dretinf       fz_ws.l(dretinf.o)
    0x08009e30   0x08009e30   0x00000000   Code   RO          651    x$fpl$usenofp       fz_ws.l(usenofp.o)
    0x08009e30   0x08009e30   0x000017c0   Data   RO          188    .constdata          lcd.o
    0x0800b5f0   0x0800b5f0   0x00000156   Data   RO          257    .constdata          ov7670.o
    0x0800b746   0x0800b746   0x00000002   PAD
    0x0800b748   0x0800b748   0x00000018   Data   RO          478    .constdata          malloc.o
    0x0800b760   0x0800b760   0x00000028   Data   RO          576    .constdata          c_w.l(_printf_hex_int.o)
    0x0800b788   0x0800b788   0x00000011   Data   RO          611    .constdata          c_w.l(__printf_flags_ss_wp.o)
    0x0800b799   0x0800b799   0x00000003   PAD
    0x0800b79c   0x0800b79c   0x00000028   Data   RO          497    .conststring        usmart.o
    0x0800b7c4   0x0800b7c4   0x000001f7   Data   RO          512    .conststring        usmart_config.o
    0x0800b9bb   0x0800b9bb   0x00000001   PAD
    0x0800b9bc   0x0800b9bc   0x00000020   Data   RO          808    Region$$Table       anon$$obj.o


    Execution Region RW_IRAM1 (Exec base: 0x20000000, Load base: 0x0800b9dc, Size: 0x0000b308, Max: 0x00010000, ABSOLUTE, COMPRESSED[0x000000a8])

    Exec Addr    Load Addr    Size         Type   Attr      Idx    E Section Name        Object

    0x20000000   COMPRESSED   0x00000014   Data   RW          169    .data               system_stm32f10x.o
    0x20000014   COMPRESSED   0x00000004   Data   RW          189    .data               lcd.o
    0x20000018   COMPRESSED   0x00000001   Data   RW          210    .data               exti.o
    0x20000019   COMPRESSED   0x00000001   PAD
    0x2000001a   COMPRESSED   0x00000005   Data   RW          230    .data               timer.o
    0x2000001f   COMPRESSED   0x00000001   PAD
    0x20000020   COMPRESSED   0x00000004   Data   RW          290    .data               delay.o
    0x20000024   COMPRESSED   0x00000006   Data   RW          317    .data               usart.o
    0x2000002a   COMPRESSED   0x00000014   Data   RW          413    .data               stm32f10x_rcc.o
    0x2000003e   COMPRESSED   0x00000002   PAD
    0x20000040   COMPRESSED   0x0000001c   Data   RW          479    .data               malloc.o
    0x2000005c   COMPRESSED   0x0000001c   Data   RW          498    .data               usmart.o
    0x20000078   COMPRESSED   0x0000014c   Data   RW          513    .data               usmart_config.o
    0x200001c4        -       0x0000000e   Zero   RW          187    .bss                lcd.o
    0x200001d2        -       0x0000000a   Zero   RW          229    .bss                timer.o
    0x200001dc        -       0x000000c8   Zero   RW          316    .bss                usart.o
    0x200002a4        -       0x0000aa00   Zero   RW          477    .bss                malloc.o
    0x2000aca4        -       0x00000060   Zero   RW          686    .bss                c_w.l(libspace.o)
    0x2000ad04   COMPRESSED   0x00000004   PAD
    0x2000ad08        -       0x00000200   Zero   RW          350    HEAP                startup_stm32f10x_hd.o
    0x2000af08        -       0x00000400   Zero   RW          349    STACK               startup_stm32f10x_hd.o



  Load Region LR$$.ARM.__AT_0x68000000 (Base: 0x68000000, Size: 0x00000000, Max: 0x00030000, ABSOLUTE)

    Execution Region ER$$.ARM.__AT_0x68000000 (Exec base: 0x68000000, Load base: 0x68000000, Size: 0x00030000, Max: 0x00030000, ABSOLUTE, UNINIT)

    Exec Addr    Load Addr    Size         Type   Attr      Idx    E Section Name        Object

    0x68000000        -       0x00030000   Zero   RW          475    .ARM.__AT_0x68000000  malloc.o



  Load Region LR$$.ARM.__AT_0x68030000 (Base: 0x68030000, Size: 0x00000000, Max: 0x00003000, ABSOLUTE)

    Execution Region ER$$.ARM.__AT_0x68030000 (Exec base: 0x68030000, Load base: 0x68030000, Size: 0x00003000, Max: 0x00003000, ABSOLUTE, UNINIT)

    Exec Addr    Load Addr    Size         Type   Attr      Idx    E Section Name        Object

    0x68030000        -       0x00003000   Zero   RW          476    .ARM.__AT_0x68030000  malloc.o


==============================================================================

Image component sizes


      Code (inc. data)   RO Data    RW Data    ZI Data      Debug   Object Name

         0          0          0          0          0         32   core_cm3.o
       212         18          0          4          0       1363   delay.o
       172         16          0          1          0       1277   exti.o
     19858        156       6080          4         14      23598   lcd.o
       680        106          0          0          0     257480   main.o
       564         18         24         28     252416       5312   malloc.o
       220         22          0          0          0     209241   misc.o
       840         32        342          0          0       3641   ov7670.o
       660         16          0          0          0       2219   sccb.o
        64         26        304          0       1536        864   startup_stm32f10x_hd.o
       284         10          0          0          0       2455   stm32f10x_exti.o
      1548         18          0          0          0       5575   stm32f10x_fsmc.o
       860         38          0          0          0       5929   stm32f10x_gpio.o
        26          0          0          0          0      53198   stm32f10x_it.o
       932         36          0         20          0       9208   stm32f10x_rcc.o
      3610         88          0          0          0      23040   stm32f10x_tim.o
      1032         22          0          0          0       8656   stm32f10x_usart.o
        12          0          0          0          0        613   sys.o
       480         38          0         20          0       2031   system_stm32f10x.o
       280          0          0          0          0       2032   text.o
       912         62          0          5         10       3452   timer.o
       320         16          0          6        200       3666   usart.o
      3124       1282         40         28          0       4822   usmart.o
         0          0        503        332          0       2172   usmart_config.o
      1320         12          0          0          0       5553   usmart_str.o

    ----------------------------------------------------------------------
     38016       2032       7328        452     254176     637429   Object Totals
         0          0         32          0          0          0   (incl. Generated)
         6          0          3          4          0          0   (incl. Padding)

    ----------------------------------------------------------------------

      Code (inc. data)   RO Data    RW Data    ZI Data      Debug   Library Member Name

        90          0          0          0          0          0   __dczerorl2.o
         8          0          0          0          0         68   __main.o
       392          4         17          0          0         92   __printf_flags_ss_wp.o
        14          0          0          0          0         68   __printf_wp.o
         0          0          0          0          0          0   __rtentry.o
        12          0          0          0          0          0   __rtentry2.o
         6          0          0          0          0          0   __rtentry4.o
        52          8          0          0          0          0   __scatter.o
        28          0          0          0          0          0   __scatter_zi.o
         6          0          0          0          0          0   _printf_c.o
        44          0          0          0          0        108   _printf_char.o
        48          6          0          0          0         96   _printf_char_common.o
        36          4          0          0          0         80   _printf_char_file.o
         6          0          0          0          0          0   _printf_d.o
       120         16          0          0          0         92   _printf_dec.o
        88          4         40          0          0         88   _printf_hex_int.o
       178          0          0          0          0         88   _printf_intcommon.o
        78          0          0          0          0        108   _printf_pad.o
         0          0          0          0          0          0   _printf_percent.o
         4          0          0          0          0          0   _printf_percent_end.o
         6          0          0          0          0          0   _printf_s.o
        82          0          0          0          0         80   _printf_str.o
         6          0          0          0          0          0   _printf_u.o
         6          0          0          0          0          0   _printf_x.o
        18          0          0          0          0         80   exit.o
         8          0          0          0          0         68   ferror.o
         6          0          0          0          0        152   heapauxi.o
         2          0          0          0          0          0   libinit.o
         2          0          0          0          0          0   libinit2.o
         2          0          0          0          0          0   libshutdown.o
         2          0          0          0          0          0   libshutdown2.o
         8          4          0          0         96         68   libspace.o
        24          4          0          0          0         84   noretval__2printf.o
         2          0          0          0          0          0   rtexit.o
        10          0          0          0          0          0   rtexit2.o
        62          0          0          0          0         76   strlen.o
        74          0          0          0          0         80   sys_stackheap_outer.o
         2          0          0          0          0         68   use_no_semi.o
         2          0          0          0          0         68   use_no_semi_2.o
        90          4          0          0          0         92   dfixu.o
        38          0          0          0          0         68   dflt_clz.o
       340         12          0          0          0        104   dmul.o
       156          4          0          0          0         92   dnaninf.o
        12          0          0          0          0         68   dretinf.o
         0          0          0          0          0          0   usenofp.o

    ----------------------------------------------------------------------
      2176         70         60          0        100       2136   Library Totals
         6          0          3          0          4          0   (incl. Padding)

    ----------------------------------------------------------------------

      Code (inc. data)   RO Data    RW Data    ZI Data      Debug   Library Name

      1534         50         57          0         96       1712   c_w.l
       636         20          0          0          0        424   fz_ws.l

    ----------------------------------------------------------------------
      2176         70         60          0        100       2136   Library Totals

    ----------------------------------------------------------------------

==============================================================================


      Code (inc. data)   RO Data    RW Data    ZI Data      Debug   

     40192       2102       7388        452     254276     636545   Grand Totals
     40192       2102       7388        168     254276     636545   ELF Image Totals (compressed)
     40192       2102       7388        168          0          0   ROM Totals

==============================================================================

    Total RO  Size (Code + RO Data)                47580 (  46.46kB)
    Total RW  Size (RW Data + ZI Data)            254728 ( 248.76kB)
    Total ROM Size (Code + RO Data + RW Data)      47748 (  46.63kB)

==============================================================================

