BL51 BANKED LINKER/LOCATER V6.22.4.0                                                    05/18/2023  17:05:15  PAGE 1


BL51 BANKED LINKER/LOCATER V6.22.4.0, INVOKED BY:
C:\KEIL_V5\C51\BIN\BL51.EXE ..\OBJ\main.obj, ..\OBJ\sys.obj, ..\OBJ\key.obj, ..\OBJ\lcd12864.obj, ..\OBJ\timer.obj, ..\O
>> BJ\ad.obj, ..\OBJ\ds1302.obj, ..\OBJ\dht11.obj TO ..\OBJ\2020_test PRINT (.\2020_test.m51) RAMSIZE (256)


MEMORY MODEL: SMALL WITH FLOATING POINT ARITHMETIC


INPUT MODULES INCLUDED:
  ..\OBJ\main.obj (MAIN)
  ..\OBJ\sys.obj (SYS)
  ..\OBJ\key.obj (KEY)
  ..\OBJ\lcd12864.obj (LCD12864)
  ..\OBJ\timer.obj (TIMER)
  ..\OBJ\ad.obj (AD)
  ..\OBJ\ds1302.obj (DS1302)
  ..\OBJ\dht11.obj (DHT11)
  C:\KEIL_V5\C51\LIB\C51FPS.LIB (?C?FPADD)
  C:\KEIL_V5\C51\LIB\C51FPS.LIB (?C?FPMUL)
  C:\KEIL_V5\C51\LIB\C51FPS.LIB (?C?FCAST)
  C:\KEIL_V5\C51\LIB\C51FPS.LIB (?C?CASTF)
  C:\KEIL_V5\C51\LIB\C51FPS.LIB (?C?FPGETOPN)
  C:\KEIL_V5\C51\LIB\C51S.LIB (?C_STARTUP)
  C:\KEIL_V5\C51\LIB\C51S.LIB (?C?IMUL)
  C:\KEIL_V5\C51\LIB\C51S.LIB (?C?UIDIV)
  C:\KEIL_V5\C51\LIB\C51S.LIB (?C?LNEG)
  C:\KEIL_V5\C51\LIB\C51S.LIB (?C_INIT)


LINK MAP OF MODULE:  ..\OBJ\2020_test (MAIN)


            TYPE    BASE      LENGTH    RELOCATION   SEGMENT NAME
            -----------------------------------------------------

            * * * * * * *   D A T A   M E M O R Y   * * * * * * *
            REG     0000H     0008H     ABSOLUTE     "REG BANK 0"
            DATA    0008H     0024H     UNIT         ?DT?DHT11
            DATA    002CH     0010H     UNIT         ?DT?MAIN
            DATA    003CH     0008H     UNIT         ?DT?TIMER
            DATA    0044H     0004H     UNIT         ?DT?KEY
            DATA    0048H     0004H     UNIT         _DATA_GROUP_
            IDATA   004CH     0001H     UNIT         ?STACK

            * * * * * * *   C O D E   M E M O R Y   * * * * * * *
            CODE    0000H     0003H     ABSOLUTE     
            CODE    0003H     0008H     UNIT         ?CO?TIMER
            CODE    000BH     0003H     ABSOLUTE     
            CODE    000EH     0005H     UNIT         ?PR?IO_KEYDELAY?KEY
            CODE    0013H     0003H     ABSOLUTE     
            CODE    0016H     004BH     UNIT         ?PR?TM2?TIMER
                    0061H     0002H                  *** GAP ***
            CODE    0063H     0003H     ABSOLUTE     
            CODE    0066H     05CAH     UNIT         ?PR?MAIN?MAIN
            CODE    0630H     0332H     UNIT         ?C?LIB_CODE
            CODE    0962H     008CH     UNIT         ?C_C51STARTUP
            CODE    09EEH     0071H     UNIT         ?PR?IO_KEYSCAN?KEY
            CODE    0A5FH     006DH     UNIT         ?PR?UPDATETEMP?DHT11
BL51 BANKED LINKER/LOCATER V6.22.4.0                                                  05/18/2023  17:05:15  PAGE 2


            CODE    0ACCH     005AH     UNIT         ?PR?DS1302_SCAN?DS1302
            CODE    0B26H     0058H     UNIT         ?PR?IO_INIT?MAIN
            CODE    0B7EH     0049H     UNIT         ?C_INITSEG
            CODE    0BC7H     0049H     UNIT         ?PR?COM?DHT11
            CODE    0C10H     0046H     UNIT         ?PR?ROLL?MAIN
            CODE    0C56H     0043H     UNIT         ?PR?_READ_DS1302?DS1302
            CODE    0C99H     003CH     UNIT         ?CO?MAIN
            CODE    0CD5H     0026H     UNIT         ?PR?_GETADCRESULT?AD
            CODE    0CFBH     0025H     UNIT         ?PR?_LCD12864_DELAY1MS?LCD12864
            CODE    0D20H     0020H     UNIT         ?PR?_LCD12864_SETWINDOW?LCD12864
            CODE    0D40H     001DH     UNIT         ?PR?_DELAY1MS?SYS
            CODE    0D5DH     0018H     UNIT         ?PR?_DELAY4US?SYS
            CODE    0D75H     0014H     UNIT         ?PR?_WRITE_DS1302?DS1302
            CODE    0D89H     0013H     UNIT         ?PR?_LCD12864_WRITECMD?LCD12864
            CODE    0D9CH     0013H     UNIT         ?PR?_LCD12864_WRITEDATA?LCD12864
            CODE    0DAFH     0013H     UNIT         ?PR?_LCD12864_VERTICALROLL?LCD12864
            CODE    0DC2H     0013H     UNIT         ?PR?_WRITE_DS1302_BYTE?DS1302
            CODE    0DD5H     0012H     UNIT         ?PR?_BCD_READ?DS1302
            CODE    0DE7H     0011H     UNIT         ?PR?_GIVE?TIMER
            CODE    0DF8H     0011H     UNIT         ?PR?TIMER0INIT?TIMER
            CODE    0E09H     0010H     UNIT         ?CO?KEY
            CODE    0E19H     000FH     UNIT         ?PR?DELAY100MS?SYS
            CODE    0E28H     000FH     UNIT         ?PR?LCD12864_INIT?LCD12864
            CODE    0E37H     000DH     UNIT         ?PR?EXINT0?MAIN
            CODE    0E44H     000DH     UNIT         ?PR?TIMER2INIT?TIMER
            CODE    0E51H     000DH     UNIT         ?PR?TM0?TIMER
            CODE    0E5EH     0007H     UNIT         ?PR?DELAY_10US?DHT11



OVERLAY MAP OF MODULE:   ..\OBJ\2020_test (MAIN)


SEGMENT                                       DATA_GROUP 
  +--> CALLED SEGMENT                       START    LENGTH
-----------------------------------------------------------
?PR?TM2?TIMER                               -----    -----
  +--> ?CO?TIMER
  +--> ?PR?_GIVE?TIMER

*** NEW ROOT ***************************************************

?C_C51STARTUP                               -----    -----
  +--> ?PR?MAIN?MAIN
  +--> ?C_INITSEG

?PR?MAIN?MAIN                               0048H    0002H
  +--> ?PR?UPDATETEMP?DHT11
  +--> ?PR?IO_INIT?MAIN
  +--> ?PR?LCD12864_INIT?LCD12864
  +--> ?PR?_GIVE?TIMER
  +--> ?PR?ROLL?MAIN
  +--> ?PR?DELAY100MS?SYS
  +--> ?PR?_LCD12864_WRITECMD?LCD12864
  +--> ?PR?_LCD12864_SETWINDOW?LCD12864
  +--> ?CO?MAIN
  +--> ?PR?_LCD12864_WRITEDATA?LCD12864
BL51 BANKED LINKER/LOCATER V6.22.4.0                                                  05/18/2023  17:05:15  PAGE 3


  +--> ?PR?IO_KEYSCAN?KEY
  +--> ?PR?DS1302_SCAN?DS1302
  +--> ?PR?_DELAY1MS?SYS
  +--> ?PR?TIMER2INIT?TIMER
  +--> ?PR?TIMER0INIT?TIMER
  +--> ?PR?_BCD_READ?DS1302
  +--> ?PR?_WRITE_DS1302?DS1302
  +--> ?PR?_GETADCRESULT?AD

?PR?UPDATETEMP?DHT11                        -----    -----
  +--> ?PR?_DELAY1MS?SYS
  +--> ?PR?DELAY_10US?DHT11
  +--> ?PR?COM?DHT11

?PR?_DELAY1MS?SYS                           004AH    0002H
  +--> ?PR?_DELAY4US?SYS

?PR?COM?DHT11                               004AH    0001H
  +--> ?PR?DELAY_10US?DHT11

?PR?LCD12864_INIT?LCD12864                  -----    -----
  +--> ?PR?_LCD12864_WRITECMD?LCD12864

?PR?_LCD12864_WRITECMD?LCD12864             004BH    0001H
  +--> ?PR?_LCD12864_DELAY1MS?LCD12864

?PR?ROLL?MAIN                               004AH    0001H
  +--> ?PR?_LCD12864_WRITECMD?LCD12864
  +--> ?CO?MAIN
  +--> ?PR?_LCD12864_WRITEDATA?LCD12864
  +--> ?PR?_LCD12864_VERTICALROLL?LCD12864
  +--> ?PR?DELAY100MS?SYS

?PR?_LCD12864_WRITEDATA?LCD12864            004BH    0001H
  +--> ?PR?_LCD12864_DELAY1MS?LCD12864

?PR?_LCD12864_VERTICALROLL?LCD12864         -----    -----
  +--> ?PR?_LCD12864_WRITECMD?LCD12864

?PR?_LCD12864_SETWINDOW?LCD12864            -----    -----
  +--> ?PR?_LCD12864_WRITECMD?LCD12864

?PR?IO_KEYSCAN?KEY                          -----    -----
  +--> ?PR?IO_KEYDELAY?KEY
  +--> ?CO?KEY

?PR?DS1302_SCAN?DS1302                      004AH    0001H
  +--> ?PR?_BCD_READ?DS1302
  +--> ?PR?_LCD12864_SETWINDOW?LCD12864
  +--> ?PR?_LCD12864_WRITEDATA?LCD12864

?PR?_BCD_READ?DS1302                        -----    -----
  +--> ?PR?_READ_DS1302?DS1302

?PR?_READ_DS1302?DS1302                     -----    -----
  +--> ?PR?_WRITE_DS1302_BYTE?DS1302

BL51 BANKED LINKER/LOCATER V6.22.4.0                                                  05/18/2023  17:05:15  PAGE 4


?PR?_WRITE_DS1302?DS1302                    -----    -----
  +--> ?PR?_WRITE_DS1302_BYTE?DS1302



UNRESOLVED EXTERNAL SYMBOLS:
   _DELAY2US



SYMBOL TABLE OF MODULE:  ..\OBJ\2020_test (MAIN)

  VALUE           TYPE          NAME
  ----------------------------------

  -------         MODULE        MAIN
  C:0000H         SYMBOL        _ICE_DUMMY_
  D:002CH         PUBLIC        MoterSpeed
  D:0092H         PUBLIC        P1M0
  D:0093H         PUBLIC        P0M1
  D:0096H         PUBLIC        P2M0
  D:0091H         PUBLIC        P1M1
  D:0080H         PUBLIC        P0
  D:00B2H         PUBLIC        P3M0
  D:0095H         PUBLIC        P2M1
  D:0090H         PUBLIC        P1
  D:00B4H         PUBLIC        P4M0
  D:00B1H         PUBLIC        P3M1
  D:00A0H         PUBLIC        P2
  D:00CAH         PUBLIC        P5M0
  D:00B3H         PUBLIC        P4M1
  D:00B0H         PUBLIC        P3
  D:00CCH         PUBLIC        P6M0
  D:00C9H         PUBLIC        P5M1
  D:00C0H         PUBLIC        P4
  D:00E2H         PUBLIC        P7M0
  D:00CBH         PUBLIC        P6M1
  D:00C8H         PUBLIC        P5
  D:002DH         PUBLIC        AdcFlag
  B:00A8H.7       PUBLIC        EA
  D:00E1H         PUBLIC        P7M1
  D:00E8H         PUBLIC        P6
  D:00F8H         PUBLIC        P7
  D:002EH         PUBLIC        StartPrice
  C:0CA5H         PUBLIC        MileValue
  D:00A8H         PUBLIC        IE
  D:0030H         PUBLIC        StartDrive
  C:0CC5H         PUBLIC        WaiteTimeValue
  D:00B8H         PUBLIC        IP
  C:0C10H         PUBLIC        Roll
  C:0CB5H         PUBLIC        CostValue
  D:00D8H         PUBLIC        CCON
  C:0066H         PUBLIC        main
  C:0B26H         PUBLIC        IO_init
  D:0098H         PUBLIC        SCON
  D:0088H         PUBLIC        TCON
  C:0C99H         PUBLIC        CharCodeLine1
BL51 BANKED LINKER/LOCATER V6.22.4.0                                                  05/18/2023  17:05:15  PAGE 5


  D:0031H         PUBLIC        MileNum
  C:0CA0H         PUBLIC        CharCodeLine2
  D:00AFH         PUBLIC        IE2
  D:0033H         PUBLIC        WaiteTimeNum
  D:0035H         PUBLIC        TimeNum
  D:0036H         PUBLIC        ad
  B:00A8H.1       PUBLIC        ET0
  D:0038H         PUBLIC        CostNum
  B:0088H.2       PUBLIC        IT1
  B:00A8H.2       PUBLIC        EX1
  B:0088H.4       PUBLIC        TR0
  C:0E37H         PUBLIC        exint0
  D:003AH         PUBLIC        InterruptCount
  D:00D0H         PUBLIC        PSW
  D:0094H         PUBLIC        P0M0
  -------         PROC          IO_INIT
  C:0B26H         LINE#         39
  C:0B26H         LINE#         40
  C:0B26H         LINE#         42
  C:0B2BH         LINE#         43
  C:0B2FH         LINE#         44
  C:0B33H         LINE#         45
  C:0B37H         LINE#         46
  C:0B3BH         LINE#         47
  C:0B3FH         LINE#         48
  C:0B43H         LINE#         49
  C:0B47H         LINE#         52
  C:0B4DH         LINE#         53
  C:0B53H         LINE#         54
  C:0B59H         LINE#         55
  C:0B5FH         LINE#         56
  C:0B65H         LINE#         57
  C:0B6BH         LINE#         58
  C:0B71H         LINE#         59
  C:0B77H         LINE#         60
  C:0B7DH         LINE#         61
  -------         ENDPROC       IO_INIT
  -------         PROC          ROLL
  -------         DO            
  D:004AH         SYMBOL        i
  -------         ENDDO         
  C:0C10H         LINE#         64
  C:0C10H         LINE#         65
  C:0C10H         LINE#         70
  C:0C15H         LINE#         71
  C:0C1EH         LINE#         72
  C:0C1EH         LINE#         73
  C:0C21H         LINE#         74
  C:0C23H         LINE#         75
  C:0C25H         LINE#         76
  C:0C28H         LINE#         78
  C:0C2DH         LINE#         79
  C:0C36H         LINE#         80
  C:0C36H         LINE#         81
  C:0C39H         LINE#         82
  C:0C3BH         LINE#         83
  C:0C3DH         LINE#         85
BL51 BANKED LINKER/LOCATER V6.22.4.0                                                  05/18/2023  17:05:15  PAGE 6


  C:0C40H         LINE#         86
  C:0C40H         LINE#         87
  C:0C45H         LINE#         88
  C:0C48H         LINE#         89
  C:0C51H         LINE#         90
  -------         ENDPROC       ROLL
  -------         PROC          MAIN
  -------         DO            
  D:0048H         SYMBOL        i
  D:0049H         SYMBOL        temp
  -------         ENDDO         
  C:0066H         LINE#         98
  C:0066H         LINE#         99
  C:0066H         LINE#         103
  C:0069H         LINE#         105
  C:006CH         LINE#         106
  C:006FH         LINE#         107
  C:0074H         LINE#         109
  C:0077H         LINE#         110
  C:007AH         LINE#         112
  C:007FH         LINE#         113
  C:0085H         LINE#         114
  C:008EH         LINE#         115
  C:008EH         LINE#         116
  C:0091H         LINE#         117
  C:0093H         LINE#         118
  C:0095H         LINE#         119
  C:0098H         LINE#         120
  C:009EH         LINE#         121
  C:00A7H         LINE#         122
  C:00A7H         LINE#         123
  C:00AAH         LINE#         124
  C:00ACH         LINE#         125
  C:00AEH         LINE#         126
  C:00B1H         LINE#         128
  C:00B1H         LINE#         129
  C:00B1H         LINE#         130
  C:00B4H         LINE#         132
  C:00B7H         LINE#         133
  C:00BEH         LINE#         135
  C:00C4H         LINE#         136
  C:00C4H         LINE#         137
  C:00C6H         LINE#         138
  C:00CAH         LINE#         139
  C:00CAH         LINE#         140
  C:00CDH         LINE#         141
  C:00CFH         LINE#         142
  C:00D3H         LINE#         143
  C:00D7H         LINE#         144
  C:00DBH         LINE#         145
  C:00DFH         LINE#         146
  C:00E3H         LINE#         147
  C:00E7H         LINE#         149
  C:00EAH         LINE#         150
  C:00EDH         LINE#         151
  C:00EFH         LINE#         152
  C:00F1H         LINE#         153
BL51 BANKED LINKER/LOCATER V6.22.4.0                                                  05/18/2023  17:05:15  PAGE 7


  C:00F3H         LINE#         154
  C:00F6H         LINE#         155
  C:00FFH         LINE#         156
  C:00FFH         LINE#         157
  C:0101H         LINE#         158
  C:0104H         LINE#         159
  C:0106H         LINE#         160
  C:010AH         LINE#         161
  C:010AH         LINE#         162
  C:010DH         LINE#         163
  C:0116H         LINE#         164
  C:0116H         LINE#         165
  C:0118H         LINE#         166
  C:011EH         LINE#         167
  C:011EH         LINE#         168
  C:0121H         LINE#         169
  C:0124H         LINE#         170
  C:0128H         LINE#         172
  C:012BH         LINE#         173
  C:012DH         LINE#         174
  C:012FH         LINE#         175
  C:0131H         LINE#         177
  C:0138H         LINE#         178
  C:0141H         LINE#         179
  C:0141H         LINE#         180
  C:0144H         LINE#         181
  C:0146H         LINE#         182
  C:0148H         LINE#         183
  C:014BH         LINE#         184
  C:014EH         LINE#         185
  C:0157H         LINE#         186
  C:0157H         LINE#         187
  C:015AH         LINE#         188
  C:015CH         LINE#         189
  C:015EH         LINE#         190
  C:0161H         LINE#         192
  C:0168H         LINE#         193
  C:0177H         LINE#         194
  C:018CH         LINE#         195
  C:01A5H         LINE#         196
  C:01BEH         LINE#         197
  C:01D0H         LINE#         198
  C:01D0H         LINE#         199
  C:01D3H         LINE#         200
  C:01D8H         LINE#         201
  C:01D8H         LINE#         202
  C:01DBH         LINE#         203
  C:01E0H         LINE#         204
  C:01E0H         LINE#         205
  C:01E3H         LINE#         206
  C:01E9H         LINE#         207
  C:01ECH         LINE#         209
  C:01ECH         LINE#         210
  C:01EFH         LINE#         211
  C:01F5H         LINE#         212
  C:01F5H         LINE#         213
  C:01F8H         LINE#         215
BL51 BANKED LINKER/LOCATER V6.22.4.0                                                  05/18/2023  17:05:15  PAGE 8


  C:01FEH         LINE#         216
  C:01FEH         LINE#         217
  C:0200H         LINE#         218
  C:0207H         LINE#         219
  C:0211H         LINE#         220
  C:0213H         LINE#         221
  C:0213H         LINE#         222
  C:0213H         LINE#         223
  C:0213H         LINE#         224
  C:0213H         LINE#         225
  C:0215H         LINE#         226
  C:021BH         LINE#         227
  C:021BH         LINE#         228
  C:021DH         LINE#         229
  C:0224H         LINE#         230
  C:022DH         LINE#         231
  C:022FH         LINE#         232
  C:0244H         LINE#         233
  C:024BH         LINE#         234
  C:024FH         LINE#         235
  C:024FH         LINE#         236
  C:0251H         LINE#         237
  C:0257H         LINE#         238
  C:0257H         LINE#         239
  C:0259H         LINE#         240
  C:0260H         LINE#         241
  C:026AH         LINE#         242
  C:026CH         LINE#         243
  C:0281H         LINE#         244
  C:0288H         LINE#         245
  C:028CH         LINE#         246
  C:028CH         LINE#         247
  C:028EH         LINE#         248
  C:0294H         LINE#         249
  C:0294H         LINE#         250
  C:0296H         LINE#         251
  C:029DH         LINE#         252
  C:02A6H         LINE#         253
  C:02A8H         LINE#         254
  C:02BDH         LINE#         255
  C:02C4H         LINE#         256
  C:02CBH         LINE#         257
  C:02D2H         LINE#         258
  C:02D2H         LINE#         262
  C:02DBH         LINE#         263
  C:02DBH         LINE#         265
  C:02E2H         LINE#         266
  C:02E2H         LINE#         267
  C:02E5H         LINE#         268
  C:02EDH         LINE#         269
  C:030FH         LINE#         270
  C:030FH         LINE#         292
  C:031EH         LINE#         293
  C:0325H         LINE#         294
  C:033EH         LINE#         295
  C:0357H         LINE#         296
  C:0370H         LINE#         297
BL51 BANKED LINKER/LOCATER V6.22.4.0                                                  05/18/2023  17:05:15  PAGE 9


  C:0375H         LINE#         298
  C:038EH         LINE#         299
  C:03A0H         LINE#         301
  C:03ABH         LINE#         302
  C:03ABH         LINE#         303
  C:03CBH         LINE#         304
  C:03CDH         LINE#         306
  C:03CDH         LINE#         308
  C:0439H         LINE#         309
  C:0439H         LINE#         310
  C:0440H         LINE#         311
  C:0459H         LINE#         312
  C:0472H         LINE#         313
  C:048BH         LINE#         314
  C:0490H         LINE#         315
  C:04A9H         LINE#         318
  C:04ACH         LINE#         319
  C:04B5H         LINE#         320
  C:04B5H         LINE#         321
  C:04BCH         LINE#         322
  C:04CBH         LINE#         323
  C:04E0H         LINE#         324
  C:04F9H         LINE#         325
  C:0512H         LINE#         326
  C:0524H         LINE#         330
  C:052FH         LINE#         331
  C:052FH         LINE#         332
  C:054FH         LINE#         333
  C:0551H         LINE#         335
  C:0551H         LINE#         337
  C:05BDH         LINE#         338
  C:05BDH         LINE#         339
  C:05C4H         LINE#         340
  C:05DDH         LINE#         341
  C:05F6H         LINE#         342
  C:060FH         LINE#         343
  C:0614H         LINE#         344
  C:062DH         LINE#         345
  C:062DH         LINE#         346
  -------         ENDPROC       MAIN
  -------         PROC          EXINT0
  C:0E37H         LINE#         351
  C:0E39H         LINE#         353
  C:0E41H         LINE#         354
  -------         ENDPROC       EXINT0
  -------         ENDMOD        MAIN

  -------         MODULE        SYS
  C:0000H         SYMBOL        _ICE_DUMMY_
  D:0080H         PUBLIC        P0
  D:0090H         PUBLIC        P1
  D:00A0H         PUBLIC        P2
  D:00B0H         PUBLIC        P3
  D:00C0H         PUBLIC        P4
  D:00C8H         PUBLIC        P5
  D:00E8H         PUBLIC        P6
  D:00F8H         PUBLIC        P7
BL51 BANKED LINKER/LOCATER V6.22.4.0                                                  05/18/2023  17:05:15  PAGE 10


  D:00A8H         PUBLIC        IE
  D:00B8H         PUBLIC        IP
  D:00D8H         PUBLIC        CCON
  C:0D40H         PUBLIC        _delay1ms
  C:0D5DH         PUBLIC        _delay4us
  D:0098H         PUBLIC        SCON
  D:0088H         PUBLIC        TCON
  C:0E19H         PUBLIC        Delay100ms
  D:00D0H         PUBLIC        PSW
  -------         PROC          _DELAY4US
  D:0006H         SYMBOL        us
  -------         DO            
  D:0004H         SYMBOL        i
  D:0003H         SYMBOL        m
  -------         ENDDO         
  C:0D5DH         LINE#         46
  C:0D5DH         LINE#         47
  C:0D5DH         LINE#         50
  C:0D67H         LINE#         51
  C:0D74H         LINE#         52
  -------         ENDPROC       _DELAY4US
  -------         PROC          _DELAY1MS
  D:004AH         SYMBOL        ms
  -------         DO            
  D:0082H         SYMBOL        m
  -------         ENDDO         
  C:0D40H         LINE#         57
  C:0D44H         LINE#         58
  C:0D44H         LINE#         60
  C:0D52H         LINE#         61
  C:0D5CH         LINE#         62
  -------         ENDPROC       _DELAY1MS
  -------         PROC          DELAY100MS
  -------         DO            
  D:0007H         SYMBOL        i
  D:0006H         SYMBOL        j
  D:0005H         SYMBOL        k
  -------         ENDDO         
  C:0E19H         LINE#         65
  C:0E19H         LINE#         66
  C:0E19H         LINE#         69
  C:0E1AH         LINE#         70
  C:0E1BH         LINE#         71
  C:0E1DH         LINE#         72
  C:0E1FH         LINE#         73
  C:0E21H         LINE#         75
  C:0E21H         LINE#         77
  C:0E21H         LINE#         78
  C:0E23H         LINE#         79
  C:0E25H         LINE#         80
  C:0E27H         LINE#         81
  -------         ENDPROC       DELAY100MS
  -------         ENDMOD        SYS

  -------         MODULE        KEY
  C:0000H         SYMBOL        _ICE_DUMMY_
  D:0080H         PUBLIC        P0
BL51 BANKED LINKER/LOCATER V6.22.4.0                                                  05/18/2023  17:05:15  PAGE 11


  D:0090H         PUBLIC        P1
  D:00A0H         PUBLIC        P2
  D:00B0H         PUBLIC        P3
  D:00C0H         PUBLIC        P4
  D:00C8H         PUBLIC        P5
  D:00E8H         PUBLIC        P6
  D:00F8H         PUBLIC        P7
  D:00A8H         PUBLIC        IE
  C:000EH         PUBLIC        IO_KeyDelay
  D:00B8H         PUBLIC        IP
  D:00D8H         PUBLIC        CCON
  D:0044H         PUBLIC        IO_KeyState
  D:0045H         PUBLIC        KeyCode
  C:09EEH         PUBLIC        IO_KeyScan
  D:0098H         PUBLIC        SCON
  D:0088H         PUBLIC        TCON
  C:0E09H         PUBLIC        T_KeyTable
  D:0046H         PUBLIC        IO_KeyHoldCnt
  D:0047H         PUBLIC        IO_KeyState1
  B:00D0H.5       PUBLIC        F0
  D:00D0H         PUBLIC        PSW
  -------         PROC          IO_KEYDELAY
  -------         DO            
  D:0007H         SYMBOL        i
  -------         ENDDO         
  C:000EH         LINE#         31
  C:000EH         LINE#         32
  C:000EH         LINE#         34
  C:0010H         LINE#         35
  C:0012H         LINE#         36
  -------         ENDPROC       IO_KEYDELAY
  -------         PROC          IO_KEYSCAN
  -------         DO            
  D:0006H         SYMBOL        j
  -------         ENDDO         
  C:09EEH         LINE#         38
  C:09EEH         LINE#         39
  C:09EEH         LINE#         42
  C:09F0H         LINE#         44
  C:09F3H         LINE#         45
  C:09F6H         LINE#         46
  C:09FCH         LINE#         48
  C:09FFH         LINE#         49
  C:0A02H         LINE#         51
  C:0A08H         LINE#         53
  C:0A0BH         LINE#         55
  C:0A10H         LINE#         56
  C:0A10H         LINE#         57
  C:0A12H         LINE#         58
  C:0A15H         LINE#         59
  C:0A19H         LINE#         60
  C:0A19H         LINE#         61
  C:0A1BH         LINE#         62
  C:0A22H         LINE#         63
  C:0A26H         LINE#         64
  C:0A26H         LINE#         65
  C:0A2FH         LINE#         66
BL51 BANKED LINKER/LOCATER V6.22.4.0                                                  05/18/2023  17:05:15  PAGE 12


  C:0A2FH         LINE#         67
  C:0A32H         LINE#         68
  C:0A34H         LINE#         69
  C:0A34H         LINE#         70
  C:0A34H         LINE#         71
  C:0A37H         LINE#         72
  C:0A37H         LINE#         73
  C:0A41H         LINE#         74
  C:0A4BH         LINE#         75
  C:0A4BH         LINE#         76
  C:0A56H         LINE#         77
  C:0A56H         LINE#         79
  C:0A56H         LINE#         80
  C:0A58H         LINE#         81
  C:0A5BH         LINE#         82
  C:0A5BH         LINE#         83
  C:0A5EH         LINE#         84
  -------         ENDPROC       IO_KEYSCAN
  -------         ENDMOD        KEY

  -------         MODULE        LCD12864
  C:0000H         SYMBOL        _ICE_DUMMY_
  D:0080H         PUBLIC        P0
  D:0090H         PUBLIC        P1
  D:00A0H         PUBLIC        P2
  D:00B0H         PUBLIC        P3
  D:00C0H         PUBLIC        P4
  D:00C8H         PUBLIC        P5
  D:00E8H         PUBLIC        P6
  D:00F8H         PUBLIC        P7
  D:00A8H         PUBLIC        IE
  C:0DAFH         PUBLIC        _LCD12864_VerticalRoll
  D:00B8H         PUBLIC        IP
  D:00D8H         PUBLIC        CCON
  D:0098H         PUBLIC        SCON
  D:0088H         PUBLIC        TCON
  C:0D07H         PUBLIC        _LCD12864_Delay1ms
  C:0D9CH         PUBLIC        _LCD12864_WriteData
  B:00A0H.2       PUBLIC        LCD12864_EN
  C:0E28H         PUBLIC        LCD12864_Init
  C:0D89H         PUBLIC        _LCD12864_WriteCmd
  B:00A0H.0       PUBLIC        LCD12864_RS
  B:00A0H.1       PUBLIC        LCD12864_RW
  C:0D20H         PUBLIC        _LCD12864_SetWindow
  D:00D0H         PUBLIC        PSW
  -------         PROC          L?0024
  -------         ENDPROC       L?0024
  -------         PROC          _LCD12864_DELAY1MS
  D:0006H         SYMBOL        c
  -------         DO            
  D:0004H         SYMBOL        a
  D:0005H         SYMBOL        b
  -------         ENDDO         
  C:0D07H         LINE#         10
  C:0D07H         LINE#         11
  C:0D07H         LINE#         13
  C:0D10H         LINE#         14
BL51 BANKED LINKER/LOCATER V6.22.4.0                                                  05/18/2023  17:05:15  PAGE 13


  C:0D10H         LINE#         15
  C:0D12H         LINE#         16
  C:0D12H         LINE#         17
  C:0D16H         LINE#         18
  C:0D18H         LINE#         19
  C:0D1FH         LINE#         20
  -------         ENDPROC       _LCD12864_DELAY1MS
  -------         PROC          _LCD12864_WRITECMD
  D:0003H         SYMBOL        cmd
  -------         DO            
  D:004BH         SYMBOL        i
  -------         ENDDO         
  C:0D89H         LINE#         31
  C:0D8BH         LINE#         32
  C:0D8BH         LINE#         34
  C:0D8EH         LINE#         36
  C:0D94H         LINE#         38
  C:0D96H         LINE#         39
  C:0D96H         LINE#         40
  C:0D96H         LINE#         42
  C:0D96H         LINE#         44
  C:0D96H         LINE#         45
  C:0D99H         LINE#         46
  C:0D9BH         LINE#         47
  -------         ENDPROC       _LCD12864_WRITECMD
  -------         PROC          _LCD12864_WRITEDATA
  D:0003H         SYMBOL        dat
  -------         DO            
  D:004BH         SYMBOL        i
  -------         ENDDO         
  C:0D9CH         LINE#         56
  C:0D9EH         LINE#         57
  C:0D9EH         LINE#         59
  C:0DA1H         LINE#         61
  C:0DA7H         LINE#         63
  C:0DA9H         LINE#         64
  C:0DA9H         LINE#         65
  C:0DA9H         LINE#         67
  C:0DA9H         LINE#         69
  C:0DA9H         LINE#         70
  C:0DACH         LINE#         71
  C:0DAEH         LINE#         72
  -------         ENDPROC       _LCD12864_WRITEDATA
  -------         PROC          LCD12864_INIT
  C:0E28H         LINE#         112
  C:0E28H         LINE#         113
  C:0E28H         LINE#         115
  C:0E2DH         LINE#         116
  C:0E32H         LINE#         117
  -------         ENDPROC       LCD12864_INIT
  -------         PROC          _LCD12864_SETWINDOW
  D:0007H         SYMBOL        x
  D:0005H         SYMBOL        y
  -------         DO            
  D:0007H         SYMBOL        pos
  -------         ENDDO         
  C:0D20H         LINE#         156
BL51 BANKED LINKER/LOCATER V6.22.4.0                                                  05/18/2023  17:05:15  PAGE 14


  C:0D20H         LINE#         157
  C:0D20H         LINE#         160
  C:0D23H         LINE#         161
  C:0D23H         LINE#         162
  C:0D25H         LINE#         163
  C:0D27H         LINE#         165
  C:0D2AH         LINE#         166
  C:0D2AH         LINE#         167
  C:0D2CH         LINE#         168
  C:0D2EH         LINE#         170
  C:0D31H         LINE#         171
  C:0D31H         LINE#         172
  C:0D33H         LINE#         173
  C:0D35H         LINE#         175
  C:0D38H         LINE#         176
  C:0D38H         LINE#         177
  C:0D3AH         LINE#         178
  C:0D3AH         LINE#         180
  C:0D3DH         LINE#         181
  -------         ENDPROC       _LCD12864_SETWINDOW
  -------         PROC          _LCD12864_VERTICALROLL
  D:0002H         SYMBOL        N_Pixel
  C:0DAFH         LINE#         195
  C:0DB1H         LINE#         196
  C:0DB1H         LINE#         197
  C:0DB6H         LINE#         198
  C:0DBBH         LINE#         199
  -------         ENDPROC       _LCD12864_VERTICALROLL
  -------         ENDMOD        LCD12864

  -------         MODULE        TIMER
  C:0000H         SYMBOL        _ICE_DUMMY_
  D:0080H         PUBLIC        P0
  D:0090H         PUBLIC        P1
  D:00A0H         PUBLIC        P2
  D:00B0H         PUBLIC        P3
  D:00C0H         PUBLIC        P4
  D:00C8H         PUBLIC        P5
  D:00E8H         PUBLIC        P6
  D:00F8H         PUBLIC        P7
  C:0DE7H         PUBLIC        _Give
  D:00A8H         PUBLIC        IE
  D:003CH         PUBLIC        TimerCount
  C:0E51H         PUBLIC        tm0
  C:0016H         PUBLIC        tm2
  D:003EH         PUBLIC        AdcCount
  D:0040H         PUBLIC        MoterCount
  D:00B8H         PUBLIC        IP
  D:0041H         PUBLIC        WaiteTimeCount
  D:00D8H         PUBLIC        CCON
  D:0098H         PUBLIC        SCON
  D:0089H         PUBLIC        TMOD
  D:0088H         PUBLIC        TCON
  D:0043H         PUBLIC        PulseNum
  D:008EH         PUBLIC        AUXR
  B:0088H.5       PUBLIC        TF0
  C:0DF8H         PUBLIC        Timer0Init
BL51 BANKED LINKER/LOCATER V6.22.4.0                                                  05/18/2023  17:05:15  PAGE 15


  D:008CH         PUBLIC        TH0
  C:0E44H         PUBLIC        Timer2Init
  D:00D6H         PUBLIC        T2H
  D:008AH         PUBLIC        TL0
  D:00D7H         PUBLIC        T2L
  B:0088H.4       PUBLIC        TR0
  C:0003H         PUBLIC        CCW
  B:0090H.1       PUBLIC        A1
  B:0090H.2       PUBLIC        B1
  B:0090H.3       PUBLIC        C1
  B:0090H.4       PUBLIC        D1
  D:00D0H         PUBLIC        PSW
  -------         PROC          _GIVE
  D:0007H         SYMBOL        dat
  C:0DE7H         LINE#         33
  C:0DE7H         LINE#         34
  C:0DE7H         LINE#         35
  C:0DECH         LINE#         36
  C:0DF0H         LINE#         37
  C:0DF4H         LINE#         38
  C:0DF7H         LINE#         39
  -------         ENDPROC       _GIVE
  -------         PROC          TIMER0INIT
  C:0DF8H         LINE#         44
  C:0DF8H         LINE#         45
  C:0DF8H         LINE#         46
  C:0DFBH         LINE#         47
  C:0DFEH         LINE#         48
  C:0E01H         LINE#         49
  C:0E04H         LINE#         50
  C:0E06H         LINE#         51
  C:0E08H         LINE#         52
  -------         ENDPROC       TIMER0INIT
  -------         PROC          TIMER2INIT
  C:0E44H         LINE#         55
  C:0E44H         LINE#         56
  C:0E44H         LINE#         57
  C:0E47H         LINE#         58
  C:0E4AH         LINE#         59
  C:0E4DH         LINE#         60
  C:0E50H         LINE#         61
  -------         ENDPROC       TIMER2INIT
  -------         PROC          TM0
  C:0E51H         LINE#         68
  C:0E53H         LINE#         71
  C:0E5BH         LINE#         73
  -------         ENDPROC       TM0
  -------         PROC          TM2
  C:0016H         LINE#         79
  C:0023H         LINE#         92
  C:002BH         LINE#         93
  C:0034H         LINE#         94
  C:0034H         LINE#         95
  C:0036H         LINE#         96
  C:003CH         LINE#         97
  C:0048H         LINE#         98
  C:0048H         LINE#         99
BL51 BANKED LINKER/LOCATER V6.22.4.0                                                  05/18/2023  17:05:15  PAGE 16


  C:0050H         LINE#         100
  C:0050H         LINE#         101
  C:0053H         LINE#         102
  C:0056H         LINE#         103
  C:0056H         LINE#         107
  -------         ENDPROC       TM2
  -------         ENDMOD        TIMER

  -------         MODULE        AD
  C:0000H         SYMBOL        _ICE_DUMMY_
  D:0080H         PUBLIC        P0
  D:0090H         PUBLIC        P1
  D:00A0H         PUBLIC        P2
  D:00B0H         PUBLIC        P3
  D:00C0H         PUBLIC        P4
  D:00C8H         PUBLIC        P5
  D:00E8H         PUBLIC        P6
  D:00F8H         PUBLIC        P7
  D:00A8H         PUBLIC        IE
  D:00BDH         PUBLIC        ADC_RES
  D:00B8H         PUBLIC        IP
  D:00D8H         PUBLIC        CCON
  D:00BCH         PUBLIC        ADC_CONTR
  D:0098H         PUBLIC        SCON
  D:0088H         PUBLIC        TCON
  D:009DH         PUBLIC        P1ASF
  D:00BEH         PUBLIC        ADC_RESL
  C:0CD5H         PUBLIC        _GetADCResult
  D:00D0H         PUBLIC        PSW
  -------         PROC          _GETADCRESULT
  D:0007H         SYMBOL        ch
  -------         DO            
  D:0006H         SYMBOL        Vo
  -------         ENDDO         
  C:0CD5H         LINE#         25
  C:0CD5H         LINE#         26
  C:0CD5H         LINE#         28
  C:0CD8H         LINE#         29
  C:0CDDH         LINE#         33
  C:0CDEH         LINE#         34
  C:0CDFH         LINE#         35
  C:0CE0H         LINE#         36
  C:0CE1H         LINE#         37
  C:0CE6H         LINE#         39
  C:0CE9H         LINE#         41
  C:0CFAH         LINE#         44
  C:0CFAH         LINE#         45
  -------         ENDPROC       _GETADCRESULT
  -------         ENDMOD        AD

  -------         MODULE        DS1302
  C:0000H         SYMBOL        _ICE_DUMMY_
  D:0080H         PUBLIC        P0
  D:0090H         PUBLIC        P1
  D:00A0H         PUBLIC        P2
  D:00B0H         PUBLIC        P3
  D:00C0H         PUBLIC        P4
BL51 BANKED LINKER/LOCATER V6.22.4.0                                                  05/18/2023  17:05:15  PAGE 17


  D:00C8H         PUBLIC        P5
  D:00E8H         PUBLIC        P6
  D:00F8H         PUBLIC        P7
  B:00C8H.4       PUBLIC        CE
  D:00A8H         PUBLIC        IE
  D:00B8H         PUBLIC        IP
  D:00D8H         PUBLIC        CCON
  C:0ACCH         PUBLIC        ds1302_scan
  C:0DD5H         PUBLIC        _bcd_read
  D:0098H         PUBLIC        SCON
  D:0088H         PUBLIC        TCON
  B:00B0H.6       PUBLIC        SDA
  C:0C56H         PUBLIC        _Read_Ds1302
  B:00B0H.5       PUBLIC        SCK
  C:0DC2H         PUBLIC        _Write_Ds1302_Byte
  C:0D75H         PUBLIC        _Write_Ds1302
  D:00D0H         PUBLIC        PSW
  -------         PROC          _WRITE_DS1302_BYTE
  D:0007H         SYMBOL        temp
  -------         DO            
  D:0006H         SYMBOL        i
  -------         ENDDO         
  C:0DC2H         LINE#         21
  C:0DC2H         LINE#         22
  C:0DC2H         LINE#         24
  C:0DC4H         LINE#         25
  C:0DC4H         LINE#         26
  C:0DC6H         LINE#         27
  C:0DCAH         LINE#         28
  C:0DCEH         LINE#         29
  C:0DD0H         LINE#         30
  C:0DD4H         LINE#         31
  -------         ENDPROC       _WRITE_DS1302_BYTE
  -------         PROC          _WRITE_DS1302
  D:0007H         SYMBOL        address
  D:0005H         SYMBOL        dat
  C:0D75H         LINE#         36
  C:0D75H         LINE#         37
  C:0D75H         LINE#         38
  C:0D77H         LINE#         39
  C:0D78H         LINE#         40
  C:0D7AH         LINE#         41
  C:0D7BH         LINE#         42
  C:0D7DH         LINE#         43
  C:0D7EH         LINE#         44
  C:0D81H         LINE#         45
  C:0D86H         LINE#         46
  C:0D88H         LINE#         47
  -------         ENDPROC       _WRITE_DS1302
  -------         PROC          _READ_DS1302
  D:0007H         SYMBOL        address
  -------         DO            
  D:0007H         SYMBOL        i
  D:0005H         SYMBOL        temp
  -------         ENDDO         
  C:0C56H         LINE#         52
  C:0C56H         LINE#         53
BL51 BANKED LINKER/LOCATER V6.22.4.0                                                  05/18/2023  17:05:15  PAGE 18


  C:0C56H         LINE#         54
  C:0C58H         LINE#         55
  C:0C5AH         LINE#         56
  C:0C5BH         LINE#         57
  C:0C5CH         LINE#         58
  C:0C5EH         LINE#         59
  C:0C5FH         LINE#         60
  C:0C60H         LINE#         61
  C:0C62H         LINE#         62
  C:0C63H         LINE#         63
  C:0C64H         LINE#         65
  C:0C67H         LINE#         67
  C:0C69H         LINE#         68
  C:0C69H         LINE#         69
  C:0C6CH         LINE#         70
  C:0C6FH         LINE#         71
  C:0C71H         LINE#         72
  C:0C75H         LINE#         73
  C:0C76H         LINE#         74
  C:0C77H         LINE#         75
  C:0C78H         LINE#         76
  C:0C7AH         LINE#         77
  C:0C7EH         LINE#         79
  C:0C80H         LINE#         80
  C:0C81H         LINE#         81
  C:0C82H         LINE#         82
  C:0C84H         LINE#         83
  C:0C86H         LINE#         84
  C:0C87H         LINE#         85
  C:0C88H         LINE#         86
  C:0C89H         LINE#         87
  C:0C8AH         LINE#         88
  C:0C8CH         LINE#         89
  C:0C8DH         LINE#         90
  C:0C8EH         LINE#         91
  C:0C90H         LINE#         92
  C:0C91H         LINE#         93
  C:0C92H         LINE#         94
  C:0C94H         LINE#         95
  C:0C95H         LINE#         96
  C:0C96H         LINE#         97
  C:0C98H         LINE#         98
  -------         ENDPROC       _READ_DS1302
  -------         PROC          _BCD_READ
  D:0007H         SYMBOL        add
  -------         DO            
  D:0007H         SYMBOL        fla
  D:0007H         SYMBOL        fla2
  -------         ENDDO         
  C:0DD5H         LINE#         105
  C:0DD5H         LINE#         106
  C:0DD5H         LINE#         108
  C:0DD8H         LINE#         109
  C:0DE6H         LINE#         110
  C:0DE6H         LINE#         111
  -------         ENDPROC       _BCD_READ
  -------         PROC          DS1302_SCAN
BL51 BANKED LINKER/LOCATER V6.22.4.0                                                  05/18/2023  17:05:15  PAGE 19


  -------         DO            
  D:004AH         SYMBOL        temp
  -------         ENDDO         
  C:0ACCH         LINE#         143
  C:0ACCH         LINE#         144
  C:0ACCH         LINE#         147
  C:0AD3H         LINE#         149
  C:0ADAH         LINE#         150
  C:0AECH         LINE#         151
  C:0AFAH         LINE#         152
  C:0AFFH         LINE#         154
  C:0B06H         LINE#         156
  C:0B18H         LINE#         157
  -------         ENDPROC       DS1302_SCAN
  -------         ENDMOD        DS1302

  -------         MODULE        DHT11
  C:0000H         SYMBOL        _ICE_DUMMY_
  D:0008H         PUBLIC        count_r
  C:0A5FH         PUBLIC        UpdateTemp
  D:0080H         PUBLIC        P0
  D:0090H         PUBLIC        P1
  D:00A0H         PUBLIC        P2
  D:00B0H         PUBLIC        P3
  D:00C0H         PUBLIC        P4
  D:00C8H         PUBLIC        P5
  D:00E8H         PUBLIC        P6
  D:0009H         PUBLIC        U8T_data_H
  D:00F8H         PUBLIC        P7
  D:000AH         PUBLIC        U8T_data_L
  D:00A8H         PUBLIC        IE
  D:00B8H         PUBLIC        IP
  C:0E5EH         PUBLIC        Delay_10us
  D:000BH         PUBLIC        U8T_data_H_temp
  D:000CH         PUBLIC        U8T_data_L_temp
  D:00D8H         PUBLIC        CCON
  D:000DH         PUBLIC        U16temp1
  D:000FH         PUBLIC        U16temp2
  D:0011H         PUBLIC        U8FLAG
  D:0012H         PUBLIC        count
  D:0013H         PUBLIC        U8checkdata
  D:0098H         PUBLIC        SCON
  D:0088H         PUBLIC        TCON
  D:0014H         PUBLIC        U8count
  D:0015H         PUBLIC        U8checkdata_temp
  D:0016H         PUBLIC        U8temp
  D:0017H         PUBLIC        U8RH_data_H
  D:0018H         PUBLIC        U8RH_data_L
  B:0090H.1       PUBLIC        DHT_IO
  D:0019H         PUBLIC        str
  C:0BC7H         PUBLIC        COM
  D:001EH         PUBLIC        U8RH_data_H_temp
  D:001FH         PUBLIC        U8RH_data_L_temp
  D:0020H         PUBLIC        k
  D:0021H         PUBLIC        U8comdata
  D:0022H         PUBLIC        indata
  D:0027H         PUBLIC        outdata
BL51 BANKED LINKER/LOCATER V6.22.4.0                                                  05/18/2023  17:05:15  PAGE 20


  D:00D0H         PUBLIC        PSW
  -------         PROC          DELAY_10US
  C:0E5EH         LINE#         21
  C:0E5EH         LINE#         22
  C:0E5EH         LINE#         23
  -------         ENDPROC       DELAY_10US
  -------         PROC          COM
  -------         DO            
  D:004AH         SYMBOL        i
  -------         ENDDO         
  C:0BC7H         LINE#         28
  C:0BC7H         LINE#         29
  C:0BC7H         LINE#         33
  C:0BCAH         LINE#         34
  C:0BCAH         LINE#         36
  C:0BCDH         LINE#         37
  C:0BD7H         LINE#         38
  C:0BDAH         LINE#         39
  C:0BDDH         LINE#         40
  C:0BE0H         LINE#         41
  C:0BE3H         LINE#         42
  C:0BE9H         LINE#         43
  C:0BECH         LINE#         44
  C:0BF6H         LINE#         46
  C:0BFCH         LINE#         51
  C:0C02H         LINE#         52
  C:0C06H         LINE#         53
  C:0C0FH         LINE#         55
  -------         ENDPROC       COM
  -------         PROC          UPDATETEMP
  C:0A5FH         LINE#         70
  C:0A5FH         LINE#         71
  C:0A5FH         LINE#         73
  C:0A61H         LINE#         74
  C:0A68H         LINE#         75
  C:0A6AH         LINE#         77
  C:0A6DH         LINE#         78
  C:0A70H         LINE#         82
  C:0A72H         LINE#         84
  C:0A75H         LINE#         85
  C:0A75H         LINE#         86
  C:0A78H         LINE#         88
  C:0A82H         LINE#         89
  C:0A85H         LINE#         91
  C:0A8FH         LINE#         93
  C:0A92H         LINE#         94
  C:0A95H         LINE#         95
  C:0A98H         LINE#         96
  C:0A9BH         LINE#         97
  C:0A9EH         LINE#         98
  C:0AA1H         LINE#         99
  C:0AA4H         LINE#         100
  C:0AA7H         LINE#         101
  C:0AAAH         LINE#         102
  C:0AADH         LINE#         103
  C:0AAFH         LINE#         106
  C:0AB9H         LINE#         107
BL51 BANKED LINKER/LOCATER V6.22.4.0                                                  05/18/2023  17:05:15  PAGE 21


  C:0ABCH         LINE#         108
  C:0ABCH         LINE#         109
  C:0ABFH         LINE#         110
  C:0AC2H         LINE#         111
  C:0AC5H         LINE#         112
  C:0AC8H         LINE#         113
  C:0ACBH         LINE#         114
  C:0ACBH         LINE#         115
  C:0ACBH         LINE#         117
  -------         ENDPROC       UPDATETEMP
  -------         ENDMOD        DHT11

  -------         MODULE        ?C?FPADD
  C:0637H         PUBLIC        ?C?FPADD
  C:0633H         PUBLIC        ?C?FPSUB
  -------         ENDMOD        ?C?FPADD

  -------         MODULE        ?C?FPMUL
  C:0728H         PUBLIC        ?C?FPMUL
  -------         ENDMOD        ?C?FPMUL

  -------         MODULE        ?C?FCAST
  C:0838H         PUBLIC        ?C?FCASTC
  C:0833H         PUBLIC        ?C?FCASTI
  C:082EH         PUBLIC        ?C?FCASTL
  -------         ENDMOD        ?C?FCAST

  -------         MODULE        ?C?CASTF
  C:086CH         PUBLIC        ?C?CASTF
  -------         ENDMOD        ?C?CASTF

  -------         MODULE        ?C?IMUL
  C:08EDH         PUBLIC        ?C?IMUL
  -------         ENDMOD        ?C?IMUL

  -------         MODULE        ?C?UIDIV
  C:08FFH         PUBLIC        ?C?UIDIV
  -------         ENDMOD        ?C?UIDIV

  -------         MODULE        ?C?LNEG
  C:0954H         PUBLIC        ?C?LNEG
  -------         ENDMOD        ?C?LNEG

*** WARNING L1: UNRESOLVED EXTERNAL SYMBOL
    SYMBOL:  _DELAY2US
    MODULE:  ..\OBJ\dht11.obj (DHT11)

*** WARNING L2: REFERENCE MADE TO UNRESOLVED EXTERNAL
    SYMBOL:  _DELAY2US
    MODULE:  ..\OBJ\dht11.obj (DHT11)
    ADDRESS: 0E63H

Program Size: data=77.0 xdata=0 code=3683
LINK/LOCATE RUN COMPLETE.  2 WARNING(S),  0 ERROR(S)
