<html>
<body>
<pre>
<h1>礦ision Build Log</h1>
<h2>Tool Versions:</h2>
IDE-Version: μVision V5.25.3.0
Copyright (C) 2018 ARM Ltd and ARM Germany GmbH. All rights reserved.
License Information: 123 lenovo, 1234, LIC=HF82Z-JKXL6-MSDYP-M1D7R-MN300-Q0ANE
 
Tool Versions:
Toolchain:       MDK-ARM Professional  Version: 5.25.0.0
Toolchain Path:  C:\Keil_v5\ARM\ARMCC\Bin
C Compiler:      Armcc.exe V5.06 update 6 (build 750)
Assembler:       Armasm.exe V5.06 update 6 (build 750)
Linker/Locator:  ArmLink.exe V5.06 update 6 (build 750)
Library Manager: ArmAr.exe V5.06 update 6 (build 750)
Hex Converter:   FromElf.exe V5.06 update 6 (build 750)
CPU DLL:         SARMCM3.DLL V5.25.0.0
Dialog DLL:      DARMSTM.DLL V1.68.0.0
Target DLL:      STLink\ST-LINKIII-KEIL_SWO.dll V3.0.1.0
Dialog DLL:      TARMSTM.DLL V1.66.0.0
 
<h2>Project:</h2>
D:\BaiduNetdiskDownload\单片机与嵌入式系统竞赛实训平台-配套资料-V1.10\03-程序源码\STM32（B平台）\超声波测距实验\超声波测距实验\USER\EXTI.uvprojx
Project File Date:  06/23/2020

<h2>Output:</h2>
*** Using Compiler 'V5.06 update 6 (build 750)', folder: 'C:\Keil_v5\ARM\ARMCC\Bin'
Build target 'EXTI'
compiling led.c...
compiling beep.c...
compiling key.c...
compiling stm32f10x_it.c...
compiling wave.c...
compiling system_stm32f10x.c...
compiling main.c...
assembling startup_stm32f10x_hd.s...
compiling core_cm3.c...
compiling delay.c...
compiling misc.c...
compiling usart.c...
compiling timer.c...
compiling stm32f10x_gpio.c...
compiling sys.c...
compiling stm32f10x_rcc.c...
compiling stm32f10x_usart.c...
compiling stm32f10x_exti.c...
compiling stm32f10x_tim.c...
linking...
Program Size: Code=14260 RO-data=512 RW-data=56 ZI-data=1832  
FromELF: creating hex file...
"..\OBJ\EXIT.axf" - 0 Error(s), 0 Warning(s).

<h2>Software Packages used:</h2>

Package Vendor: Keil
                http://www.keil.com/pack/Keil.STM32F1xx_DFP.2.1.0.pack
                Keil.STM32F1xx_DFP.2.1.0
                STMicroelectronics STM32F1 Series Device Support, Drivers and Examples

<h2>Collection of Component include folders:</h2>
  .\RTE\_EXTI
  C:\Keil_v5\ARM\PACK\Keil\STM32F1xx_DFP\2.1.0\Device\Include

<h2>Collection of Component Files used:</h2>
Build Time Elapsed:  00:00:04
</pre>
</body>
</html>
