Component: ARM Compiler 5.06 update 6 (build 750) Tool: armlink [4d35ed]

==============================================================================

Section Cross References

    main.o(.text) refers to lcd.o(.text) for LCD_Clear
    main.o(.text) refers to key.o(.text) for KEY_Scan
    main.o(.text) refers to touch.o(.text) for TP_Draw_Big_Point
    main.o(.text) refers to delay.o(.text) for delay_ms
    main.o(.text) refers to misc.o(.text) for NVIC_PriorityGroupConfig
    main.o(.text) refers to usart.o(.text) for uart_init
    main.o(.text) refers to led.o(.text) for LED_Init
    main.o(.text) refers to lcd.o(.data) for POINT_COLOR
    main.o(.text) refers to lcd.o(.bss) for lcddev
    main.o(.text) refers to touch.o(.data) for tp_dev
    main.o(.text) refers to main.o(.constdata) for POINT_COLOR_TBL
    system_stm32f10x.o(.text) refers to system_stm32f10x.o(.data) for SystemCoreClock
    led.o(.text) refers to stm32f10x_rcc.o(.text) for RCC_APB2PeriphClockCmd
    led.o(.text) refers to stm32f10x_gpio.o(.text) for GPIO_Init
    key.o(.text) refers to stm32f10x_rcc.o(.text) for RCC_APB2PeriphClockCmd
    key.o(.text) refers to stm32f10x_gpio.o(.text) for GPIO_Init
    key.o(.text) refers to delay.o(.text) for delay_ms
    key.o(.text) refers to key.o(.data) for key_up
    lcd.o(.text) refers to _printf_percent.o(.ARM.Collect$$_printf_percent$$00000000) for _printf_percent
    lcd.o(.text) refers to _printf_x.o(.ARM.Collect$$_printf_percent$$0000000C) for _printf_x
    lcd.o(.text) refers to _printf_hex_int.o(.text) for _printf_longlong_hex
    lcd.o(.text) refers to delay.o(.text) for delay_us
    lcd.o(.text) refers to lcd.o(.bss) for lcddev
    lcd.o(.text) refers to lcd.o(.data) for POINT_COLOR
    lcd.o(.text) refers to dflt_clz.o(x$fpl$dfltu) for __aeabi_ui2d
    lcd.o(.text) refers to dmul.o(x$fpl$dmul) for __aeabi_dmul
    lcd.o(.text) refers to dfixu.o(x$fpl$dfixu) for __aeabi_d2uiz
    lcd.o(.text) refers to stm32f10x_rcc.o(.text) for RCC_AHBPeriphClockCmd
    lcd.o(.text) refers to stm32f10x_gpio.o(.text) for GPIO_Init
    lcd.o(.text) refers to stm32f10x_fsmc.o(.text) for FSMC_NORSRAMInit
    lcd.o(.text) refers to noretval__2printf.o(.text) for __2printf
    lcd.o(.text) refers to lcd.o(.constdata) for asc2_1206
    myiic.o(.text) refers to stm32f10x_rcc.o(.text) for RCC_APB2PeriphClockCmd
    myiic.o(.text) refers to stm32f10x_gpio.o(.text) for GPIO_Init
    myiic.o(.text) refers to delay.o(.text) for delay_us
    24cxx.o(.text) refers to myiic.o(.text) for IIC_Init
    24cxx.o(.text) refers to delay.o(.text) for delay_ms
    spi.o(.text) refers to stm32f10x_spi.o(.text) for SPI_I2S_GetFlagStatus
    spi.o(.text) refers to stm32f10x_rcc.o(.text) for RCC_APB2PeriphClockCmd
    spi.o(.text) refers to stm32f10x_gpio.o(.text) for GPIO_Init
    w25qxx.o(.text) refers to _printf_percent.o(.ARM.Collect$$_printf_percent$$00000000) for _printf_percent
    w25qxx.o(.text) refers to _printf_x.o(.ARM.Collect$$_printf_percent$$0000000C) for _printf_x
    w25qxx.o(.text) refers to _printf_hex_int.o(.text) for _printf_longlong_hex
    w25qxx.o(.text) refers to spi.o(.text) for SPI2_ReadWriteByte
    w25qxx.o(.text) refers to stm32f10x_rcc.o(.text) for RCC_APB2PeriphClockCmd
    w25qxx.o(.text) refers to stm32f10x_gpio.o(.text) for GPIO_Init
    w25qxx.o(.text) refers to noretval__2printf.o(.text) for __2printf
    w25qxx.o(.text) refers to delay.o(.text) for delay_us
    w25qxx.o(.text) refers to w25qxx.o(.data) for W25QXX_TYPE
    w25qxx.o(.text) refers to w25qxx.o(.bss) for W25QXX_BUFFER
    touch.o(.text) refers to delay.o(.text) for delay_us
    touch.o(.text) refers to lcd.o(.text) for LCD_DrawLine
    touch.o(.text) refers to fflt_clz.o(x$fpl$fflt) for __aeabi_i2f
    touch.o(.text) refers to fflt_clz.o(x$fpl$ffltu) for __aeabi_ui2f
    touch.o(.text) refers to fmul.o(x$fpl$fmul) for __aeabi_fmul
    touch.o(.text) refers to faddsub_clz.o(x$fpl$fadd) for __aeabi_fadd
    touch.o(.text) refers to ffixu.o(x$fpl$ffixu) for __aeabi_f2uiz
    touch.o(.text) refers to 24cxx.o(.text) for AT24CXX_Write
    touch.o(.text) refers to touch.o(.data) for CMD_RDX
    touch.o(.text) refers to lcd.o(.data) for POINT_COLOR
    touch.o(.text) refers to dflt_clz.o(x$fpl$dfltu) for __aeabi_ui2d
    touch.o(.text) refers to sqrt.o(i.sqrt) for sqrt
    touch.o(.text) refers to dfixu.o(x$fpl$dfixu) for __aeabi_d2uiz
    touch.o(.text) refers to fdiv.o(x$fpl$fdiv) for __aeabi_fdiv
    touch.o(.text) refers to f2d.o(x$fpl$f2d) for __aeabi_f2d
    touch.o(.text) refers to dleqf.o(x$fpl$dleqf) for __aeabi_cdcmple
    touch.o(.text) refers to drleqf.o(x$fpl$drleqf) for __aeabi_cdrcmple
    touch.o(.text) refers to lcd.o(.bss) for lcddev
    touch.o(.text) refers to touch.o(.constdata) for TP_REMIND_MSG_TBL
    touch.o(.text) refers to dmul.o(x$fpl$dmul) for __aeabi_dmul
    touch.o(.text) refers to faddsub_clz.o(x$fpl$fsub) for __aeabi_fsub
    touch.o(.text) refers to ffix.o(x$fpl$ffix) for __aeabi_f2iz
[...]
    ../fplib/dsqrt.s                         0x00000000   Number         0  dsqrt_noumaal.o ABSOLUTE
    ../fplib/f2d.s                           0x00000000   Number         0  f2d.o ABSOLUTE
    ../fplib/faddsub.s                       0x00000000   Number         0  faddsub_clz.o ABSOLUTE
    ../fplib/fdiv.s                          0x00000000   Number         0  fdiv.o ABSOLUTE
    ../fplib/ffix.s                          0x00000000   Number         0  ffix.o ABSOLUTE
    ../fplib/ffixu.s                         0x00000000   Number         0  ffixu.o ABSOLUTE
    ../fplib/fflt.s                          0x00000000   Number         0  fflt_clz.o ABSOLUTE
    ../fplib/fmul.s                          0x00000000   Number         0  fmul.o ABSOLUTE
    ../fplib/fnaninf.s                       0x00000000   Number         0  fnaninf.o ABSOLUTE
    ../fplib/fpinit.s                        0x00000000   Number         0  fpinit.o ABSOLUTE
    ../fplib/fretinf.s                       0x00000000   Number         0  fretinf.o ABSOLUTE
    ../fplib/usenofp.s                       0x00000000   Number         0  usenofp.o ABSOLUTE
    ../mathlib/sqrt.c                        0x00000000   Number         0  sqrt_x.o ABSOLUTE
    ../mathlib/sqrt.c                        0x00000000   Number         0  sqrt.o ABSOLUTE
    ..\CORE\core_cm3.c                       0x00000000   Number         0  core_cm3.o ABSOLUTE
    ..\CORE\startup_stm32f10x_hd.s           0x00000000   Number         0  startup_stm32f10x_hd.o ABSOLUTE
    ..\HARDWARE\24CXX\24cxx.c                0x00000000   Number         0  24cxx.o ABSOLUTE
    ..\HARDWARE\IIC\myiic.c                  0x00000000   Number         0  myiic.o ABSOLUTE
    ..\HARDWARE\KEY\key.c                    0x00000000   Number         0  key.o ABSOLUTE
    ..\HARDWARE\LCD\lcd.c                    0x00000000   Number         0  lcd.o ABSOLUTE
    ..\HARDWARE\LED\led.c                    0x00000000   Number         0  led.o ABSOLUTE
    ..\HARDWARE\SPI\spi.c                    0x00000000   Number         0  spi.o ABSOLUTE
    ..\HARDWARE\TOUCH\GT911.c                0x00000000   Number         0  gt911.o ABSOLUTE
    ..\HARDWARE\TOUCH\ctiic.c                0x00000000   Number         0  ctiic.o ABSOLUTE
    ..\HARDWARE\TOUCH\ft5206.c               0x00000000   Number         0  ft5206.o ABSOLUTE
    ..\HARDWARE\TOUCH\gt9147.c               0x00000000   Number         0  gt9147.o ABSOLUTE
    ..\HARDWARE\TOUCH\ott2001a.c             0x00000000   Number         0  ott2001a.o ABSOLUTE
    ..\HARDWARE\TOUCH\touch.c                0x00000000   Number         0  touch.o ABSOLUTE
    ..\HARDWARE\W25QXX\w25qxx.c              0x00000000   Number         0  w25qxx.o ABSOLUTE
    ..\STM32F10x_FWLib\src\misc.c            0x00000000   Number         0  misc.o ABSOLUTE
    ..\STM32F10x_FWLib\src\stm32f10x_fsmc.c  0x00000000   Number         0  stm32f10x_fsmc.o ABSOLUTE
    ..\STM32F10x_FWLib\src\stm32f10x_gpio.c  0x00000000   Number         0  stm32f10x_gpio.o ABSOLUTE
    ..\STM32F10x_FWLib\src\stm32f10x_rcc.c   0x00000000   Number         0  stm32f10x_rcc.o ABSOLUTE
    ..\STM32F10x_FWLib\src\stm32f10x_spi.c   0x00000000   Number         0  stm32f10x_spi.o ABSOLUTE
    ..\STM32F10x_FWLib\src\stm32f10x_usart.c 0x00000000   Number         0  stm32f10x_usart.o ABSOLUTE
    ..\SYSTEM\delay\delay.c                  0x00000000   Number         0  delay.o ABSOLUTE
    ..\SYSTEM\sys\sys.c                      0x00000000   Number         0  sys.o ABSOLUTE
    ..\SYSTEM\usart\usart.c                  0x00000000   Number         0  usart.o ABSOLUTE
    ..\\CORE\\core_cm3.c                     0x00000000   Number         0  core_cm3.o ABSOLUTE
    ..\\SYSTEM\\sys\\sys.c                   0x00000000   Number         0  sys.o ABSOLUTE
    dc.s                                     0x00000000   Number         0  dc.o ABSOLUTE
    main.c                                   0x00000000   Number         0  main.o ABSOLUTE
    stm32f10x_it.c                           0x00000000   Number         0  stm32f10x_it.o ABSOLUTE
    system_stm32f10x.c                       0x00000000   Number         0  system_stm32f10x.o ABSOLUTE
    RESET                                    0x08000000   Section      304  startup_stm32f10x_hd.o(RESET)
    !!!main                                  0x08000130   Section        8  __main.o(!!!main)
    !!!scatter                               0x08000138   Section       52  __scatter.o(!!!scatter)
    !!handler_copy                           0x0800016c   Section       26  __scatter_copy.o(!!handler_copy)
    !!handler_zi                             0x08000188   Section       28  __scatter_zi.o(!!handler_zi)
    .ARM.Collect$$_printf_percent$$00000000  0x080001a4   Section        0  _printf_percent.o(.ARM.Collect$$_printf_percent$$00000000)
    .ARM.Collect$$_printf_percent$$00000009  0x080001a4   Section        6  _printf_d.o(.ARM.Collect$$_printf_percent$$00000009)
    .ARM.Collect$$_printf_percent$$0000000C  0x080001aa   Section        6  _printf_x.o(.ARM.Collect$$_printf_percent$$0000000C)
    .ARM.Collect$$_printf_percent$$00000014  0x080001b0   Section        6  _printf_s.o(.ARM.Collect$$_printf_percent$$00000014)
    .ARM.Collect$$_printf_percent$$00000017  0x080001b6   Section        4  _printf_percent_end.o(.ARM.Collect$$_printf_percent$$00000017)
    .ARM.Collect$$libinit$$00000000          0x080001ba   Section        2  libinit.o(.ARM.Collect$$libinit$$00000000)
    .ARM.Collect$$libinit$$00000002          0x080001bc   Section        0  libinit2.o(.ARM.Collect$$libinit$$00000002)
    .ARM.Collect$$libinit$$00000004          0x080001bc   Section        0  libinit2.o(.ARM.Collect$$libinit$$00000004)
    .ARM.Collect$$libinit$$0000000A          0x080001bc   Section        0  libinit2.o(.ARM.Collect$$libinit$$0000000A)
    .ARM.Collect$$libinit$$0000000C          0x080001bc   Section        0  libinit2.o(.ARM.Collect$$libinit$$0000000C)
    .ARM.Collect$$libinit$$0000000E          0x080001bc   Section        0  libinit2.o(.ARM.Collect$$libinit$$0000000E)
    .ARM.Collect$$libinit$$00000011          0x080001bc   Section        0  libinit2.o(.ARM.Collect$$libinit$$00000011)
    .ARM.Collect$$libinit$$00000013          0x080001bc   Section        0  libinit2.o(.ARM.Collect$$libinit$$00000013)
    .ARM.Collect$$libinit$$00000015          0x080001bc   Section        0  libinit2.o(.ARM.Collect$$libinit$$00000015)
    .ARM.Collect$$libinit$$00000017          0x080001bc   Section        0  libinit2.o(.ARM.Collect$$libinit$$00000017)
    .ARM.Collect$$libinit$$00000019          0x080001bc   Section        0  libinit2.o(.ARM.Collect$$libinit$$00000019)
    .ARM.Collect$$libinit$$0000001B          0x080001bc   Section        0  libinit2.o(.ARM.Collect$$libinit$$0000001B)
    .ARM.Collect$$libinit$$0000001D          0x080001bc   Section        0  libinit2.o(.ARM.Collect$$libinit$$0000001D)
    .ARM.Collect$$libinit$$0000001F          0x080001bc   Section        0  libinit2.o(.ARM.Collect$$libinit$$0000001F)
    .ARM.Collect$$libinit$$00000021          0x080001bc   Section        0  libinit2.o(.ARM.Collect$$libinit$$00000021)
    .ARM.Collect$$libinit$$00000023          0x080001bc   Section        0  libinit2.o(.ARM.Collect$$libinit$$00000023)
    .ARM.Collect$$libinit$$00000025          0x080001bc   Section        0  libinit2.o(.ARM.Collect$$libinit$$00000025)
    .ARM.Collect$$libinit$$0000002C          0x080001bc   Section        0  libinit2.o(.ARM.Collect$$libinit$$0000002C)
    .ARM.Collect$$libinit$$0000002E          0x080001bc   Section        0  libinit2.o(.ARM.Collect$$libinit$$0000002E)
    .ARM.Collect$$libinit$$00000030          0x080001bc   Section        0  libinit2.o(.ARM.Collect$$libinit$$00000030)
    .ARM.Collect$$libinit$$00000032          0x080001bc   Section        0  libinit2.o(.ARM.Collect$$libinit$$00000032)
    .ARM.Collect$$libinit$$00000033          0x080001bc   Section        2  libinit2.o(.ARM.Collect$$libinit$$00000033)
    .ARM.Collect$$libshutdown$$00000000      0x080001be   Section        2  libshutdown.o(.ARM.Collect$$libshutdown$$00000000)
    .ARM.Collect$$libshutdown$$00000002      0x080001c0   Section        0  libshutdown2.o(.ARM.Collect$$libshutdown$$00000002)
    .ARM.Collect$$libshutdown$$00000004      0x080001c0   Section        0  libshutdown2.o(.ARM.Collect$$libshutdown$$00000004)
    .ARM.Collect$$libshutdown$$00000007      0x080001c0   Section        0  libshutdown2.o(.ARM.Collect$$libshutdown$$00000007)
    .ARM.Collect$$libshutdown$$0000000A      0x080001c0   Section        0  libshutdown2.o(.ARM.Collect$$libshutdown$$0000000A)
    .ARM.Collect$$libshutdown$$0000000C      0x080001c0   Section        0  libshutdown2.o(.ARM.Collect$$libshutdown$$0000000C)
    .ARM.Collect$$libshutdown$$0000000F      0x080001c0   Section        0  libshutdown2.o(.ARM.Collect$$libshutdown$$0000000F)
    .ARM.Collect$$libshutdown$$00000010      0x080001c0   Section        2  libshutdown2.o(.ARM.Collect$$libshutdown$$00000010)
    .ARM.Collect$$rtentry$$00000000          0x080001c2   Section        0  __rtentry.o(.ARM.Collect$$rtentry$$00000000)
    .ARM.Collect$$rtentry$$00000002          0x080001c2   Section        0  __rtentry2.o(.ARM.Collect$$rtentry$$00000002)
    .ARM.Collect$$rtentry$$00000004          0x080001c2   Section        6  __rtentry4.o(.ARM.Collect$$rtentry$$00000004)
    .ARM.Collect$$rtentry$$00000009          0x080001c8   Section        0  __rtentry2.o(.ARM.Collect$$rtentry$$00000009)
    .ARM.Collect$$rtentry$$0000000A          0x080001c8   Section        4  __rtentry2.o(.ARM.Collect$$rtentry$$0000000A)
    .ARM.Collect$$rtentry$$0000000C          0x080001cc   Section        0  __rtentry2.o(.ARM.Collect$$rtentry$$0000000C)
    .ARM.Collect$$rtentry$$0000000D          0x080001cc   Section        8  __rtentry2.o(.ARM.Collect$$rtentry$$0000000D)
    .ARM.Collect$$rtexit$$00000000           0x080001d4   Section        2  rtexit.o(.ARM.Collect$$rtexit$$00000000)
    .ARM.Collect$$rtexit$$00000002           0x080001d6   Section        0  rtexit2.o(.ARM.Collect$$rtexit$$00000002)
    .ARM.Collect$$rtexit$$00000003           0x080001d6   Section        4  rtexit2.o(.ARM.Collect$$rtexit$$00000003)
    .ARM.Collect$$rtexit$$00000004           0x080001da   Section        6  rtexit2.o(.ARM.Collect$$rtexit$$00000004)
    .text                                    0x080001e0   Section        0  main.o(.text)
    .text                                    0x0800066c   Section        0  stm32f10x_it.o(.text)
    .text                                    0x08000688   Section        0  system_stm32f10x.o(.text)
    SetSysClockTo72                          0x08000689   Thumb Code   214  system_stm32f10x.o(.text)
    SetSysClock                              0x0800075f   Thumb Code     8  system_stm32f10x.o(.text)
    .text                                    0x08000868   Section        0  led.o(.text)
    .text                                    0x0800089c   Section        0  key.o(.text)
    .text                                    0x08000998   Section        0  lcd.o(.text)
    .text                                    0x0800572c   Section        0  myiic.o(.text)
    .text                                    0x08005998   Section        0  24cxx.o(.text)
    .text                                    0x08005b14   Section        0  touch.o(.text)
    .text                                    0x08006b0c   Section        0  ctiic.o(.text)
    .text                                    0x08006d90   Section        0  ott2001a.o(.text)
    .text                                    0x080070fc   Section        0  ft5206.o(.text)
    .text                                    0x08007434   Section        0  gt9147.o(.text)
    .text                                    0x0800788c   Section        0  gt911.o(.text)
    .text                                    0x08007ca0   Section        0  delay.o(.text)
    .text                                    0x08007d74   Section        0  usart.o(.text)
    .text                                    0x08007eb4   Section       64  startup_stm32f10x_hd.o(.text)
    .text                                    0x08007ef4   Section        0  misc.o(.text)
    .text                                    0x08007fd0   Section        0  stm32f10x_fsmc.o(.text)
    .text                                    0x080085dc   Section        0  stm32f10x_gpio.o(.text)
    .text                                    0x08008938   Section        0  stm32f10x_rcc.o(.text)
    .text                                    0x08008cdc   Section        0  stm32f10x_usart.o(.text)
    .text                                    0x080090e4   Section        2  use_no_semi_2.o(.text)
    .text                                    0x080090e8   Section        0  noretval__2printf.o(.text)
    .text                                    0x08009100   Section        0  __printf.o(.text)
    .text                                    0x08009168   Section        0  _printf_str.o(.text)
    .text                                    0x080091bc   Section        0  _printf_dec.o(.text)
    .text                                    0x08009234   Section        0  _printf_hex_int.o(.text)
    .text                                    0x0800928c   Section      128  strcmpv7m.o(.text)
    .text                                    0x0800930c   Section        0  heapauxi.o(.text)
    .text                                    0x08009312   Section        2  use_no_semi.o(.text)
    .text                                    0x08009314   Section        0  _rserrno.o(.text)
    .text                                    0x0800932a   Section        0  _printf_intcommon.o(.text)
    .text                                    0x080093dc   Section        0  _printf_char.o(.text)
    .text                                    0x08009408   Section        0  _printf_char_file.o(.text)
    .text                                    0x0800942c   Section        8  rt_errno_addr_intlibspace.o(.text)
    .text                                    0x08009434   Section        0  _printf_char_common.o(.text)
    _printf_input_char                       0x08009435   Thumb Code    10  _printf_char_common.o(.text)
    .text                                    0x08009464   Section        0  ferror.o(.text)
    .text                                    0x0800946c   Section        8  libspace.o(.text)
    .text                                    0x08009474   Section       74  sys_stackheap_outer.o(.text)
    .text                                    0x080094be   Section        0  exit.o(.text)
    i.sqrt                                   0x080094d0   Section        0  sqrt.o(i.sqrt)
    x$fpl$dadd                               0x0800951c   Section      336  daddsub_clz.o(x$fpl$dadd)
    _dadd1                                   0x0800952d   Thumb Code     0  daddsub_clz.o(x$fpl$dadd)
    x$fpl$dcmpinf                            0x0800966c   Section       24  dcmpi.o(x$fpl$dcmpinf)
    x$fpl$dfixu                              0x08009684   Section       90  dfixu.o(x$fpl$dfixu)
    x$fpl$dflt                               0x080096de   Section       46  dflt_clz.o(x$fpl$dflt)
    x$fpl$dfltu                              0x0800970c   Section       38  dflt_clz.o(x$fpl$dfltu)
    x$fpl$dleqf                              0x08009734   Section      120  dleqf.o(x$fpl$dleqf)
    x$fpl$dmul                               0x080097ac   Section      340  dmul.o(x$fpl$dmul)
    x$fpl$dnaninf                            0x08009900   Section      156  dnaninf.o(x$fpl$dnaninf)
    x$fpl$dretinf                            0x0800999c   Section       12  dretinf.o(x$fpl$dretinf)
    x$fpl$drleqf                             0x080099a8   Section      108  drleqf.o(x$fpl$drleqf)
    x$fpl$drsb                               0x08009a14   Section       22  daddsub_clz.o(x$fpl$drsb)
    x$fpl$dsqrt                              0x08009a2c   Section      460  dsqrt_noumaal.o(x$fpl$dsqrt)
    x$fpl$dsub                               0x08009bf8   Section      468  daddsub_clz.o(x$fpl$dsub)
    _dsub1                                   0x08009c09   Thumb Code     0  daddsub_clz.o(x$fpl$dsub)
    x$fpl$f2d                                0x08009dcc   Section       86  f2d.o(x$fpl$f2d)
    x$fpl$fadd                               0x08009e24   Section      196  faddsub_clz.o(x$fpl$fadd)
    _fadd1                                   0x08009e33   Thumb Code     0  faddsub_clz.o(x$fpl$fadd)
    x$fpl$fdiv                               0x08009ee8   Section      388  fdiv.o(x$fpl$fdiv)
    _fdiv1                                   0x08009ee9   Thumb Code     0  fdiv.o(x$fpl$fdiv)
    x$fpl$ffix                               0x0800a06c   Section       54  ffix.o(x$fpl$ffix)
    x$fpl$ffixu                              0x0800a0a4   Section       62  ffixu.o(x$fpl$ffixu)
    x$fpl$fflt                               0x0800a0e4   Section       48  fflt_clz.o(x$fpl$fflt)
    x$fpl$ffltu                              0x0800a114   Section       38  fflt_clz.o(x$fpl$ffltu)
    x$fpl$fmul                               0x0800a13c   Section      258  fmul.o(x$fpl$fmul)
    x$fpl$fnaninf                            0x0800a23e   Section      140  fnaninf.o(x$fpl$fnaninf)
    x$fpl$fretinf                            0x0800a2ca   Section       10  fretinf.o(x$fpl$fretinf)
    x$fpl$fsub                               0x0800a2d4   Section      234  faddsub_clz.o(x$fpl$fsub)
    _fsub1                                   0x0800a2e3   Thumb Code     0  faddsub_clz.o(x$fpl$fsub)
    .constdata                               0x0800a3be   Section       10  main.o(.constdata)
    x$fpl$usenofp                            0x0800a3be   Section        0  usenofp.o(x$fpl$usenofp)
    .constdata                               0x0800a3c8   Section     6080  lcd.o(.constdata)
    .constdata                               0x0800bb88   Section        4  touch.o(.constdata)
    .constdata                               0x0800bb8c   Section       10  ott2001a.o(.constdata)
    .constdata                               0x0800bb96   Section       10  ft5206.o(.constdata)
    .constdata                               0x0800bba0   Section      194  gt9147.o(.constdata)
    .constdata                               0x0800bc62   Section       10  gt911.o(.constdata)
    .constdata                               0x0800bc6c   Section       40  _printf_hex_int.o(.constdata)
    uc_hextab                                0x0800bc6c   Data          20  _printf_hex_int.o(.constdata)
    lc_hextab                                0x0800bc80   Data          20  _printf_hex_int.o(.constdata)
    .conststring                             0x0800bc94   Section      121  touch.o(.conststring)
    .data                                    0x20000000   Section       20  system_stm32f10x.o(.data)
    .data                                    0x20000014   Section        1  key.o(.data)
    key_up                                   0x20000014   Data           1  key.o(.data)
    .data                                    0x20000016   Section        4  lcd.o(.data)
    .data                                    0x2000001c   Section       54  touch.o(.data)
    .data                                    0x20000052   Section        1  ott2001a.o(.data)
    t                                        0x20000052   Data           1  ott2001a.o(.data)
    .data                                    0x20000053   Section        1  ft5206.o(.data)
    t                                        0x20000053   Data           1  ft5206.o(.data)
    .data                                    0x20000054   Section        1  gt9147.o(.data)
    t                                        0x20000054   Data           1  gt9147.o(.data)
    .data                                    0x20000055   Section        1  gt911.o(.data)
    t                                        0x20000055   Data           1  gt911.o(.data)
    .data                                    0x20000056   Section        4  delay.o(.data)
    fac_us                                   0x20000056   Data           1  delay.o(.data)
    fac_ms                                   0x20000058   Data           2  delay.o(.data)
    .data                                    0x2000005c   Section        6  usart.o(.data)
    .data                                    0x20000062   Section       20  stm32f10x_rcc.o(.data)
    APBAHBPrescTable                         0x20000062   Data          16  stm32f10x_rcc.o(.data)
    ADCPrescTable                            0x20000072   Data           4  stm32f10x_rcc.o(.data)
    .bss                                     0x20000078   Section       14  lcd.o(.bss)
    .bss                                     0x20000086   Section      200  usart.o(.bss)
    .bss                                     0x20000150   Section       96  libspace.o(.bss)
    HEAP                                     0x200001b0   Section      512  startup_stm32f10x_hd.o(HEAP)
    Heap_Mem                                 0x200001b0   Data         512  startup_stm32f10x_hd.o(HEAP)
    STACK                                    0x200003b0   Section     1024  startup_stm32f10x_hd.o(STACK)
    Stack_Mem                                0x200003b0   Data        1024  startup_stm32f10x_hd.o(STACK)
    __initial_sp                             0x200007b0   Data           0  startup_stm32f10x_hd.o(STACK)

    Global Symbols

    Symbol Name                              Value     Ov Type        Size  Object(Section)

    BuildAttributes$$THM_ISAv4$P$D$K$B$S$PE$A:L22UL41UL21$X:L11$S22US41US21$IEEE1$IW$USESV6$~STKCKD$USESV7$~SHL$OTIME$ROPI$IEEEJ$EBA8$UX$STANDARDLIB$REQ8$PRES8$EABIv2 0x00000000   Number         0  anon$$obj.o ABSOLUTE
    __ARM_use_no_argv                        0x00000000   Number         0  main.o ABSOLUTE
    __ARM_exceptions_init                     - Undefined Weak Reference
    __alloca_initialize                       - Undefined Weak Reference
    __arm_preinit_                            - Undefined Weak Reference
    __cpp_initialize__aeabi_                  - Undefined Weak Reference
    __cxa_finalize                            - Undefined Weak Reference
    __rt_locale                               - Undefined Weak Reference
    __sigvec_lookup                           - Undefined Weak Reference
    _atexit_init                              - Undefined Weak Reference
    _call_atexit_fns                          - Undefined Weak Reference
    _clock_init                               - Undefined Weak Reference
    _fp_trap_init                             - Undefined Weak Reference
    _fp_trap_shutdown                         - Undefined Weak Reference
    _get_lc_collate                           - Undefined Weak Reference
    _get_lc_ctype                             - Undefined Weak Reference
    _get_lc_monetary                          - Undefined Weak Reference
    _get_lc_numeric                           - Undefined Weak Reference
    _get_lc_time                              - Undefined Weak Reference
    _getenv_init                              - Undefined Weak Reference
    _handle_redirection                       - Undefined Weak Reference
    _init_alloc                               - Undefined Weak Reference
    _init_user_alloc                          - Undefined Weak Reference
    _initio                                   - Undefined Weak Reference
    _mutex_acquire                            - Undefined Weak Reference
    _mutex_release                            - Undefined Weak Reference
    _printf_mbtowc                            - Undefined Weak Reference
    _printf_post_padding                      - Undefined Weak Reference
    _printf_pre_padding                       - Undefined Weak Reference
    _printf_truncate_signed                   - Undefined Weak Reference
    _printf_truncate_unsigned                 - Undefined Weak Reference
    _rand_init                                - Undefined Weak Reference
    _signal_finish                            - Undefined Weak Reference
    _signal_init                              - Undefined Weak Reference
    _terminate_alloc                          - Undefined Weak Reference
    _terminate_user_alloc                     - Undefined Weak Reference
    _terminateio                              - Undefined Weak Reference
    __Vectors_Size                           0x00000130   Number         0  startup_stm32f10x_hd.o ABSOLUTE
    __Vectors                                0x08000000   Data           4  startup_stm32f10x_hd.o(RESET)
    __Vectors_End                            0x08000130   Data           0  startup_stm32f10x_hd.o(RESET)
    __main                                   0x08000131   Thumb Code     8  __main.o(!!!main)
    __scatterload                            0x08000139   Thumb Code     0  __scatter.o(!!!scatter)
    __scatterload_rt2                        0x08000139   Thumb Code    44  __scatter.o(!!!scatter)
    __scatterload_rt2_thumb_only             0x08000139   Thumb Code     0  __scatter.o(!!!scatter)
    __scatterload_null                       0x08000147   Thumb Code     0  __scatter.o(!!!scatter)
    __scatterload_copy                       0x0800016d   Thumb Code    26  __scatter_copy.o(!!handler_copy)
    __scatterload_zeroinit                   0x08000189   Thumb Code    28  __scatter_zi.o(!!handler_zi)
    _printf_d                                0x080001a5   Thumb Code     0  _printf_d.o(.ARM.Collect$$_printf_percent$$00000009)
    _printf_percent                          0x080001a5   Thumb Code     0  _printf_percent.o(.ARM.Collect$$_printf_percent$$00000000)
    _printf_x                                0x080001ab   Thumb Code     0  _printf_x.o(.ARM.Collect$$_printf_percent$$0000000C)
    _printf_s                                0x080001b1   Thumb Code     0  _printf_s.o(.ARM.Collect$$_printf_percent$$00000014)
    _printf_percent_end                      0x080001b7   Thumb Code     0  _printf_percent_end.o(.ARM.Collect$$_printf_percent$$00000017)
    __rt_lib_init                            0x080001bb   Thumb Code     0  libinit.o(.ARM.Collect$$libinit$$00000000)
    __rt_lib_init_alloca_1                   0x080001bd   Thumb Code     0  libinit2.o(.ARM.Collect$$libinit$$0000002E)
    __rt_lib_init_argv_1                     0x080001bd   Thumb Code     0  libinit2.o(.ARM.Collect$$libinit$$0000002C)
    __rt_lib_init_atexit_1                   0x080001bd   Thumb Code     0  libinit2.o(.ARM.Collect$$libinit$$0000001B)
    __rt_lib_init_clock_1                    0x080001bd   Thumb Code     0  libinit2.o(.ARM.Collect$$libinit$$00000021)
    __rt_lib_init_cpp_1                      0x080001bd   Thumb Code     0  libinit2.o(.ARM.Collect$$libinit$$00000032)
    __rt_lib_init_exceptions_1               0x080001bd   Thumb Code     0  libinit2.o(.ARM.Collect$$libinit$$00000030)
    __rt_lib_init_fp_1                       0x080001bd   Thumb Code     0  libinit2.o(.ARM.Collect$$libinit$$00000002)
    __rt_lib_init_fp_trap_1                  0x080001bd   Thumb Code     0  libinit2.o(.ARM.Collect$$libinit$$0000001F)
    __rt_lib_init_getenv_1                   0x080001bd   Thumb Code     0  libinit2.o(.ARM.Collect$$libinit$$00000023)
    __rt_lib_init_heap_1                     0x080001bd   Thumb Code     0  libinit2.o(.ARM.Collect$$libinit$$0000000A)
    __rt_lib_init_lc_collate_1               0x080001bd   Thumb Code     0  libinit2.o(.ARM.Collect$$libinit$$00000011)
    __rt_lib_init_lc_ctype_1                 0x080001bd   Thumb Code     0  libinit2.o(.ARM.Collect$$libinit$$00000013)
    __rt_lib_init_lc_monetary_1              0x080001bd   Thumb Code     0  libinit2.o(.ARM.Collect$$libinit$$00000015)
    __rt_lib_init_lc_numeric_1               0x080001bd   Thumb Code     0  libinit2.o(.ARM.Collect$$libinit$$00000017)
    __rt_lib_init_lc_time_1                  0x080001bd   Thumb Code     0  libinit2.o(.ARM.Collect$$libinit$$00000019)
    __rt_lib_init_preinit_1                  0x080001bd   Thumb Code     0  libinit2.o(.ARM.Collect$$libinit$$00000004)
    __rt_lib_init_rand_1                     0x080001bd   Thumb Code     0  libinit2.o(.ARM.Collect$$libinit$$0000000E)
    __rt_lib_init_return                     0x080001bd   Thumb Code     0  libinit2.o(.ARM.Collect$$libinit$$00000033)
    __rt_lib_init_signal_1                   0x080001bd   Thumb Code     0  libinit2.o(.ARM.Collect$$libinit$$0000001D)
    __rt_lib_init_stdio_1                    0x080001bd   Thumb Code     0  libinit2.o(.ARM.Collect$$libinit$$00000025)
    __rt_lib_init_user_alloc_1               0x080001bd   Thumb Code     0  libinit2.o(.ARM.Collect$$libinit$$0000000C)
    __rt_lib_shutdown                        0x080001bf   Thumb Code     0  libshutdown.o(.ARM.Collect$$libshutdown$$00000000)
    __rt_lib_shutdown_cpp_1                  0x080001c1   Thumb Code     0  libshutdown2.o(.ARM.Collect$$libshutdown$$00000002)
    __rt_lib_shutdown_fp_trap_1              0x080001c1   Thumb Code     0  libshutdown2.o(.ARM.Collect$$libshutdown$$00000007)
    __rt_lib_shutdown_heap_1                 0x080001c1   Thumb Code     0  libshutdown2.o(.ARM.Collect$$libshutdown$$0000000F)
    __rt_lib_shutdown_return                 0x080001c1   Thumb Code     0  libshutdown2.o(.ARM.Collect$$libshutdown$$00000010)
    __rt_lib_shutdown_signal_1               0x080001c1   Thumb Code     0  libshutdown2.o(.ARM.Collect$$libshutdown$$0000000A)
    __rt_lib_shutdown_stdio_1                0x080001c1   Thumb Code     0  libshutdown2.o(.ARM.Collect$$libshutdown$$00000004)
    __rt_lib_shutdown_user_alloc_1           0x080001c1   Thumb Code     0  libshutdown2.o(.ARM.Collect$$libshutdown$$0000000C)
    __rt_entry                               0x080001c3   Thumb Code     0  __rtentry.o(.ARM.Collect$$rtentry$$00000000)
    __rt_entry_presh_1                       0x080001c3   Thumb Code     0  __rtentry2.o(.ARM.Collect$$rtentry$$00000002)
    __rt_entry_sh                            0x080001c3   Thumb Code     0  __rtentry4.o(.ARM.Collect$$rtentry$$00000004)
    __rt_entry_li                            0x080001c9   Thumb Code     0  __rtentry2.o(.ARM.Collect$$rtentry$$0000000A)
    __rt_entry_postsh_1                      0x080001c9   Thumb Code     0  __rtentry2.o(.ARM.Collect$$rtentry$$00000009)
    __rt_entry_main                          0x080001cd   Thumb Code     0  __rtentry2.o(.ARM.Collect$$rtentry$$0000000D)
    __rt_entry_postli_1                      0x080001cd   Thumb Code     0  __rtentry2.o(.ARM.Collect$$rtentry$$0000000C)
    __rt_exit                                0x080001d5   Thumb Code     0  rtexit.o(.ARM.Collect$$rtexit$$00000000)
    __rt_exit_ls                             0x080001d7   Thumb Code     0  rtexit2.o(.ARM.Collect$$rtexit$$00000003)
    __rt_exit_prels_1                        0x080001d7   Thumb Code     0  rtexit2.o(.ARM.Collect$$rtexit$$00000002)
    __rt_exit_exit                           0x080001db   Thumb Code     0  rtexit2.o(.ARM.Collect$$rtexit$$00000004)
    Load_Drow_Dialog                         0x080001e1   Thumb Code    52  main.o(.text)
    gui_draw_hline                           0x08000215   Thumb Code    36  main.o(.text)
    gui_fill_circle                          0x08000239   Thumb Code   176  main.o(.text)
    my_abs                                   0x080002e9   Thumb Code    18  main.o(.text)
    lcd_draw_bline                           0x080002fb   Thumb Code   212  main.o(.text)
    rtp_test                                 0x080003cf   Thumb Code   160  main.o(.text)
    ctp_test                                 0x0800046f   Thumb Code   276  main.o(.text)
    main                                     0x08000583   Thumb Code   218  main.o(.text)
    NMI_Handler                              0x0800066d   Thumb Code     2  stm32f10x_it.o(.text)
    HardFault_Handler                        0x0800066f   Thumb Code     4  stm32f10x_it.o(.text)
    MemManage_Handler                        0x08000673   Thumb Code     4  stm32f10x_it.o(.text)
    BusFault_Handler                         0x08000677   Thumb Code     4  stm32f10x_it.o(.text)
    UsageFault_Handler                       0x0800067b   Thumb Code     4  stm32f10x_it.o(.text)
    SVC_Handler                              0x0800067f   Thumb Code     2  stm32f10x_it.o(.text)
    DebugMon_Handler                         0x08000681   Thumb Code     2  stm32f10x_it.o(.text)
    PendSV_Handler                           0x08000683   Thumb Code     2  stm32f10x_it.o(.text)
    SysTick_Handler                          0x08000685   Thumb Code     2  stm32f10x_it.o(.text)
    SystemInit                               0x08000767   Thumb Code    78  system_stm32f10x.o(.text)
    SystemCoreClockUpdate                    0x080007b5   Thumb Code   142  system_stm32f10x.o(.text)
    LED_Init                                 0x08000869   Thumb Code    46  led.o(.text)
    KEY_Init                                 0x0800089d   Thumb Code    52  key.o(.text)
    KEY_Scan                                 0x080008d1   Thumb Code   188  key.o(.text)
    LCD_WR_REG                               0x08000999   Thumb Code     6  lcd.o(.text)
    LCD_WR_DATA                              0x0800099f   Thumb Code     8  lcd.o(.text)
    LCD_RD_DATA                              0x080009a7   Thumb Code    16  lcd.o(.text)
    LCD_WriteReg                             0x080009b7   Thumb Code    10  lcd.o(.text)
    LCD_ReadReg                              0x080009c1   Thumb Code    22  lcd.o(.text)
    LCD_WriteRAM_Prepare                     0x080009d7   Thumb Code    10  lcd.o(.text)
    LCD_WriteRAM                             0x080009e1   Thumb Code     8  lcd.o(.text)
    LCD_BGR2RGB                              0x080009e9   Thumb Code    26  lcd.o(.text)
    opt_delay                                0x08000a03   Thumb Code    14  lcd.o(.text)
    LCD_SetCursor                            0x08000a11   Thumb Code   524  lcd.o(.text)
    LCD_ReadPoint                            0x08000c1d   Thumb Code   406  lcd.o(.text)
    LCD_DisplayOn                            0x08000db3   Thumb Code   104  lcd.o(.text)
    LCD_DisplayOff                           0x08000e1b   Thumb Code   102  lcd.o(.text)
    LCD_Scan_Dir                             0x08000e81   Thumb Code   756  lcd.o(.text)
    LCD_DrawPoint                            0x08001175   Thumb Code    40  lcd.o(.text)
    LCD_Fast_DrawPoint                       0x0800119d   Thumb Code   448  lcd.o(.text)
    LCD_SSD_BackLightSet                     0x0800135d   Thumb Code    80  lcd.o(.text)
    LCD_Display_Dir                          0x080013ad   Thumb Code   520  lcd.o(.text)
    LCD_Set_Window                           0x080015b5   Thumb Code   540  lcd.o(.text)
    LCD_Clear                                0x080017d1   Thumb Code   100  lcd.o(.text)
    LCD_Init                                 0x08001835   Thumb Code 14688  lcd.o(.text)
    LCD_Fill                                 0x08005195   Thumb Code   178  lcd.o(.text)
    LCD_Color_Fill                           0x08005247   Thumb Code   100  lcd.o(.text)
    LCD_DrawLine                             0x080052ab   Thumb Code   176  lcd.o(.text)
    LCD_DrawRectangle                        0x0800535b   Thumb Code    60  lcd.o(.text)
    LCD_Draw_Circle                          0x08005397   Thumb Code   152  lcd.o(.text)
    LCD_ShowChar                             0x0800542f   Thumb Code   272  lcd.o(.text)
    LCD_Pow                                  0x0800553f   Thumb Code    22  lcd.o(.text)
    LCD_ShowNum                              0x08005555   Thumb Code   148  lcd.o(.text)
    LCD_ShowxNum                             0x080055e9   Thumb Code   220  lcd.o(.text)
    LCD_ShowString                           0x080056c5   Thumb Code   102  lcd.o(.text)
    IIC_Init                                 0x0800572d   Thumb Code    46  myiic.o(.text)
    IIC_Start                                0x0800575b   Thumb Code    64  myiic.o(.text)
    IIC_Stop                                 0x0800579b   Thumb Code    66  myiic.o(.text)
    IIC_Wait_Ack                             0x080057dd   Thumb Code    86  myiic.o(.text)
    IIC_Ack                                  0x08005833   Thumb Code    70  myiic.o(.text)
    IIC_NAck                                 0x08005879   Thumb Code    70  myiic.o(.text)
    IIC_Send_Byte                            0x080058bf   Thumb Code   104  myiic.o(.text)
    IIC_Read_Byte                            0x08005927   Thumb Code   100  myiic.o(.text)
    AT24CXX_Init                             0x08005999   Thumb Code     8  24cxx.o(.text)
    AT24CXX_ReadOneByte                      0x080059a1   Thumb Code    88  24cxx.o(.text)
    AT24CXX_WriteOneByte                     0x080059f9   Thumb Code    80  24cxx.o(.text)
    AT24CXX_WriteLenByte                     0x08005a49   Thumb Code    42  24cxx.o(.text)
    AT24CXX_ReadLenByte                      0x08005a73   Thumb Code    44  24cxx.o(.text)
    AT24CXX_Check                            0x08005a9f   Thumb Code    46  24cxx.o(.text)
    AT24CXX_Read                             0x08005acd   Thumb Code    34  24cxx.o(.text)
    AT24CXX_Write                            0x08005aef   Thumb Code    36  24cxx.o(.text)
    TP_Write_Byte                            0x08005b15   Thumb Code    64  touch.o(.text)
    TP_Read_AD                               0x08005b55   Thumb Code   136  touch.o(.text)
    TP_Read_XOY                              0x08005bdd   Thumb Code   120  touch.o(.text)
    TP_Read_XY                               0x08005c55   Thumb Code    38  touch.o(.text)
    TP_Read_XY2                              0x08005c7b   Thumb Code   192  touch.o(.text)
    TP_Drow_Touch_Point                      0x08005d3b   Thumb Code   108  touch.o(.text)
    TP_Draw_Big_Point                        0x08005da7   Thumb Code    54  touch.o(.text)
    TP_Scan                                  0x08005ddd   Thumb Code   264  touch.o(.text)
    TP_Save_Adjdata                          0x08005ee5   Thumb Code    24  touch.o(.text)
    TP_Get_Adjdata                           0x08005efd   Thumb Code   104  touch.o(.text)
    TP_Adj_Info_Show                         0x08005f65   Thumb Code   374  touch.o(.text)
    TP_Adjust                                0x080060db   Thumb Code  2128  touch.o(.text)
    TP_Init                                  0x0800692b   Thumb Code   392  touch.o(.text)
    CT_Delay                                 0x08006b0d   Thumb Code    10  ctiic.o(.text)
    CT_IIC_Init                              0x08006b17   Thumb Code    72  ctiic.o(.text)
    CT_IIC_Start                             0x08006b5f   Thumb Code    66  ctiic.o(.text)
    CT_IIC_Stop                              0x08006ba1   Thumb Code    60  ctiic.o(.text)
    CT_IIC_Wait_Ack                          0x08006bdd   Thumb Code    86  ctiic.o(.text)
    CT_IIC_Ack                               0x08006c33   Thumb Code    70  ctiic.o(.text)
    CT_IIC_NAck                              0x08006c79   Thumb Code    70  ctiic.o(.text)
    CT_IIC_Send_Byte                         0x08006cbf   Thumb Code    86  ctiic.o(.text)
    CT_IIC_Read_Byte                         0x08006d15   Thumb Code   100  ctiic.o(.text)
    OTT2001A_WR_Reg                          0x08006d91   Thumb Code    92  ott2001a.o(.text)
    OTT2001A_RD_Reg                          0x08006ded   Thumb Code    98  ott2001a.o(.text)
    OTT2001A_SensorControl                   0x08006e4f   Thumb Code    28  ott2001a.o(.text)
    OTT2001A_Init                            0x08006e6b   Thumb Code   156  ott2001a.o(.text)
    OTT2001A_Scan                            0x08006f07   Thumb Code   446  ott2001a.o(.text)
    FT5206_WR_Reg                            0x080070fd   Thumb Code    82  ft5206.o(.text)
    FT5206_RD_Reg                            0x0800714f   Thumb Code    88  ft5206.o(.text)
    FT5206_Init                              0x080071a7   Thumb Code   216  ft5206.o(.text)
    FT5206_Scan                              0x0800727f   Thumb Code   400  ft5206.o(.text)
    GT9147_WR_Reg                            0x08007435   Thumb Code    92  gt9147.o(.text)
    GT9147_Send_Cfg                          0x08007491   Thumb Code    86  gt9147.o(.text)
    GT9147_RD_Reg                            0x080074e7   Thumb Code    98  gt9147.o(.text)
    GT9147_Init                              0x08007549   Thumb Code   268  gt9147.o(.text)
    GT9147_Scan                              0x08007655   Thumb Code   494  gt9147.o(.text)
    GT911_int_sync                           0x0800788d   Thumb Code    36  gt911.o(.text)
    GT911_reset_guitar                       0x080078b1   Thumb Code    78  gt911.o(.text)
    GT911_reset                              0x080078ff   Thumb Code    32  gt911.o(.text)
    GT911_gpio_init                          0x0800791f   Thumb Code   138  gt911.o(.text)
    GT9XX_WriteHandle                        0x080079a9   Thumb Code    44  gt911.o(.text)
    GT9XX_WriteData                          0x080079d5   Thumb Code    36  gt911.o(.text)
    GT9XX_ReadData                           0x080079f9   Thumb Code    94  gt911.o(.text)
    GT911_Init                               0x08007a57   Thumb Code    46  gt911.o(.text)
    Touch_Get_Count                          0x08007a85   Thumb Code    28  gt911.o(.text)
    GT911_Scan                               0x08007aa1   Thumb Code   512  gt911.o(.text)
    delay_init                               0x08007ca1   Thumb Code    50  delay.o(.text)
    delay_us                                 0x08007cd3   Thumb Code    72  delay.o(.text)
    delay_ms                                 0x08007d1b   Thumb Code    72  delay.o(.text)
    _sys_exit                                0x08007d75   Thumb Code     6  usart.o(.text)
    fputc                                    0x08007d7b   Thumb Code    24  usart.o(.text)
    uart_init                                0x08007d93   Thumb Code   152  usart.o(.text)
    USART1_IRQHandler                        0x08007e2b   Thumb Code   122  usart.o(.text)
    Reset_Handler                            0x08007eb5   Thumb Code     8  startup_stm32f10x_hd.o(.text)
    ADC1_2_IRQHandler                        0x08007ecf   Thumb Code     0  startup_stm32f10x_hd.o(.text)
    ADC3_IRQHandler                          0x08007ecf   Thumb Code     0  startup_stm32f10x_hd.o(.text)
    CAN1_RX1_IRQHandler                      0x08007ecf   Thumb Code     0  startup_stm32f10x_hd.o(.text)
    CAN1_SCE_IRQHandler                      0x08007ecf   Thumb Code     0  startup_stm32f10x_hd.o(.text)
    DMA1_Channel1_IRQHandler                 0x08007ecf   Thumb Code     0  startup_stm32f10x_hd.o(.text)
    DMA1_Channel2_IRQHandler                 0x08007ecf   Thumb Code     0  startup_stm32f10x_hd.o(.text)
    DMA1_Channel3_IRQHandler                 0x08007ecf   Thumb Code     0  startup_stm32f10x_hd.o(.text)
    DMA1_Channel4_IRQHandler                 0x08007ecf   Thumb Code     0  startup_stm32f10x_hd.o(.text)
    DMA1_Channel5_IRQHandler                 0x08007ecf   Thumb Code     0  startup_stm32f10x_hd.o(.text)
    DMA1_Channel6_IRQHandler                 0x08007ecf   Thumb Code     0  startup_stm32f10x_hd.o(.text)
    DMA1_Channel7_IRQHandler                 0x08007ecf   Thumb Code     0  startup_stm32f10x_hd.o(.text)
    DMA2_Channel1_IRQHandler                 0x08007ecf   Thumb Code     0  startup_stm32f10x_hd.o(.text)
    DMA2_Channel2_IRQHandler                 0x08007ecf   Thumb Code     0  startup_stm32f10x_hd.o(.text)
    DMA2_Channel3_IRQHandler                 0x08007ecf   Thumb Code     0  startup_stm32f10x_hd.o(.text)
    DMA2_Channel4_5_IRQHandler               0x08007ecf   Thumb Code     0  startup_stm32f10x_hd.o(.text)
    EXTI0_IRQHandler                         0x08007ecf   Thumb Code     0  startup_stm32f10x_hd.o(.text)
    EXTI15_10_IRQHandler                     0x08007ecf   Thumb Code     0  startup_stm32f10x_hd.o(.text)
    EXTI1_IRQHandler                         0x08007ecf   Thumb Code     0  startup_stm32f10x_hd.o(.text)
    EXTI2_IRQHandler                         0x08007ecf   Thumb Code     0  startup_stm32f10x_hd.o(.text)
    EXTI3_IRQHandler                         0x08007ecf   Thumb Code     0  startup_stm32f10x_hd.o(.text)
    EXTI4_IRQHandler                         0x08007ecf   Thumb Code     0  startup_stm32f10x_hd.o(.text)
    EXTI9_5_IRQHandler                       0x08007ecf   Thumb Code     0  startup_stm32f10x_hd.o(.text)
    FLASH_IRQHandler                         0x08007ecf   Thumb Code     0  startup_stm32f10x_hd.o(.text)
    FSMC_IRQHandler                          0x08007ecf   Thumb Code     0  startup_stm32f10x_hd.o(.text)
    I2C1_ER_IRQHandler                       0x08007ecf   Thumb Code     0  startup_stm32f10x_hd.o(.text)
    I2C1_EV_IRQHandler                       0x08007ecf   Thumb Code     0  startup_stm32f10x_hd.o(.text)
    I2C2_ER_IRQHandler                       0x08007ecf   Thumb Code     0  startup_stm32f10x_hd.o(.text)
    I2C2_EV_IRQHandler                       0x08007ecf   Thumb Code     0  startup_stm32f10x_hd.o(.text)
    PVD_IRQHandler                           0x08007ecf   Thumb Code     0  startup_stm32f10x_hd.o(.text)
    RCC_IRQHandler                           0x08007ecf   Thumb Code     0  startup_stm32f10x_hd.o(.text)
    RTCAlarm_IRQHandler                      0x08007ecf   Thumb Code     0  startup_stm32f10x_hd.o(.text)
    RTC_IRQHandler                           0x08007ecf   Thumb Code     0  startup_stm32f10x_hd.o(.text)
    SDIO_IRQHandler                          0x08007ecf   Thumb Code     0  startup_stm32f10x_hd.o(.text)
    SPI1_IRQHandler                          0x08007ecf   Thumb Code     0  startup_stm32f10x_hd.o(.text)
    SPI2_IRQHandler                          0x08007ecf   Thumb Code     0  startup_stm32f10x_hd.o(.text)
    SPI3_IRQHandler                          0x08007ecf   Thumb Code     0  startup_stm32f10x_hd.o(.text)
    TAMPER_IRQHandler                        0x08007ecf   Thumb Code     0  startup_stm32f10x_hd.o(.text)
    TIM1_BRK_IRQHandler                      0x08007ecf   Thumb Code     0  startup_stm32f10x_hd.o(.text)
    TIM1_CC_IRQHandler                       0x08007ecf   Thumb Code     0  startup_stm32f10x_hd.o(.text)
    TIM1_TRG_COM_IRQHandler                  0x08007ecf   Thumb Code     0  startup_stm32f10x_hd.o(.text)
    TIM1_UP_IRQHandler                       0x08007ecf   Thumb Code     0  startup_stm32f10x_hd.o(.text)
    TIM2_IRQHandler                          0x08007ecf   Thumb Code     0  startup_stm32f10x_hd.o(.text)
    TIM3_IRQHandler                          0x08007ecf   Thumb Code     0  startup_stm32f10x_hd.o(.text)
    TIM4_IRQHandler                          0x08007ecf   Thumb Code     0  startup_stm32f10x_hd.o(.text)
    TIM5_IRQHandler                          0x08007ecf   Thumb Code     0  startup_stm32f10x_hd.o(.text)
    TIM6_IRQHandler                          0x08007ecf   Thumb Code     0  startup_stm32f10x_hd.o(.text)
    TIM7_IRQHandler                          0x08007ecf   Thumb Code     0  startup_stm32f10x_hd.o(.text)
    TIM8_BRK_IRQHandler                      0x08007ecf   Thumb Code     0  startup_stm32f10x_hd.o(.text)
    TIM8_CC_IRQHandler                       0x08007ecf   Thumb Code     0  startup_stm32f10x_hd.o(.text)
    TIM8_TRG_COM_IRQHandler                  0x08007ecf   Thumb Code     0  startup_stm32f10x_hd.o(.text)
    TIM8_UP_IRQHandler                       0x08007ecf   Thumb Code     0  startup_stm32f10x_hd.o(.text)
    UART4_IRQHandler                         0x08007ecf   Thumb Code     0  startup_stm32f10x_hd.o(.text)
    UART5_IRQHandler                         0x08007ecf   Thumb Code     0  startup_stm32f10x_hd.o(.text)
    USART2_IRQHandler                        0x08007ecf   Thumb Code     0  startup_stm32f10x_hd.o(.text)
    USART3_IRQHandler                        0x08007ecf   Thumb Code     0  startup_stm32f10x_hd.o(.text)
    USBWakeUp_IRQHandler                     0x08007ecf   Thumb Code     0  startup_stm32f10x_hd.o(.text)
    USB_HP_CAN1_TX_IRQHandler                0x08007ecf   Thumb Code     0  startup_stm32f10x_hd.o(.text)
    USB_LP_CAN1_RX0_IRQHandler               0x08007ecf   Thumb Code     0  startup_stm32f10x_hd.o(.text)
    WWDG_IRQHandler                          0x08007ecf   Thumb Code     0  startup_stm32f10x_hd.o(.text)
    __user_initial_stackheap                 0x08007ed1   Thumb Code     0  startup_stm32f10x_hd.o(.text)
    NVIC_PriorityGroupConfig                 0x08007ef5   Thumb Code    10  misc.o(.text)
    NVIC_Init                                0x08007eff   Thumb Code   100  misc.o(.text)
    NVIC_SetVectorTable                      0x08007f63   Thumb Code    14  misc.o(.text)
    NVIC_SystemLPConfig                      0x08007f71   Thumb Code    34  misc.o(.text)
    SysTick_CLKSourceConfig                  0x08007f93   Thumb Code    40  misc.o(.text)
    FSMC_NORSRAMDeInit                       0x08007fd1   Thumb Code    54  stm32f10x_fsmc.o(.text)
    FSMC_NANDDeInit                          0x08008007   Thumb Code    62  stm32f10x_fsmc.o(.text)
    FSMC_PCCARDDeInit                        0x08008045   Thumb Code    36  stm32f10x_fsmc.o(.text)
    FSMC_NORSRAMInit                         0x08008069   Thumb Code   230  stm32f10x_fsmc.o(.text)
    FSMC_NANDInit                            0x0800814f   Thumb Code   132  stm32f10x_fsmc.o(.text)
    FSMC_PCCARDInit                          0x080081d3   Thumb Code   130  stm32f10x_fsmc.o(.text)
    FSMC_NORSRAMStructInit                   0x08008255   Thumb Code   114  stm32f10x_fsmc.o(.text)
    FSMC_NANDStructInit                      0x080082c7   Thumb Code    54  stm32f10x_fsmc.o(.text)
    FSMC_PCCARDStructInit                    0x080082fd   Thumb Code    60  stm32f10x_fsmc.o(.text)
    FSMC_NORSRAMCmd                          0x08008339   Thumb Code    46  stm32f10x_fsmc.o(.text)
    FSMC_NANDCmd                             0x08008367   Thumb Code    86  stm32f10x_fsmc.o(.text)
    FSMC_PCCARDCmd                           0x080083bd   Thumb Code    44  stm32f10x_fsmc.o(.text)
    FSMC_NANDECCCmd                          0x080083e9   Thumb Code    90  stm32f10x_fsmc.o(.text)
    FSMC_GetECC                              0x08008443   Thumb Code    24  stm32f10x_fsmc.o(.text)
    FSMC_ITConfig                            0x0800845b   Thumb Code   128  stm32f10x_fsmc.o(.text)
    FSMC_GetFlagStatus                       0x080084db   Thumb Code    54  stm32f10x_fsmc.o(.text)
    FSMC_ClearFlag                           0x08008511   Thumb Code    62  stm32f10x_fsmc.o(.text)
    FSMC_GetITStatus                         0x0800854f   Thumb Code    64  stm32f10x_fsmc.o(.text)
    FSMC_ClearITPendingBit                   0x0800858f   Thumb Code    68  stm32f10x_fsmc.o(.text)
    GPIO_DeInit                              0x080085dd   Thumb Code   172  stm32f10x_gpio.o(.text)
    GPIO_AFIODeInit                          0x08008689   Thumb Code    20  stm32f10x_gpio.o(.text)
    GPIO_Init                                0x0800869d   Thumb Code   278  stm32f10x_gpio.o(.text)
    GPIO_StructInit                          0x080087b3   Thumb Code    16  stm32f10x_gpio.o(.text)
    GPIO_ReadInputDataBit                    0x080087c3   Thumb Code    18  stm32f10x_gpio.o(.text)
    GPIO_ReadInputData                       0x080087d5   Thumb Code     8  stm32f10x_gpio.o(.text)
    GPIO_ReadOutputDataBit                   0x080087dd   Thumb Code    18  stm32f10x_gpio.o(.text)
    GPIO_ReadOutputData                      0x080087ef   Thumb Code     8  stm32f10x_gpio.o(.text)
    GPIO_SetBits                             0x080087f7   Thumb Code     4  stm32f10x_gpio.o(.text)
    GPIO_ResetBits                           0x080087fb   Thumb Code     4  stm32f10x_gpio.o(.text)
    GPIO_WriteBit                            0x080087ff   Thumb Code    10  stm32f10x_gpio.o(.text)
    GPIO_Write                               0x08008809   Thumb Code     4  stm32f10x_gpio.o(.text)
    GPIO_PinLockConfig                       0x0800880d   Thumb Code    18  stm32f10x_gpio.o(.text)
    GPIO_EventOutputConfig                   0x0800881f   Thumb Code    26  stm32f10x_gpio.o(.text)
    GPIO_EventOutputCmd                      0x08008839   Thumb Code     6  stm32f10x_gpio.o(.text)
    GPIO_PinRemapConfig                      0x0800883f   Thumb Code   138  stm32f10x_gpio.o(.text)
    GPIO_EXTILineConfig                      0x080088c9   Thumb Code    66  stm32f10x_gpio.o(.text)
    GPIO_ETH_MediaInterfaceConfig            0x0800890b   Thumb Code     8  stm32f10x_gpio.o(.text)
    RCC_DeInit                               0x08008939   Thumb Code    64  stm32f10x_rcc.o(.text)
    RCC_HSEConfig                            0x08008979   Thumb Code    70  stm32f10x_rcc.o(.text)
    RCC_GetFlagStatus                        0x080089bf   Thumb Code    56  stm32f10x_rcc.o(.text)
    RCC_WaitForHSEStartUp                    0x080089f7   Thumb Code    56  stm32f10x_rcc.o(.text)
    RCC_AdjustHSICalibrationValue            0x08008a2f   Thumb Code    20  stm32f10x_rcc.o(.text)
    RCC_HSICmd                               0x08008a43   Thumb Code     6  stm32f10x_rcc.o(.text)
    RCC_PLLConfig                            0x08008a49   Thumb Code    24  stm32f10x_rcc.o(.text)
    RCC_PLLCmd                               0x08008a61   Thumb Code     6  stm32f10x_rcc.o(.text)
    RCC_SYSCLKConfig                         0x08008a67   Thumb Code    18  stm32f10x_rcc.o(.text)
    RCC_GetSYSCLKSource                      0x08008a79   Thumb Code    10  stm32f10x_rcc.o(.text)
    RCC_HCLKConfig                           0x08008a83   Thumb Code    18  stm32f10x_rcc.o(.text)
    RCC_PCLK1Config                          0x08008a95   Thumb Code    18  stm32f10x_rcc.o(.text)
    RCC_PCLK2Config                          0x08008aa7   Thumb Code    20  stm32f10x_rcc.o(.text)
    RCC_ITConfig                             0x08008abb   Thumb Code    26  stm32f10x_rcc.o(.text)
    RCC_USBCLKConfig                         0x08008ad5   Thumb Code     8  stm32f10x_rcc.o(.text)
    RCC_ADCCLKConfig                         0x08008add   Thumb Code    18  stm32f10x_rcc.o(.text)
    RCC_LSEConfig                            0x08008aef   Thumb Code    50  stm32f10x_rcc.o(.text)
    RCC_LSICmd                               0x08008b21   Thumb Code     6  stm32f10x_rcc.o(.text)
    RCC_RTCCLKConfig                         0x08008b27   Thumb Code    12  stm32f10x_rcc.o(.text)
    RCC_RTCCLKCmd                            0x08008b33   Thumb Code     8  stm32f10x_rcc.o(.text)
    RCC_GetClocksFreq                        0x08008b3b   Thumb Code   192  stm32f10x_rcc.o(.text)
    RCC_AHBPeriphClockCmd                    0x08008bfb   Thumb Code    26  stm32f10x_rcc.o(.text)
    RCC_APB2PeriphClockCmd                   0x08008c15   Thumb Code    26  stm32f10x_rcc.o(.text)
    RCC_APB1PeriphClockCmd                   0x08008c2f   Thumb Code    26  stm32f10x_rcc.o(.text)
    RCC_APB2PeriphResetCmd                   0x08008c49   Thumb Code    26  stm32f10x_rcc.o(.text)
    RCC_APB1PeriphResetCmd                   0x08008c63   Thumb Code    26  stm32f10x_rcc.o(.text)
    RCC_BackupResetCmd                       0x08008c7d   Thumb Code     8  stm32f10x_rcc.o(.text)
    RCC_ClockSecuritySystemCmd               0x08008c85   Thumb Code     6  stm32f10x_rcc.o(.text)
    RCC_MCOConfig                            0x08008c8b   Thumb Code     6  stm32f10x_rcc.o(.text)
    RCC_ClearFlag                            0x08008c91   Thumb Code    14  stm32f10x_rcc.o(.text)
    RCC_GetITStatus                          0x08008c9f   Thumb Code    20  stm32f10x_rcc.o(.text)
    RCC_ClearITPendingBit                    0x08008cb3   Thumb Code     6  stm32f10x_rcc.o(.text)
    USART_DeInit                             0x08008cdd   Thumb Code   134  stm32f10x_usart.o(.text)
    USART_Init                               0x08008d63   Thumb Code   210  stm32f10x_usart.o(.text)
    USART_StructInit                         0x08008e35   Thumb Code    24  stm32f10x_usart.o(.text)
    USART_ClockInit                          0x08008e4d   Thumb Code    34  stm32f10x_usart.o(.text)
    USART_ClockStructInit                    0x08008e6f   Thumb Code    12  stm32f10x_usart.o(.text)
    USART_Cmd                                0x08008e7b   Thumb Code    24  stm32f10x_usart.o(.text)
    USART_ITConfig                           0x08008e93   Thumb Code    74  stm32f10x_usart.o(.text)
    USART_DMACmd                             0x08008edd   Thumb Code    18  stm32f10x_usart.o(.text)
    USART_SetAddress                         0x08008eef   Thumb Code    18  stm32f10x_usart.o(.text)
    USART_WakeUpConfig                       0x08008f01   Thumb Code    18  stm32f10x_usart.o(.text)
    USART_ReceiverWakeUpCmd                  0x08008f13   Thumb Code    24  stm32f10x_usart.o(.text)
    USART_LINBreakDetectLengthConfig         0x08008f2b   Thumb Code    18  stm32f10x_usart.o(.text)
    USART_LINCmd                             0x08008f3d   Thumb Code    24  stm32f10x_usart.o(.text)
    USART_SendData                           0x08008f55   Thumb Code     8  stm32f10x_usart.o(.text)
    USART_ReceiveData                        0x08008f5d   Thumb Code    10  stm32f10x_usart.o(.text)
    USART_SendBreak                          0x08008f67   Thumb Code    10  stm32f10x_usart.o(.text)
    USART_SetGuardTime                       0x08008f71   Thumb Code    16  stm32f10x_usart.o(.text)
    USART_SetPrescaler                       0x08008f81   Thumb Code    16  stm32f10x_usart.o(.text)
    USART_SmartCardCmd                       0x08008f91   Thumb Code    24  stm32f10x_usart.o(.text)
    USART_SmartCardNACKCmd                   0x08008fa9   Thumb Code    24  stm32f10x_usart.o(.text)
    USART_HalfDuplexCmd                      0x08008fc1   Thumb Code    24  stm32f10x_usart.o(.text)
    USART_OverSampling8Cmd                   0x08008fd9   Thumb Code    22  stm32f10x_usart.o(.text)
    USART_OneBitMethodCmd                    0x08008fef   Thumb Code    24  stm32f10x_usart.o(.text)
    USART_IrDAConfig                         0x08009007   Thumb Code    18  stm32f10x_usart.o(.text)
    USART_IrDACmd                            0x08009019   Thumb Code    24  stm32f10x_usart.o(.text)
    USART_GetFlagStatus                      0x08009031   Thumb Code    26  stm32f10x_usart.o(.text)
    USART_ClearFlag                          0x0800904b   Thumb Code    18  stm32f10x_usart.o(.text)
    USART_GetITStatus                        0x0800905d   Thumb Code    84  stm32f10x_usart.o(.text)
    USART_ClearITPendingBit                  0x080090b1   Thumb Code    52  stm32f10x_usart.o(.text)
    __use_no_semihosting                     0x080090e5   Thumb Code     2  use_no_semi_2.o(.text)
    __2printf                                0x080090e9   Thumb Code    20  noretval__2printf.o(.text)
    __printf                                 0x08009101   Thumb Code   104  __printf.o(.text)
    _printf_str                              0x08009169   Thumb Code    82  _printf_str.o(.text)
    _printf_int_dec                          0x080091bd   Thumb Code   104  _printf_dec.o(.text)
    _printf_int_hex                          0x08009235   Thumb Code    84  _printf_hex_int.o(.text)
    _printf_longlong_hex                     0x08009235   Thumb Code     0  _printf_hex_int.o(.text)
    strcmp                                   0x0800928d   Thumb Code   128  strcmpv7m.o(.text)
    __use_two_region_memory                  0x0800930d   Thumb Code     2  heapauxi.o(.text)
    __rt_heap_escrow$2region                 0x0800930f   Thumb Code     2  heapauxi.o(.text)
    __rt_heap_expand$2region                 0x08009311   Thumb Code     2  heapauxi.o(.text)
    __I$use$semihosting                      0x08009313   Thumb Code     0  use_no_semi.o(.text)
    __use_no_semihosting_swi                 0x08009313   Thumb Code     2  use_no_semi.o(.text)
    __read_errno                             0x08009315   Thumb Code    10  _rserrno.o(.text)
    __set_errno                              0x0800931f   Thumb Code    12  _rserrno.o(.text)
    _printf_int_common                       0x0800932b   Thumb Code   178  _printf_intcommon.o(.text)
    _printf_cs_common                        0x080093dd   Thumb Code    20  _printf_char.o(.text)
    _printf_char                             0x080093f1   Thumb Code    16  _printf_char.o(.text)
    _printf_string                           0x08009401   Thumb Code     8  _printf_char.o(.text)
    _printf_char_file                        0x08009409   Thumb Code    32  _printf_char_file.o(.text)
    __aeabi_errno_addr                       0x0800942d   Thumb Code     8  rt_errno_addr_intlibspace.o(.text)
    __errno$intlibspace                      0x0800942d   Thumb Code     0  rt_errno_addr_intlibspace.o(.text)
    __rt_errno_addr$intlibspace              0x0800942d   Thumb Code     0  rt_errno_addr_intlibspace.o(.text)
    _printf_char_common                      0x0800943f   Thumb Code    32  _printf_char_common.o(.text)
    ferror                                   0x08009465   Thumb Code     8  ferror.o(.text)
    __user_libspace                          0x0800946d   Thumb Code     8  libspace.o(.text)
    __user_perproc_libspace                  0x0800946d   Thumb Code     0  libspace.o(.text)
    __user_perthread_libspace                0x0800946d   Thumb Code     0  libspace.o(.text)
    __user_setup_stackheap                   0x08009475   Thumb Code    74  sys_stackheap_outer.o(.text)
    exit                                     0x080094bf   Thumb Code    18  exit.o(.text)
    sqrt                                     0x080094d1   Thumb Code    76  sqrt.o(i.sqrt)
    __aeabi_dadd                             0x0800951d   Thumb Code     0  daddsub_clz.o(x$fpl$dadd)
    _dadd                                    0x0800951d   Thumb Code   332  daddsub_clz.o(x$fpl$dadd)
    __fpl_dcmp_Inf                           0x0800966d   Thumb Code    24  dcmpi.o(x$fpl$dcmpinf)
    __aeabi_d2uiz                            0x08009685   Thumb Code     0  dfixu.o(x$fpl$dfixu)
    _dfixu                                   0x08009685   Thumb Code    90  dfixu.o(x$fpl$dfixu)
    __aeabi_i2d                              0x080096df   Thumb Code     0  dflt_clz.o(x$fpl$dflt)
    _dflt                                    0x080096df   Thumb Code    46  dflt_clz.o(x$fpl$dflt)
    __aeabi_ui2d                             0x0800970d   Thumb Code     0  dflt_clz.o(x$fpl$dfltu)
    _dfltu                                   0x0800970d   Thumb Code    38  dflt_clz.o(x$fpl$dfltu)
    __aeabi_cdcmple                          0x08009735   Thumb Code     0  dleqf.o(x$fpl$dleqf)
    _dcmple                                  0x08009735   Thumb Code   120  dleqf.o(x$fpl$dleqf)
    __fpl_dcmple_InfNaN                      0x08009797   Thumb Code     0  dleqf.o(x$fpl$dleqf)
    __aeabi_dmul                             0x080097ad   Thumb Code     0  dmul.o(x$fpl$dmul)
    _dmul                                    0x080097ad   Thumb Code   332  dmul.o(x$fpl$dmul)
    __fpl_dnaninf                            0x08009901   Thumb Code   156  dnaninf.o(x$fpl$dnaninf)
    __fpl_dretinf                            0x0800999d   Thumb Code    12  dretinf.o(x$fpl$dretinf)
    __aeabi_cdrcmple                         0x080099a9   Thumb Code     0  drleqf.o(x$fpl$drleqf)
    _drcmple                                 0x080099a9   Thumb Code   108  drleqf.o(x$fpl$drleqf)
    __aeabi_drsub                            0x08009a15   Thumb Code     0  daddsub_clz.o(x$fpl$drsb)
    _drsb                                    0x08009a15   Thumb Code    22  daddsub_clz.o(x$fpl$drsb)
    _dsqrt                                   0x08009a2d   Thumb Code   456  dsqrt_noumaal.o(x$fpl$dsqrt)
    __aeabi_dsub                             0x08009bf9   Thumb Code     0  daddsub_clz.o(x$fpl$dsub)
    _dsub                                    0x08009bf9   Thumb Code   464  daddsub_clz.o(x$fpl$dsub)
    __aeabi_f2d                              0x08009dcd   Thumb Code     0  f2d.o(x$fpl$f2d)
    _f2d                                     0x08009dcd   Thumb Code    86  f2d.o(x$fpl$f2d)
    __aeabi_fadd                             0x08009e25   Thumb Code     0  faddsub_clz.o(x$fpl$fadd)
    _fadd                                    0x08009e25   Thumb Code   196  faddsub_clz.o(x$fpl$fadd)
    __aeabi_fdiv                             0x08009ee9   Thumb Code     0  fdiv.o(x$fpl$fdiv)
    _fdiv                                    0x08009ee9   Thumb Code   384  fdiv.o(x$fpl$fdiv)
    __aeabi_f2iz                             0x0800a06d   Thumb Code     0  ffix.o(x$fpl$ffix)
    _ffix                                    0x0800a06d   Thumb Code    54  ffix.o(x$fpl$ffix)
    __aeabi_f2uiz                            0x0800a0a5   Thumb Code     0  ffixu.o(x$fpl$ffixu)
    _ffixu                                   0x0800a0a5   Thumb Code    62  ffixu.o(x$fpl$ffixu)
    __aeabi_i2f                              0x0800a0e5   Thumb Code     0  fflt_clz.o(x$fpl$fflt)
    _fflt                                    0x0800a0e5   Thumb Code    48  fflt_clz.o(x$fpl$fflt)
    __aeabi_ui2f                             0x0800a115   Thumb Code     0  fflt_clz.o(x$fpl$ffltu)
    _ffltu                                   0x0800a115   Thumb Code    38  fflt_clz.o(x$fpl$ffltu)
    __aeabi_fmul                             0x0800a13d   Thumb Code     0  fmul.o(x$fpl$fmul)
    _fmul                                    0x0800a13d   Thumb Code   258  fmul.o(x$fpl$fmul)
    __fpl_fnaninf                            0x0800a23f   Thumb Code   140  fnaninf.o(x$fpl$fnaninf)
    __fpl_fretinf                            0x0800a2cb   Thumb Code    10  fretinf.o(x$fpl$fretinf)
    __aeabi_fsub                             0x0800a2d5   Thumb Code     0  faddsub_clz.o(x$fpl$fsub)
    _fsub                                    0x0800a2d5   Thumb Code   234  faddsub_clz.o(x$fpl$fsub)
    POINT_COLOR_TBL                          0x0800a3be   Data          10  main.o(.constdata)
    __I$use$fp                               0x0800a3be   Number         0  usenofp.o(x$fpl$usenofp)
    asc2_1206                                0x0800a3c8   Data        1140  lcd.o(.constdata)
    asc2_1608                                0x0800a83c   Data        1520  lcd.o(.constdata)
    asc2_2412                                0x0800ae2c   Data        3420  lcd.o(.constdata)
    TP_REMIND_MSG_TBL                        0x0800bb88   Data           4  touch.o(.constdata)
    OTT_TPX_TBL                              0x0800bb8c   Data          10  ott2001a.o(.constdata)
    FT5206_TPX_TBL                           0x0800bb96   Data          10  ft5206.o(.constdata)
    GT9147_CFG_TBL                           0x0800bba0   Data         184  gt9147.o(.constdata)
    GT9147_TPX_TBL                           0x0800bc58   Data          10  gt9147.o(.constdata)
    TPX                                      0x0800bc62   Data          10  gt911.o(.constdata)
    Region$$Table$$Base                      0x0800bd10   Number         0  anon$$obj.o(Region$$Table)
    Region$$Table$$Limit                     0x0800bd30   Number         0  anon$$obj.o(Region$$Table)
    SystemCoreClock                          0x20000000   Data           4  system_stm32f10x.o(.data)
    AHBPrescTable                            0x20000004   Data          16  system_stm32f10x.o(.data)
    POINT_COLOR                              0x20000016   Data           2  lcd.o(.data)
    BACK_COLOR                               0x20000018   Data           2  lcd.o(.data)
    tp_dev                                   0x2000001c   Data          52  touch.o(.data)
    CMD_RDX                                  0x20000050   Data           1  touch.o(.data)
    CMD_RDY                                  0x20000051   Data           1  touch.o(.data)
    __stdout                                 0x2000005c   Data           4  usart.o(.data)
    USART_RX_STA                             0x20000060   Data           2  usart.o(.data)
    lcddev                                   0x20000078   Data          14  lcd.o(.bss)
    USART_RX_BUF                             0x20000086   Data         200  usart.o(.bss)
    __libspace_start                         0x20000150   Data          96  libspace.o(.bss)
    __temporary_stack_top$libspace           0x200001b0   Data           0  libspace.o(.bss)



==============================================================================

Memory Map of the image

  Image Entry point : 0x08000131

  Load Region LR_IROM1 (Base: 0x08000000, Size: 0x0000bda8, Max: 0x00080000, ABSOLUTE)

    Execution Region ER_IROM1 (Exec base: 0x08000000, Load base: 0x08000000, Size: 0x0000bd30, Max: 0x00080000, ABSOLUTE)

    Exec Addr    Load Addr    Size         Type   Attr      Idx    E Section Name        Object

    0x08000000   0x08000000   0x00000130   Data   RO          498    RESET               startup_stm32f10x_hd.o
    0x08000130   0x08000130   0x00000008   Code   RO          640  * !!!main             c_w.l(__main.o)
    0x08000138   0x08000138   0x00000034   Code   RO          888    !!!scatter          c_w.l(__scatter.o)
    0x0800016c   0x0800016c   0x0000001a   Code   RO          890    !!handler_copy      c_w.l(__scatter_copy.o)
    0x08000186   0x08000186   0x00000002   PAD
    0x08000188   0x08000188   0x0000001c   Code   RO          892    !!handler_zi        c_w.l(__scatter_zi.o)
    0x080001a4   0x080001a4   0x00000000   Code   RO          635    .ARM.Collect$$_printf_percent$$00000000  c_w.l(_printf_percent.o)
    0x080001a4   0x080001a4   0x00000006   Code   RO          634    .ARM.Collect$$_printf_percent$$00000009  c_w.l(_printf_d.o)
    0x080001aa   0x080001aa   0x00000006   Code   RO          633    .ARM.Collect$$_printf_percent$$0000000C  c_w.l(_printf_x.o)
    0x080001b0   0x080001b0   0x00000006   Code   RO          632    .ARM.Collect$$_printf_percent$$00000014  c_w.l(_printf_s.o)
    0x080001b6   0x080001b6   0x00000004   Code   RO          711    .ARM.Collect$$_printf_percent$$00000017  c_w.l(_printf_percent_end.o)
    0x080001ba   0x080001ba   0x00000002   Code   RO          765    .ARM.Collect$$libinit$$00000000  c_w.l(libinit.o)
    0x080001bc   0x080001bc   0x00000000   Code   RO          769    .ARM.Collect$$libinit$$00000002  c_w.l(libinit2.o)
    0x080001bc   0x080001bc   0x00000000   Code   RO          771    .ARM.Collect$$libinit$$00000004  c_w.l(libinit2.o)
    0x080001bc   0x080001bc   0x00000000   Code   RO          774    .ARM.Collect$$libinit$$0000000A  c_w.l(libinit2.o)
    0x080001bc   0x080001bc   0x00000000   Code   RO          776    .ARM.Collect$$libinit$$0000000C  c_w.l(libinit2.o)
    0x080001bc   0x080001bc   0x00000000   Code   RO          778    .ARM.Collect$$libinit$$0000000E  c_w.l(libinit2.o)
    0x080001bc   0x080001bc   0x00000000   Code   RO          781    .ARM.Collect$$libinit$$00000011  c_w.l(libinit2.o)
    0x080001bc   0x080001bc   0x00000000   Code   RO          783    .ARM.Collect$$libinit$$00000013  c_w.l(libinit2.o)
    0x080001bc   0x080001bc   0x00000000   Code   RO          785    .ARM.Collect$$libinit$$00000015  c_w.l(libinit2.o)
    0x080001bc   0x080001bc   0x00000000   Code   RO          787    .ARM.Collect$$libinit$$00000017  c_w.l(libinit2.o)
    0x080001bc   0x080001bc   0x00000000   Code   RO          789    .ARM.Collect$$libinit$$00000019  c_w.l(libinit2.o)
    0x080001bc   0x080001bc   0x00000000   Code   RO          791    .ARM.Collect$$libinit$$0000001B  c_w.l(libinit2.o)
    0x080001bc   0x080001bc   0x00000000   Code   RO          793    .ARM.Collect$$libinit$$0000001D  c_w.l(libinit2.o)
    0x080001bc   0x080001bc   0x00000000   Code   RO          795    .ARM.Collect$$libinit$$0000001F  c_w.l(libinit2.o)
    0x080001bc   0x080001bc   0x00000000   Code   RO          797    .ARM.Collect$$libinit$$00000021  c_w.l(libinit2.o)
    0x080001bc   0x080001bc   0x00000000   Code   RO          799    .ARM.Collect$$libinit$$00000023  c_w.l(libinit2.o)
    0x080001bc   0x080001bc   0x00000000   Code   RO          801    .ARM.Collect$$libinit$$00000025  c_w.l(libinit2.o)
    0x080001bc   0x080001bc   0x00000000   Code   RO          805    .ARM.Collect$$libinit$$0000002C  c_w.l(libinit2.o)
    0x080001bc   0x080001bc   0x00000000   Code   RO          807    .ARM.Collect$$libinit$$0000002E  c_w.l(libinit2.o)
    0x080001bc   0x080001bc   0x00000000   Code   RO          809    .ARM.Collect$$libinit$$00000030  c_w.l(libinit2.o)
    0x080001bc   0x080001bc   0x00000000   Code   RO          811    .ARM.Collect$$libinit$$00000032  c_w.l(libinit2.o)
    0x080001bc   0x080001bc   0x00000002   Code   RO          812    .ARM.Collect$$libinit$$00000033  c_w.l(libinit2.o)
    0x080001be   0x080001be   0x00000002   Code   RO          830    .ARM.Collect$$libshutdown$$00000000  c_w.l(libshutdown.o)
    0x080001c0   0x080001c0   0x00000000   Code   RO          840    .ARM.Collect$$libshutdown$$00000002  c_w.l(libshutdown2.o)
    0x080001c0   0x080001c0   0x00000000   Code   RO          842    .ARM.Collect$$libshutdown$$00000004  c_w.l(libshutdown2.o)
    0x080001c0   0x080001c0   0x00000000   Code   RO          845    .ARM.Collect$$libshutdown$$00000007  c_w.l(libshutdown2.o)
    0x080001c0   0x080001c0   0x00000000   Code   RO          848    .ARM.Collect$$libshutdown$$0000000A  c_w.l(libshutdown2.o)
    0x080001c0   0x080001c0   0x00000000   Code   RO          850    .ARM.Collect$$libshutdown$$0000000C  c_w.l(libshutdown2.o)
    0x080001c0   0x080001c0   0x00000000   Code   RO          853    .ARM.Collect$$libshutdown$$0000000F  c_w.l(libshutdown2.o)
    0x080001c0   0x080001c0   0x00000002   Code   RO          854    .ARM.Collect$$libshutdown$$00000010  c_w.l(libshutdown2.o)
    0x080001c2   0x080001c2   0x00000000   Code   RO          702    .ARM.Collect$$rtentry$$00000000  c_w.l(__rtentry.o)
    0x080001c2   0x080001c2   0x00000000   Code   RO          726    .ARM.Collect$$rtentry$$00000002  c_w.l(__rtentry2.o)
    0x080001c2   0x080001c2   0x00000006   Code   RO          738    .ARM.Collect$$rtentry$$00000004  c_w.l(__rtentry4.o)
    0x080001c8   0x080001c8   0x00000000   Code   RO          728    .ARM.Collect$$rtentry$$00000009  c_w.l(__rtentry2.o)
    0x080001c8   0x080001c8   0x00000004   Code   RO          729    .ARM.Collect$$rtentry$$0000000A  c_w.l(__rtentry2.o)
    0x080001cc   0x080001cc   0x00000000   Code   RO          731    .ARM.Collect$$rtentry$$0000000C  c_w.l(__rtentry2.o)
    0x080001cc   0x080001cc   0x00000008   Code   RO          732    .ARM.Collect$$rtentry$$0000000D  c_w.l(__rtentry2.o)
    0x080001d4   0x080001d4   0x00000002   Code   RO          766    .ARM.Collect$$rtexit$$00000000  c_w.l(rtexit.o)
    0x080001d6   0x080001d6   0x00000000   Code   RO          814    .ARM.Collect$$rtexit$$00000002  c_w.l(rtexit2.o)
    0x080001d6   0x080001d6   0x00000004   Code   RO          815    .ARM.Collect$$rtexit$$00000003  c_w.l(rtexit2.o)
    0x080001da   0x080001da   0x00000006   Code   RO          816    .ARM.Collect$$rtexit$$00000004  c_w.l(rtexit2.o)
    0x080001e0   0x080001e0   0x0000048c   Code   RO            1    .text               main.o
    0x0800066c   0x0800066c   0x0000001a   Code   RO          160    .text               stm32f10x_it.o
    0x08000686   0x08000686   0x00000002   PAD
    0x08000688   0x08000688   0x000001e0   Code   RO          201    .text               system_stm32f10x.o
    0x08000868   0x08000868   0x00000034   Code   RO          219    .text               led.o
    0x0800089c   0x0800089c   0x000000fc   Code   RO          231    .text               key.o
    0x08000998   0x08000998   0x00004d92   Code   RO          244    .text               lcd.o
    0x0800572a   0x0800572a   0x00000002   PAD
    0x0800572c   0x0800572c   0x0000026c   Code   RO          267    .text               myiic.o
    0x08005998   0x08005998   0x0000017a   Code   RO          279    .text               24cxx.o
    0x08005b12   0x08005b12   0x00000002   PAD
    0x08005b14   0x08005b14   0x00000ff8   Code   RO          329    .text               touch.o
    0x08006b0c   0x08006b0c   0x00000284   Code   RO          353    .text               ctiic.o
    0x08006d90   0x08006d90   0x0000036c   Code   RO          365    .text               ott2001a.o
    0x080070fc   0x080070fc   0x00000338   Code   RO          381    .text               ft5206.o
    0x08007434   0x08007434   0x00000458   Code   RO          400    .text               gt9147.o
    0x0800788c   0x0800788c   0x00000414   Code   RO          416    .text               gt911.o
    0x08007ca0   0x08007ca0   0x000000d4   Code   RO          432    .text               delay.o
    0x08007d74   0x08007d74   0x00000140   Code   RO          463    .text               usart.o
    0x08007eb4   0x08007eb4   0x00000040   Code   RO          499    .text               startup_stm32f10x_hd.o
    0x08007ef4   0x08007ef4   0x000000dc   Code   RO          503    .text               misc.o
    0x08007fd0   0x08007fd0   0x0000060c   Code   RO          515    .text               stm32f10x_fsmc.o
    0x080085dc   0x080085dc   0x0000035c   Code   RO          527    .text               stm32f10x_gpio.o
    0x08008938   0x08008938   0x000003a4   Code   RO          539    .text               stm32f10x_rcc.o
    0x08008cdc   0x08008cdc   0x00000408   Code   RO          565    .text               stm32f10x_usart.o
    0x080090e4   0x080090e4   0x00000002   Code   RO          579    .text               c_w.l(use_no_semi_2.o)
    0x080090e6   0x080090e6   0x00000002   PAD
    0x080090e8   0x080090e8   0x00000018   Code   RO          583    .text               c_w.l(noretval__2printf.o)
    0x08009100   0x08009100   0x00000068   Code   RO          585    .text               c_w.l(__printf.o)
    0x08009168   0x08009168   0x00000052   Code   RO          587    .text               c_w.l(_printf_str.o)
    0x080091ba   0x080091ba   0x00000002   PAD
    0x080091bc   0x080091bc   0x00000078   Code   RO          589    .text               c_w.l(_printf_dec.o)
    0x08009234   0x08009234   0x00000058   Code   RO          594    .text               c_w.l(_printf_hex_int.o)
    0x0800928c   0x0800928c   0x00000080   Code   RO          636    .text               c_w.l(strcmpv7m.o)
    0x0800930c   0x0800930c   0x00000006   Code   RO          638    .text               c_w.l(heapauxi.o)
    0x08009312   0x08009312   0x00000002   Code   RO          700    .text               c_w.l(use_no_semi.o)
    0x08009314   0x08009314   0x00000016   Code   RO          703    .text               c_w.l(_rserrno.o)
    0x0800932a   0x0800932a   0x000000b2   Code   RO          705    .text               c_w.l(_printf_intcommon.o)
    0x080093dc   0x080093dc   0x0000002c   Code   RO          707    .text               c_w.l(_printf_char.o)
    0x08009408   0x08009408   0x00000024   Code   RO          709    .text               c_w.l(_printf_char_file.o)
    0x0800942c   0x0800942c   0x00000008   Code   RO          743    .text               c_w.l(rt_errno_addr_intlibspace.o)
    0x08009434   0x08009434   0x00000030   Code   RO          745    .text               c_w.l(_printf_char_common.o)
    0x08009464   0x08009464   0x00000008   Code   RO          747    .text               c_w.l(ferror.o)
    0x0800946c   0x0800946c   0x00000008   Code   RO          751    .text               c_w.l(libspace.o)
    0x08009474   0x08009474   0x0000004a   Code   RO          754    .text               c_w.l(sys_stackheap_outer.o)
    0x080094be   0x080094be   0x00000012   Code   RO          758    .text               c_w.l(exit.o)
    0x080094d0   0x080094d0   0x0000004c   Code   RO          693    i.sqrt              m_ws.l(sqrt.o)
    0x0800951c   0x0800951c   0x00000150   Code   RO          642    x$fpl$dadd          fz_ws.l(daddsub_clz.o)
    0x0800966c   0x0800966c   0x00000018   Code   RO          712    x$fpl$dcmpinf       fz_ws.l(dcmpi.o)
    0x08009684   0x08009684   0x0000005a   Code   RO          648    x$fpl$dfixu         fz_ws.l(dfixu.o)
    0x080096de   0x080096de   0x0000002e   Code   RO          653    x$fpl$dflt          fz_ws.l(dflt_clz.o)
    0x0800970c   0x0800970c   0x00000026   Code   RO          652    x$fpl$dfltu         fz_ws.l(dflt_clz.o)
    0x08009732   0x08009732   0x00000002   PAD
    0x08009734   0x08009734   0x00000078   Code   RO          658    x$fpl$dleqf         fz_ws.l(dleqf.o)
    0x080097ac   0x080097ac   0x00000154   Code   RO          660    x$fpl$dmul          fz_ws.l(dmul.o)
    0x08009900   0x08009900   0x0000009c   Code   RO          714    x$fpl$dnaninf       fz_ws.l(dnaninf.o)
    0x0800999c   0x0800999c   0x0000000c   Code   RO          716    x$fpl$dretinf       fz_ws.l(dretinf.o)
    0x080099a8   0x080099a8   0x0000006c   Code   RO          662    x$fpl$drleqf        fz_ws.l(drleqf.o)
    0x08009a14   0x08009a14   0x00000016   Code   RO          643    x$fpl$drsb          fz_ws.l(daddsub_clz.o)
    0x08009a2a   0x08009a2a   0x00000002   PAD
    0x08009a2c   0x08009a2c   0x000001cc   Code   RO          718    x$fpl$dsqrt         fz_ws.l(dsqrt_noumaal.o)
    0x08009bf8   0x08009bf8   0x000001d4   Code   RO          644    x$fpl$dsub          fz_ws.l(daddsub_clz.o)
    0x08009dcc   0x08009dcc   0x00000056   Code   RO          664    x$fpl$f2d           fz_ws.l(f2d.o)
    0x08009e22   0x08009e22   0x00000002   PAD
    0x08009e24   0x08009e24   0x000000c4   Code   RO          666    x$fpl$fadd          fz_ws.l(faddsub_clz.o)
    0x08009ee8   0x08009ee8   0x00000184   Code   RO          673    x$fpl$fdiv          fz_ws.l(fdiv.o)
    0x0800a06c   0x0800a06c   0x00000036   Code   RO          676    x$fpl$ffix          fz_ws.l(ffix.o)
    0x0800a0a2   0x0800a0a2   0x00000002   PAD
    0x0800a0a4   0x0800a0a4   0x0000003e   Code   RO          680    x$fpl$ffixu         fz_ws.l(ffixu.o)
    0x0800a0e2   0x0800a0e2   0x00000002   PAD
    0x0800a0e4   0x0800a0e4   0x00000030   Code   RO          685    x$fpl$fflt          fz_ws.l(fflt_clz.o)
    0x0800a114   0x0800a114   0x00000026   Code   RO          684    x$fpl$ffltu         fz_ws.l(fflt_clz.o)
    0x0800a13a   0x0800a13a   0x00000002   PAD
    0x0800a13c   0x0800a13c   0x00000102   Code   RO          690    x$fpl$fmul          fz_ws.l(fmul.o)
    0x0800a23e   0x0800a23e   0x0000008c   Code   RO          720    x$fpl$fnaninf       fz_ws.l(fnaninf.o)
    0x0800a2ca   0x0800a2ca   0x0000000a   Code   RO          722    x$fpl$fretinf       fz_ws.l(fretinf.o)
    0x0800a2d4   0x0800a2d4   0x000000ea   Code   RO          668    x$fpl$fsub          fz_ws.l(faddsub_clz.o)
    0x0800a3be   0x0800a3be   0x00000000   Code   RO          724    x$fpl$usenofp       fz_ws.l(usenofp.o)
    0x0800a3be   0x0800a3be   0x0000000a   Data   RO            2    .constdata          main.o
    0x0800a3c8   0x0800a3c8   0x000017c0   Data   RO          246    .constdata          lcd.o
    0x0800bb88   0x0800bb88   0x00000004   Data   RO          330    .constdata          touch.o
    0x0800bb8c   0x0800bb8c   0x0000000a   Data   RO          366    .constdata          ott2001a.o
    0x0800bb96   0x0800bb96   0x0000000a   Data   RO          382    .constdata          ft5206.o
    0x0800bba0   0x0800bba0   0x000000c2   Data   RO          401    .constdata          gt9147.o
    0x0800bc62   0x0800bc62   0x0000000a   Data   RO          417    .constdata          gt911.o
    0x0800bc6c   0x0800bc6c   0x00000028   Data   RO          595    .constdata          c_w.l(_printf_hex_int.o)
    0x0800bc94   0x0800bc94   0x00000079   Data   RO          331    .conststring        touch.o
    0x0800bd0d   0x0800bd0d   0x00000003   PAD
    0x0800bd10   0x0800bd10   0x00000020   Data   RO          886    Region$$Table       anon$$obj.o


    Execution Region RW_IRAM1 (Exec base: 0x20000000, Load base: 0x0800bd30, Size: 0x000007b0, Max: 0x00010000, ABSOLUTE)

    Exec Addr    Load Addr    Size         Type   Attr      Idx    E Section Name        Object

    0x20000000   0x0800bd30   0x00000014   Data   RW          202    .data               system_stm32f10x.o
    0x20000014   0x0800bd44   0x00000001   Data   RW          232    .data               key.o
    0x20000015   0x0800bd45   0x00000001   PAD
    0x20000016   0x0800bd46   0x00000004   Data   RW          247    .data               lcd.o
    0x2000001a   0x0800bd4a   0x00000002   PAD
    0x2000001c   0x0800bd4c   0x00000036   Data   RW          332    .data               touch.o
    0x20000052   0x0800bd82   0x00000001   Data   RW          367    .data               ott2001a.o
    0x20000053   0x0800bd83   0x00000001   Data   RW          383    .data               ft5206.o
    0x20000054   0x0800bd84   0x00000001   Data   RW          402    .data               gt9147.o
    0x20000055   0x0800bd85   0x00000001   Data   RW          418    .data               gt911.o
    0x20000056   0x0800bd86   0x00000004   Data   RW          433    .data               delay.o
    0x2000005a   0x0800bd8a   0x00000002   PAD
    0x2000005c   0x0800bd8c   0x00000006   Data   RW          465    .data               usart.o
    0x20000062   0x0800bd92   0x00000014   Data   RW          540    .data               stm32f10x_rcc.o
    0x20000076   0x0800bda6   0x00000002   PAD
    0x20000078        -       0x0000000e   Zero   RW          245    .bss                lcd.o
    0x20000086        -       0x000000c8   Zero   RW          464    .bss                usart.o
    0x2000014e   0x0800bda6   0x00000002   PAD
    0x20000150        -       0x00000060   Zero   RW          752    .bss                c_w.l(libspace.o)
    0x200001b0        -       0x00000200   Zero   RW          497    HEAP                startup_stm32f10x_hd.o
    0x200003b0        -       0x00000400   Zero   RW          496    STACK               startup_stm32f10x_hd.o


==============================================================================

Image component sizes


      Code (inc. data)   RO Data    RW Data    ZI Data      Debug   Object Name

       378          0          0          0          0       2998   24cxx.o
       644         24          0          0          0       2149   ctiic.o
       212         18          0          4          0       1239   delay.o
       824         38         10          1          0       2835   ft5206.o
      1044         30         10          1          0       3741   gt911.o
      1112         74        194          1          0       3366   gt9147.o
       252         12          0          1          0        940   key.o
     19858        156       6080          4         14      23266   lcd.o
        52          6          0          0          0        583   led.o
      1164         76         10          0          0     245197   main.o
       220         22          0          0          0       1997   misc.o
       620         14          0          0          0       1984   myiic.o
       876         56         10          1          0       3007   ott2001a.o
        64         26        304          0       1536        864   startup_stm32f10x_hd.o
      1548         18          0          0          0       5575   stm32f10x_fsmc.o
       860         38          0          0          0       5929   stm32f10x_gpio.o
        26          0          0          0          0       1278   stm32f10x_it.o
       932         36          0         20          0       9208   stm32f10x_rcc.o
      1032         22          0          0          0       8656   stm32f10x_usart.o
         0          0          0          0          0         32   sys.o
       480         38          0         20          0       2031   system_stm32f10x.o
      4088        228        125         54          0       7285   touch.o
       320         16          0          6        200       3470   usart.o

    ----------------------------------------------------------------------
     36612        948       6778        120       1752     337630   Object Totals
         0          0         32          0          0          0   (incl. Generated)
         6          0          3          7          2          0   (incl. Padding)

    ----------------------------------------------------------------------

      Code (inc. data)   RO Data    RW Data    ZI Data      Debug   Library Member Name

         8          0          0          0          0         68   __main.o
       104          0          0          0          0         84   __printf.o
         0          0          0          0          0          0   __rtentry.o
        12          0          0          0          0          0   __rtentry2.o
         6          0          0          0          0          0   __rtentry4.o
        52          8          0          0          0          0   __scatter.o
        26          0          0          0          0          0   __scatter_copy.o
        28          0          0          0          0          0   __scatter_zi.o
        44          0          0          0          0        108   _printf_char.o
        48          6          0          0          0         96   _printf_char_common.o
        36          4          0          0          0         80   _printf_char_file.o
         6          0          0          0          0          0   _printf_d.o
       120         16          0          0          0         92   _printf_dec.o
        88          4         40          0          0         88   _printf_hex_int.o
       178          0          0          0          0         88   _printf_intcommon.o
         0          0          0          0          0          0   _printf_percent.o
         4          0          0          0          0          0   _printf_percent_end.o
         6          0          0          0          0          0   _printf_s.o
        82          0          0          0          0         80   _printf_str.o
         6          0          0          0          0          0   _printf_x.o
        22          0          0          0          0        100   _rserrno.o
        18          0          0          0          0         80   exit.o
         8          0          0          0          0         68   ferror.o
         6          0          0          0          0        152   heapauxi.o
         2          0          0          0          0          0   libinit.o
         2          0          0          0          0          0   libinit2.o
         2          0          0          0          0          0   libshutdown.o
         2          0          0          0          0          0   libshutdown2.o
         8          4          0          0         96         68   libspace.o
        24          4          0          0          0         84   noretval__2printf.o
         8          4          0          0          0         68   rt_errno_addr_intlibspace.o
         2          0          0          0          0          0   rtexit.o
        10          0          0          0          0          0   rtexit2.o
       128          0          0          0          0         68   strcmpv7m.o
        74          0          0          0          0         80   sys_stackheap_outer.o
         2          0          0          0          0         68   use_no_semi.o
         2          0          0          0          0         68   use_no_semi_2.o
       826         16          0          0          0        348   daddsub_clz.o
        24          0          0          0          0         68   dcmpi.o
        90          4          0          0          0         92   dfixu.o
        84          0          0          0          0        136   dflt_clz.o
       120          4          0          0          0         92   dleqf.o
       340         12          0          0          0        104   dmul.o
       156          4          0          0          0         92   dnaninf.o
        12          0          0          0          0         68   dretinf.o
       108          0          0          0          0         80   drleqf.o
       460         56          0          0          0        120   dsqrt_noumaal.o
        86          4          0          0          0         84   f2d.o
       430          8          0          0          0        168   faddsub_clz.o
       388         76          0          0          0         96   fdiv.o
        54          4          0          0          0         84   ffix.o
        62          4          0          0          0         84   ffixu.o
        86          0          0          0          0        136   fflt_clz.o
       258          4          0          0          0         84   fmul.o
       140          4          0          0          0         84   fnaninf.o
        10          0          0          0          0         68   fretinf.o
         0          0          0          0          0          0   usenofp.o
        76          0          0          0          0         84   sqrt.o

    ----------------------------------------------------------------------
      5002        250         40          0         96       3860   Library Totals
        18          0          0          0          0          0   (incl. Padding)

    ----------------------------------------------------------------------

      Code (inc. data)   RO Data    RW Data    ZI Data      Debug   Library Name

      1174         50         40          0         96       1688   c_w.l
      3734        200          0          0          0       2088   fz_ws.l
        76          0          0          0          0         84   m_ws.l

    ----------------------------------------------------------------------
      5002        250         40          0         96       3860   Library Totals

    ----------------------------------------------------------------------

==============================================================================


      Code (inc. data)   RO Data    RW Data    ZI Data      Debug   

     41614       1198       6818        120       1848     337794   Grand Totals
     41614       1198       6818        120       1848     337794   ELF Image Totals
     41614       1198       6818        120          0          0   ROM Totals

==============================================================================

    Total RO  Size (Code + RO Data)                48432 (  47.30kB)
    Total RW  Size (RW Data + ZI Data)              1968 (   1.92kB)
    Total ROM Size (Code + RO Data + RW Data)      48552 (  47.41kB)

==============================================================================

